scheduler.c:64:6:OS_GET_Cureent_psp	4	static,ignoring_inline_asm
scheduler.c:77:6:OS_set_psp	4	static,ignoring_inline_asm
scheduler.c:92:27:PendSV_Handler	0	static,ignoring_inline_asm
scheduler.c:170:6:OS_serves	24	static
scheduler.c:209:6:OS_Decide_What_Next	8	static
scheduler.c:252:6:OS_SVC_set	16	static,ignoring_inline_asm
scheduler.c:283:18:OS_create_main_stack	4	static
scheduler.c:303:18:OS_Create_task_fram	24	static
scheduler.c:351:6:idel_task	4	static,ignoring_inline_asm
scheduler.c:368:6:OS_updata_scheduler_table	24	static
scheduler.c:429:7:OS_Bubble_sort_scheduler_table	24	static
scheduler.c:455:6:OS_Update_Task_watting_time	16	static
scheduler.c:488:18:MY_RTOS_init	16	static
scheduler.c:524:18:MY_RTOS_Create_task	24	static
scheduler.c:560:18:MY_RTOS_Activat_task	24	static
scheduler.c:580:18:MY_RTOS_Terminate_task	24	static
scheduler.c:598:18:MY_RTOS_Start	16	static,ignoring_inline_asm
scheduler.c:627:18:MY_RTOS_watting	24	static
scheduler.c:647:18:MY_RTOS_Acquire_mutex	24	static
scheduler.c:686:18:MY_RTOS_Release_mutex	24	static
