stm32f103c6_ EXTI_drivers.c:19:6:enable_NVIC	16	static
stm32f103c6_ EXTI_drivers.c:62:6:disable_NVIC	16	static
stm32f103c6_ EXTI_drivers.c:109:6:EXTI_UPDATE	24	static
stm32f103c6_ EXTI_drivers.c:170:6:MCAL_EXTI_GPIO_INIT	16	static
stm32f103c6_ EXTI_drivers.c:186:6:MCAL_EXTI_GPIO_DEINIT	4	static
stm32f103c6_ EXTI_drivers.c:217:6:MCAL_EXTI_GPIO_UPDATE	16	static
stm32f103c6_ EXTI_drivers.c:228:6:EXTI0_IRQHandler	8	static
stm32f103c6_ EXTI_drivers.c:234:6:EXTI1_IRQHandler	8	static
stm32f103c6_ EXTI_drivers.c:240:7:EXTI2_IRQHandler	8	static
stm32f103c6_ EXTI_drivers.c:246:6:EXTI3_IRQHandler	8	static
stm32f103c6_ EXTI_drivers.c:252:6:EXTI4_IRQHandler	8	static
stm32f103c6_ EXTI_drivers.c:259:6:EXTI9_5_IRQHandler	8	static
stm32f103c6_ EXTI_drivers.c:267:6:EXTI15_10_IRQHandler	8	static
