stm32f103c6_ USART_drivers.c:27:6:MCAL_USART_Init	24	static
stm32f103c6_ USART_drivers.c:97:6:MCAL_USART_DEInit	16	static
stm32f103c6_ USART_drivers.c:122:6:MCAL_USART_Send_Data	32	static
stm32f103c6_ USART_drivers.c:163:6:MCAL_Wait_TC	16	static
stm32f103c6_ USART_drivers.c:184:6:MCAL_USART_Rescieve_Data	32	static
stm32f103c6_ USART_drivers.c:234:6:MCAL_GPIO_USART_Set_pins	24	static
stm32f103c6_ USART_drivers.c:356:6:USART1_IRQHandler	8	static
stm32f103c6_ USART_drivers.c:362:6:USART2_IRQHandler	8	static
stm32f103c6_ USART_drivers.c:368:6:USART3_IRQHandler	8	static
