Archive member included to satisfy reference by file (symbol)

d:/program files/st/stm32cubeide_1.7.0/stm32cubeide/plugins/com.st.stm32cube.ide.mcu.externaltools.gnu-tools-for-stm32.9-2020-q2-update.win32_2.0.0.202105311346/tools/bin/../lib/gcc/arm-none-eabi/9.3.1/../../../../arm-none-eabi/lib/thumb/v7-m/nofp\libc_nano.a(lib_a-errno.o)
                              ./Src/syscalls.o (__errno)
d:/program files/st/stm32cubeide_1.7.0/stm32cubeide/plugins/com.st.stm32cube.ide.mcu.externaltools.gnu-tools-for-stm32.9-2020-q2-update.win32_2.0.0.202105311346/tools/bin/../lib/gcc/arm-none-eabi/9.3.1/../../../../arm-none-eabi/lib/thumb/v7-m/nofp\libc_nano.a(lib_a-exit.o)
                              d:/program files/st/stm32cubeide_1.7.0/stm32cubeide/plugins/com.st.stm32cube.ide.mcu.externaltools.gnu-tools-for-stm32.9-2020-q2-update.win32_2.0.0.202105311346/tools/bin/../lib/gcc/arm-none-eabi/9.3.1/../../../../arm-none-eabi/lib/thumb/v7-m/nofp/crt0.o (exit)
d:/program files/st/stm32cubeide_1.7.0/stm32cubeide/plugins/com.st.stm32cube.ide.mcu.externaltools.gnu-tools-for-stm32.9-2020-q2-update.win32_2.0.0.202105311346/tools/bin/../lib/gcc/arm-none-eabi/9.3.1/../../../../arm-none-eabi/lib/thumb/v7-m/nofp\libc_nano.a(lib_a-impure.o)
                              d:/program files/st/stm32cubeide_1.7.0/stm32cubeide/plugins/com.st.stm32cube.ide.mcu.externaltools.gnu-tools-for-stm32.9-2020-q2-update.win32_2.0.0.202105311346/tools/bin/../lib/gcc/arm-none-eabi/9.3.1/../../../../arm-none-eabi/lib/thumb/v7-m/nofp\libc_nano.a(lib_a-exit.o) (_global_impure_ptr)
d:/program files/st/stm32cubeide_1.7.0/stm32cubeide/plugins/com.st.stm32cube.ide.mcu.externaltools.gnu-tools-for-stm32.9-2020-q2-update.win32_2.0.0.202105311346/tools/bin/../lib/gcc/arm-none-eabi/9.3.1/../../../../arm-none-eabi/lib/thumb/v7-m/nofp\libc_nano.a(lib_a-init.o)
                              d:/program files/st/stm32cubeide_1.7.0/stm32cubeide/plugins/com.st.stm32cube.ide.mcu.externaltools.gnu-tools-for-stm32.9-2020-q2-update.win32_2.0.0.202105311346/tools/bin/../lib/gcc/arm-none-eabi/9.3.1/../../../../arm-none-eabi/lib/thumb/v7-m/nofp/crt0.o (__libc_init_array)
d:/program files/st/stm32cubeide_1.7.0/stm32cubeide/plugins/com.st.stm32cube.ide.mcu.externaltools.gnu-tools-for-stm32.9-2020-q2-update.win32_2.0.0.202105311346/tools/bin/../lib/gcc/arm-none-eabi/9.3.1/../../../../arm-none-eabi/lib/thumb/v7-m/nofp\libc_nano.a(lib_a-memset.o)
                              d:/program files/st/stm32cubeide_1.7.0/stm32cubeide/plugins/com.st.stm32cube.ide.mcu.externaltools.gnu-tools-for-stm32.9-2020-q2-update.win32_2.0.0.202105311346/tools/bin/../lib/gcc/arm-none-eabi/9.3.1/../../../../arm-none-eabi/lib/thumb/v7-m/nofp/crt0.o (memset)

Discarded input sections

 .text          0x0000000000000000        0x0 d:/program files/st/stm32cubeide_1.7.0/stm32cubeide/plugins/com.st.stm32cube.ide.mcu.externaltools.gnu-tools-for-stm32.9-2020-q2-update.win32_2.0.0.202105311346/tools/bin/../lib/gcc/arm-none-eabi/9.3.1/thumb/v7-m/nofp/crti.o
 .data          0x0000000000000000        0x0 d:/program files/st/stm32cubeide_1.7.0/stm32cubeide/plugins/com.st.stm32cube.ide.mcu.externaltools.gnu-tools-for-stm32.9-2020-q2-update.win32_2.0.0.202105311346/tools/bin/../lib/gcc/arm-none-eabi/9.3.1/thumb/v7-m/nofp/crti.o
 .bss           0x0000000000000000        0x0 d:/program files/st/stm32cubeide_1.7.0/stm32cubeide/plugins/com.st.stm32cube.ide.mcu.externaltools.gnu-tools-for-stm32.9-2020-q2-update.win32_2.0.0.202105311346/tools/bin/../lib/gcc/arm-none-eabi/9.3.1/thumb/v7-m/nofp/crti.o
 .data          0x0000000000000000        0x4 d:/program files/st/stm32cubeide_1.7.0/stm32cubeide/plugins/com.st.stm32cube.ide.mcu.externaltools.gnu-tools-for-stm32.9-2020-q2-update.win32_2.0.0.202105311346/tools/bin/../lib/gcc/arm-none-eabi/9.3.1/thumb/v7-m/nofp/crtbegin.o
 .text          0x0000000000000000       0x7c d:/program files/st/stm32cubeide_1.7.0/stm32cubeide/plugins/com.st.stm32cube.ide.mcu.externaltools.gnu-tools-for-stm32.9-2020-q2-update.win32_2.0.0.202105311346/tools/bin/../lib/gcc/arm-none-eabi/9.3.1/../../../../arm-none-eabi/lib/thumb/v7-m/nofp/crt0.o
 .data          0x0000000000000000        0x0 d:/program files/st/stm32cubeide_1.7.0/stm32cubeide/plugins/com.st.stm32cube.ide.mcu.externaltools.gnu-tools-for-stm32.9-2020-q2-update.win32_2.0.0.202105311346/tools/bin/../lib/gcc/arm-none-eabi/9.3.1/../../../../arm-none-eabi/lib/thumb/v7-m/nofp/crt0.o
 .bss           0x0000000000000000        0x0 d:/program files/st/stm32cubeide_1.7.0/stm32cubeide/plugins/com.st.stm32cube.ide.mcu.externaltools.gnu-tools-for-stm32.9-2020-q2-update.win32_2.0.0.202105311346/tools/bin/../lib/gcc/arm-none-eabi/9.3.1/../../../../arm-none-eabi/lib/thumb/v7-m/nofp/crt0.o
 .ARM.extab     0x0000000000000000        0x0 d:/program files/st/stm32cubeide_1.7.0/stm32cubeide/plugins/com.st.stm32cube.ide.mcu.externaltools.gnu-tools-for-stm32.9-2020-q2-update.win32_2.0.0.202105311346/tools/bin/../lib/gcc/arm-none-eabi/9.3.1/../../../../arm-none-eabi/lib/thumb/v7-m/nofp/crt0.o
 .ARM.exidx     0x0000000000000000       0x10 d:/program files/st/stm32cubeide_1.7.0/stm32cubeide/plugins/com.st.stm32cube.ide.mcu.externaltools.gnu-tools-for-stm32.9-2020-q2-update.win32_2.0.0.202105311346/tools/bin/../lib/gcc/arm-none-eabi/9.3.1/../../../../arm-none-eabi/lib/thumb/v7-m/nofp/crt0.o
 .ARM.attributes
                0x0000000000000000       0x1b d:/program files/st/stm32cubeide_1.7.0/stm32cubeide/plugins/com.st.stm32cube.ide.mcu.externaltools.gnu-tools-for-stm32.9-2020-q2-update.win32_2.0.0.202105311346/tools/bin/../lib/gcc/arm-none-eabi/9.3.1/../../../../arm-none-eabi/lib/thumb/v7-m/nofp/crt0.o
 .group         0x0000000000000000        0xc ./Src/main.o
 .group         0x0000000000000000        0xc ./Src/main.o
 .group         0x0000000000000000        0xc ./Src/main.o
 .group         0x0000000000000000        0xc ./Src/main.o
 .group         0x0000000000000000        0xc ./Src/main.o
 .group         0x0000000000000000        0xc ./Src/main.o
 .group         0x0000000000000000        0xc ./Src/main.o
 .group         0x0000000000000000        0xc ./Src/main.o
 .group         0x0000000000000000        0xc ./Src/main.o
 .group         0x0000000000000000        0xc ./Src/main.o
 .group         0x0000000000000000        0xc ./Src/main.o
 .group         0x0000000000000000        0xc ./Src/main.o
 .group         0x0000000000000000        0xc ./Src/main.o
 .group         0x0000000000000000        0xc ./Src/main.o
 .group         0x0000000000000000        0xc ./Src/main.o
 .group         0x0000000000000000        0xc ./Src/main.o
 .group         0x0000000000000000        0xc ./Src/main.o
 .group         0x0000000000000000        0xc ./Src/main.o
 .group         0x0000000000000000        0xc ./Src/main.o
 .group         0x0000000000000000        0xc ./Src/main.o
 .group         0x0000000000000000        0xc ./Src/main.o
 .group         0x0000000000000000        0xc ./Src/main.o
 .group         0x0000000000000000        0xc ./Src/main.o
 .group         0x0000000000000000        0xc ./Src/main.o
 .group         0x0000000000000000        0xc ./Src/main.o
 .group         0x0000000000000000        0xc ./Src/main.o
 .group         0x0000000000000000        0xc ./Src/main.o
 .group         0x0000000000000000        0xc ./Src/main.o
 .group         0x0000000000000000        0xc ./Src/main.o
 .group         0x0000000000000000        0xc ./Src/main.o
 .text          0x0000000000000000        0x0 ./Src/main.o
 .data          0x0000000000000000        0x0 ./Src/main.o
 .bss           0x0000000000000000        0x0 ./Src/main.o
 .group         0x0000000000000000        0xc ./Src/syscalls.o
 .group         0x0000000000000000        0xc ./Src/syscalls.o
 .group         0x0000000000000000        0xc ./Src/syscalls.o
 .group         0x0000000000000000        0xc ./Src/syscalls.o
 .group         0x0000000000000000        0xc ./Src/syscalls.o
 .group         0x0000000000000000        0xc ./Src/syscalls.o
 .group         0x0000000000000000        0xc ./Src/syscalls.o
 .group         0x0000000000000000        0xc ./Src/syscalls.o
 .group         0x0000000000000000        0xc ./Src/syscalls.o
 .group         0x0000000000000000        0xc ./Src/syscalls.o
 .group         0x0000000000000000        0xc ./Src/syscalls.o
 .group         0x0000000000000000        0xc ./Src/syscalls.o
 .group         0x0000000000000000        0xc ./Src/syscalls.o
 .group         0x0000000000000000        0xc ./Src/syscalls.o
 .group         0x0000000000000000        0xc ./Src/syscalls.o
 .group         0x0000000000000000        0xc ./Src/syscalls.o
 .group         0x0000000000000000        0xc ./Src/syscalls.o
 .group         0x0000000000000000        0xc ./Src/syscalls.o
 .group         0x0000000000000000        0xc ./Src/syscalls.o
 .group         0x0000000000000000        0xc ./Src/syscalls.o
 .group         0x0000000000000000        0xc ./Src/syscalls.o
 .group         0x0000000000000000        0xc ./Src/syscalls.o
 .group         0x0000000000000000        0xc ./Src/syscalls.o
 .group         0x0000000000000000        0xc ./Src/syscalls.o
 .group         0x0000000000000000        0xc ./Src/syscalls.o
 .group         0x0000000000000000        0xc ./Src/syscalls.o
 .group         0x0000000000000000        0xc ./Src/syscalls.o
 .group         0x0000000000000000        0xc ./Src/syscalls.o
 .group         0x0000000000000000        0xc ./Src/syscalls.o
 .group         0x0000000000000000        0xc ./Src/syscalls.o
 .group         0x0000000000000000        0xc ./Src/syscalls.o
 .group         0x0000000000000000        0xc ./Src/syscalls.o
 .group         0x0000000000000000        0xc ./Src/syscalls.o
 .group         0x0000000000000000        0xc ./Src/syscalls.o
 .group         0x0000000000000000        0xc ./Src/syscalls.o
 .group         0x0000000000000000        0xc ./Src/syscalls.o
 .group         0x0000000000000000        0xc ./Src/syscalls.o
 .group         0x0000000000000000        0xc ./Src/syscalls.o
 .group         0x0000000000000000        0xc ./Src/syscalls.o
 .group         0x0000000000000000        0xc ./Src/syscalls.o
 .group         0x0000000000000000        0xc ./Src/syscalls.o
 .group         0x0000000000000000        0xc ./Src/syscalls.o
 .group         0x0000000000000000        0xc ./Src/syscalls.o
 .group         0x0000000000000000        0xc ./Src/syscalls.o
 .group         0x0000000000000000        0xc ./Src/syscalls.o
 .group         0x0000000000000000        0xc ./Src/syscalls.o
 .group         0x0000000000000000        0xc ./Src/syscalls.o
 .text          0x0000000000000000        0x0 ./Src/syscalls.o
 .data          0x0000000000000000        0x0 ./Src/syscalls.o
 .bss           0x0000000000000000        0x0 ./Src/syscalls.o
 .bss.__env     0x0000000000000000        0x4 ./Src/syscalls.o
 .data.environ  0x0000000000000000        0x4 ./Src/syscalls.o
 .text.initialise_monitor_handles
                0x0000000000000000        0xc ./Src/syscalls.o
 .text._getpid  0x0000000000000000        0xe ./Src/syscalls.o
 .text._kill    0x0000000000000000       0x20 ./Src/syscalls.o
 .text._exit    0x0000000000000000       0x14 ./Src/syscalls.o
 .text._read    0x0000000000000000       0x3a ./Src/syscalls.o
 .text._write   0x0000000000000000       0x38 ./Src/syscalls.o
 .text._close   0x0000000000000000       0x16 ./Src/syscalls.o
 .text._fstat   0x0000000000000000       0x1e ./Src/syscalls.o
 .text._isatty  0x0000000000000000       0x14 ./Src/syscalls.o
 .text._lseek   0x0000000000000000       0x18 ./Src/syscalls.o
 .text._open    0x0000000000000000       0x1a ./Src/syscalls.o
 .text._wait    0x0000000000000000       0x1e ./Src/syscalls.o
 .text._unlink  0x0000000000000000       0x1e ./Src/syscalls.o
 .text._times   0x0000000000000000       0x16 ./Src/syscalls.o
 .text._stat    0x0000000000000000       0x1e ./Src/syscalls.o
 .text._link    0x0000000000000000       0x20 ./Src/syscalls.o
 .text._fork    0x0000000000000000       0x16 ./Src/syscalls.o
 .text._execve  0x0000000000000000       0x22 ./Src/syscalls.o
 .debug_info    0x0000000000000000     0x1121 ./Src/syscalls.o
 .debug_abbrev  0x0000000000000000      0x277 ./Src/syscalls.o
 .debug_loc     0x0000000000000000      0x5b8 ./Src/syscalls.o
 .debug_aranges
                0x0000000000000000       0xa8 ./Src/syscalls.o
 .debug_ranges  0x0000000000000000       0x98 ./Src/syscalls.o
 .debug_macro   0x0000000000000000      0x24c ./Src/syscalls.o
 .debug_macro   0x0000000000000000      0xaa2 ./Src/syscalls.o
 .debug_macro   0x0000000000000000       0x22 ./Src/syscalls.o
 .debug_macro   0x0000000000000000       0x4c ./Src/syscalls.o
 .debug_macro   0x0000000000000000       0x18 ./Src/syscalls.o
 .debug_macro   0x0000000000000000       0x94 ./Src/syscalls.o
 .debug_macro   0x0000000000000000       0x3c ./Src/syscalls.o
 .debug_macro   0x0000000000000000       0x34 ./Src/syscalls.o
 .debug_macro   0x0000000000000000       0x57 ./Src/syscalls.o
 .debug_macro   0x0000000000000000      0x174 ./Src/syscalls.o
 .debug_macro   0x0000000000000000      0x339 ./Src/syscalls.o
 .debug_macro   0x0000000000000000       0x16 ./Src/syscalls.o
 .debug_macro   0x0000000000000000       0x43 ./Src/syscalls.o
 .debug_macro   0x0000000000000000       0x34 ./Src/syscalls.o
 .debug_macro   0x0000000000000000       0x10 ./Src/syscalls.o
 .debug_macro   0x0000000000000000       0x58 ./Src/syscalls.o
 .debug_macro   0x0000000000000000       0x71 ./Src/syscalls.o
 .debug_macro   0x0000000000000000       0x1c ./Src/syscalls.o
 .debug_macro   0x0000000000000000      0x12a ./Src/syscalls.o
 .debug_macro   0x0000000000000000       0x10 ./Src/syscalls.o
 .debug_macro   0x0000000000000000       0x35 ./Src/syscalls.o
 .debug_macro   0x0000000000000000       0x10 ./Src/syscalls.o
 .debug_macro   0x0000000000000000       0x10 ./Src/syscalls.o
 .debug_macro   0x0000000000000000       0x10 ./Src/syscalls.o
 .debug_macro   0x0000000000000000       0x6a ./Src/syscalls.o
 .debug_macro   0x0000000000000000       0x1c ./Src/syscalls.o
 .debug_macro   0x0000000000000000       0x52 ./Src/syscalls.o
 .debug_macro   0x0000000000000000       0x22 ./Src/syscalls.o
 .debug_macro   0x0000000000000000       0x10 ./Src/syscalls.o
 .debug_macro   0x0000000000000000       0x40 ./Src/syscalls.o
 .debug_macro   0x0000000000000000       0xd5 ./Src/syscalls.o
 .debug_macro   0x0000000000000000       0x1c ./Src/syscalls.o
 .debug_macro   0x0000000000000000       0x3d ./Src/syscalls.o
 .debug_macro   0x0000000000000000       0x35 ./Src/syscalls.o
 .debug_macro   0x0000000000000000      0x12c ./Src/syscalls.o
 .debug_macro   0x0000000000000000       0x16 ./Src/syscalls.o
 .debug_macro   0x0000000000000000       0x16 ./Src/syscalls.o
 .debug_macro   0x0000000000000000       0x29 ./Src/syscalls.o
 .debug_macro   0x0000000000000000       0x10 ./Src/syscalls.o
 .debug_macro   0x0000000000000000      0x241 ./Src/syscalls.o
 .debug_macro   0x0000000000000000       0x1c ./Src/syscalls.o
 .debug_macro   0x0000000000000000       0x10 ./Src/syscalls.o
 .debug_macro   0x0000000000000000       0x10 ./Src/syscalls.o
 .debug_macro   0x0000000000000000       0x16 ./Src/syscalls.o
 .debug_macro   0x0000000000000000      0x145 ./Src/syscalls.o
 .debug_macro   0x0000000000000000      0x189 ./Src/syscalls.o
 .debug_macro   0x0000000000000000       0x16 ./Src/syscalls.o
 .debug_macro   0x0000000000000000       0xce ./Src/syscalls.o
 .debug_line    0x0000000000000000      0x937 ./Src/syscalls.o
 .debug_str     0x0000000000000000     0x8e8d ./Src/syscalls.o
 .comment       0x0000000000000000       0x54 ./Src/syscalls.o
 .debug_frame   0x0000000000000000      0x2ac ./Src/syscalls.o
 .ARM.attributes
                0x0000000000000000       0x2d ./Src/syscalls.o
 .group         0x0000000000000000        0xc ./Src/sysmem.o
 .group         0x0000000000000000        0xc ./Src/sysmem.o
 .group         0x0000000000000000        0xc ./Src/sysmem.o
 .group         0x0000000000000000        0xc ./Src/sysmem.o
 .group         0x0000000000000000        0xc ./Src/sysmem.o
 .group         0x0000000000000000        0xc ./Src/sysmem.o
 .group         0x0000000000000000        0xc ./Src/sysmem.o
 .group         0x0000000000000000        0xc ./Src/sysmem.o
 .group         0x0000000000000000        0xc ./Src/sysmem.o
 .group         0x0000000000000000        0xc ./Src/sysmem.o
 .group         0x0000000000000000        0xc ./Src/sysmem.o
 .group         0x0000000000000000        0xc ./Src/sysmem.o
 .group         0x0000000000000000        0xc ./Src/sysmem.o
 .group         0x0000000000000000        0xc ./Src/sysmem.o
 .group         0x0000000000000000        0xc ./Src/sysmem.o
 .group         0x0000000000000000        0xc ./Src/sysmem.o
 .group         0x0000000000000000        0xc ./Src/sysmem.o
 .group         0x0000000000000000        0xc ./Src/sysmem.o
 .group         0x0000000000000000        0xc ./Src/sysmem.o
 .group         0x0000000000000000        0xc ./Src/sysmem.o
 .group         0x0000000000000000        0xc ./Src/sysmem.o
 .group         0x0000000000000000        0xc ./Src/sysmem.o
 .text          0x0000000000000000        0x0 ./Src/sysmem.o
 .data          0x0000000000000000        0x0 ./Src/sysmem.o
 .bss           0x0000000000000000        0x0 ./Src/sysmem.o
 .bss.__sbrk_heap_end
                0x0000000000000000        0x4 ./Src/sysmem.o
 .text._sbrk    0x0000000000000000       0x6c ./Src/sysmem.o
 .debug_info    0x0000000000000000      0xb1d ./Src/sysmem.o
 .debug_abbrev  0x0000000000000000      0x1b0 ./Src/sysmem.o
 .debug_loc     0x0000000000000000       0x50 ./Src/sysmem.o
 .debug_aranges
                0x0000000000000000       0x20 ./Src/sysmem.o
 .debug_ranges  0x0000000000000000       0x10 ./Src/sysmem.o
 .debug_macro   0x0000000000000000       0xff ./Src/sysmem.o
 .debug_macro   0x0000000000000000      0xaa2 ./Src/sysmem.o
 .debug_macro   0x0000000000000000       0x10 ./Src/sysmem.o
 .debug_macro   0x0000000000000000       0x22 ./Src/sysmem.o
 .debug_macro   0x0000000000000000       0x4c ./Src/sysmem.o
 .debug_macro   0x0000000000000000       0x18 ./Src/sysmem.o
 .debug_macro   0x0000000000000000       0x94 ./Src/sysmem.o
 .debug_macro   0x0000000000000000       0x3c ./Src/sysmem.o
 .debug_macro   0x0000000000000000       0x34 ./Src/sysmem.o
 .debug_macro   0x0000000000000000      0x174 ./Src/sysmem.o
 .debug_macro   0x0000000000000000       0x16 ./Src/sysmem.o
 .debug_macro   0x0000000000000000       0x43 ./Src/sysmem.o
 .debug_macro   0x0000000000000000       0x57 ./Src/sysmem.o
 .debug_macro   0x0000000000000000       0x34 ./Src/sysmem.o
 .debug_macro   0x0000000000000000       0x10 ./Src/sysmem.o
 .debug_macro   0x0000000000000000       0x58 ./Src/sysmem.o
 .debug_macro   0x0000000000000000       0x71 ./Src/sysmem.o
 .debug_macro   0x0000000000000000       0x1c ./Src/sysmem.o
 .debug_macro   0x0000000000000000      0x12a ./Src/sysmem.o
 .debug_macro   0x0000000000000000      0x23b ./Src/sysmem.o
 .debug_macro   0x0000000000000000      0x103 ./Src/sysmem.o
 .debug_macro   0x0000000000000000       0x6a ./Src/sysmem.o
 .debug_macro   0x0000000000000000      0x1df ./Src/sysmem.o
 .debug_line    0x0000000000000000      0x62d ./Src/sysmem.o
 .debug_str     0x0000000000000000     0x6260 ./Src/sysmem.o
 .comment       0x0000000000000000       0x54 ./Src/sysmem.o
 .debug_frame   0x0000000000000000       0x34 ./Src/sysmem.o
 .ARM.attributes
                0x0000000000000000       0x2d ./Src/sysmem.o
 .text          0x0000000000000000       0x14 ./Startup/startup_stm32f103c6tx.o
 .data          0x0000000000000000        0x0 ./Startup/startup_stm32f103c6tx.o
 .bss           0x0000000000000000        0x0 ./Startup/startup_stm32f103c6tx.o
 .group         0x0000000000000000        0xc ./stm32f103c6_ drivers/inc/keypad_driver/keypad.o
 .group         0x0000000000000000        0xc ./stm32f103c6_ drivers/inc/keypad_driver/keypad.o
 .group         0x0000000000000000        0xc ./stm32f103c6_ drivers/inc/keypad_driver/keypad.o
 .group         0x0000000000000000        0xc ./stm32f103c6_ drivers/inc/keypad_driver/keypad.o
 .group         0x0000000000000000        0xc ./stm32f103c6_ drivers/inc/keypad_driver/keypad.o
 .group         0x0000000000000000        0xc ./stm32f103c6_ drivers/inc/keypad_driver/keypad.o
 .group         0x0000000000000000        0xc ./stm32f103c6_ drivers/inc/keypad_driver/keypad.o
 .group         0x0000000000000000        0xc ./stm32f103c6_ drivers/inc/keypad_driver/keypad.o
 .group         0x0000000000000000        0xc ./stm32f103c6_ drivers/inc/keypad_driver/keypad.o
 .group         0x0000000000000000        0xc ./stm32f103c6_ drivers/inc/keypad_driver/keypad.o
 .group         0x0000000000000000        0xc ./stm32f103c6_ drivers/inc/keypad_driver/keypad.o
 .group         0x0000000000000000        0xc ./stm32f103c6_ drivers/inc/keypad_driver/keypad.o
 .group         0x0000000000000000        0xc ./stm32f103c6_ drivers/inc/keypad_driver/keypad.o
 .group         0x0000000000000000        0xc ./stm32f103c6_ drivers/inc/keypad_driver/keypad.o
 .group         0x0000000000000000        0xc ./stm32f103c6_ drivers/inc/keypad_driver/keypad.o
 .group         0x0000000000000000        0xc ./stm32f103c6_ drivers/inc/keypad_driver/keypad.o
 .group         0x0000000000000000        0xc ./stm32f103c6_ drivers/inc/keypad_driver/keypad.o
 .group         0x0000000000000000        0xc ./stm32f103c6_ drivers/inc/keypad_driver/keypad.o
 .group         0x0000000000000000        0xc ./stm32f103c6_ drivers/inc/keypad_driver/keypad.o
 .group         0x0000000000000000        0xc ./stm32f103c6_ drivers/inc/keypad_driver/keypad.o
 .group         0x0000000000000000        0xc ./stm32f103c6_ drivers/inc/keypad_driver/keypad.o
 .group         0x0000000000000000        0xc ./stm32f103c6_ drivers/inc/keypad_driver/keypad.o
 .group         0x0000000000000000        0xc ./stm32f103c6_ drivers/inc/keypad_driver/keypad.o
 .group         0x0000000000000000        0xc ./stm32f103c6_ drivers/inc/keypad_driver/keypad.o
 .group         0x0000000000000000        0xc ./stm32f103c6_ drivers/inc/keypad_driver/keypad.o
 .group         0x0000000000000000        0xc ./stm32f103c6_ drivers/inc/keypad_driver/keypad.o
 .group         0x0000000000000000        0xc ./stm32f103c6_ drivers/inc/keypad_driver/keypad.o
 .group         0x0000000000000000        0xc ./stm32f103c6_ drivers/inc/keypad_driver/keypad.o
 .text          0x0000000000000000        0x0 ./stm32f103c6_ drivers/inc/keypad_driver/keypad.o
 .data          0x0000000000000000        0x0 ./stm32f103c6_ drivers/inc/keypad_driver/keypad.o
 .bss           0x0000000000000000        0x0 ./stm32f103c6_ drivers/inc/keypad_driver/keypad.o
 .debug_macro   0x0000000000000000      0xaa2 ./stm32f103c6_ drivers/inc/keypad_driver/keypad.o
 .debug_macro   0x0000000000000000       0x40 ./stm32f103c6_ drivers/inc/keypad_driver/keypad.o
 .debug_macro   0x0000000000000000       0x18 ./stm32f103c6_ drivers/inc/keypad_driver/keypad.o
 .debug_macro   0x0000000000000000       0x22 ./stm32f103c6_ drivers/inc/keypad_driver/keypad.o
 .debug_macro   0x0000000000000000       0x4c ./stm32f103c6_ drivers/inc/keypad_driver/keypad.o
 .debug_macro   0x0000000000000000       0x94 ./stm32f103c6_ drivers/inc/keypad_driver/keypad.o
 .debug_macro   0x0000000000000000       0x3c ./stm32f103c6_ drivers/inc/keypad_driver/keypad.o
 .debug_macro   0x0000000000000000       0x34 ./stm32f103c6_ drivers/inc/keypad_driver/keypad.o
 .debug_macro   0x0000000000000000       0x16 ./stm32f103c6_ drivers/inc/keypad_driver/keypad.o
 .debug_macro   0x0000000000000000      0x10e ./stm32f103c6_ drivers/inc/keypad_driver/keypad.o
 .debug_macro   0x0000000000000000       0x8d ./stm32f103c6_ drivers/inc/keypad_driver/keypad.o
 .debug_macro   0x0000000000000000       0x16 ./stm32f103c6_ drivers/inc/keypad_driver/keypad.o
 .debug_macro   0x0000000000000000       0x43 ./stm32f103c6_ drivers/inc/keypad_driver/keypad.o
 .debug_macro   0x0000000000000000       0x57 ./stm32f103c6_ drivers/inc/keypad_driver/keypad.o
 .debug_macro   0x0000000000000000       0x34 ./stm32f103c6_ drivers/inc/keypad_driver/keypad.o
 .debug_macro   0x0000000000000000       0x10 ./stm32f103c6_ drivers/inc/keypad_driver/keypad.o
 .debug_macro   0x0000000000000000       0x58 ./stm32f103c6_ drivers/inc/keypad_driver/keypad.o
 .debug_macro   0x0000000000000000       0x71 ./stm32f103c6_ drivers/inc/keypad_driver/keypad.o
 .debug_macro   0x0000000000000000       0x1c ./stm32f103c6_ drivers/inc/keypad_driver/keypad.o
 .debug_macro   0x0000000000000000      0x12a ./stm32f103c6_ drivers/inc/keypad_driver/keypad.o
 .debug_macro   0x0000000000000000      0x339 ./stm32f103c6_ drivers/inc/keypad_driver/keypad.o
 .debug_macro   0x0000000000000000       0x16 ./stm32f103c6_ drivers/inc/keypad_driver/keypad.o
 .debug_macro   0x0000000000000000       0x29 ./stm32f103c6_ drivers/inc/keypad_driver/keypad.o
 .debug_macro   0x0000000000000000      0x103 ./stm32f103c6_ drivers/inc/keypad_driver/keypad.o
 .debug_macro   0x0000000000000000       0x6a ./stm32f103c6_ drivers/inc/keypad_driver/keypad.o
 .debug_macro   0x0000000000000000      0x1df ./stm32f103c6_ drivers/inc/keypad_driver/keypad.o
 .debug_macro   0x0000000000000000       0xac ./stm32f103c6_ drivers/inc/keypad_driver/keypad.o
 .debug_macro   0x0000000000000000       0xd0 ./stm32f103c6_ drivers/inc/keypad_driver/keypad.o
 .group         0x0000000000000000        0xc ./stm32f103c6_ drivers/inc/lcd_driver/lcd.o
 .group         0x0000000000000000        0xc ./stm32f103c6_ drivers/inc/lcd_driver/lcd.o
 .group         0x0000000000000000        0xc ./stm32f103c6_ drivers/inc/lcd_driver/lcd.o
 .group         0x0000000000000000        0xc ./stm32f103c6_ drivers/inc/lcd_driver/lcd.o
 .group         0x0000000000000000        0xc ./stm32f103c6_ drivers/inc/lcd_driver/lcd.o
 .group         0x0000000000000000        0xc ./stm32f103c6_ drivers/inc/lcd_driver/lcd.o
 .group         0x0000000000000000        0xc ./stm32f103c6_ drivers/inc/lcd_driver/lcd.o
 .group         0x0000000000000000        0xc ./stm32f103c6_ drivers/inc/lcd_driver/lcd.o
 .group         0x0000000000000000        0xc ./stm32f103c6_ drivers/inc/lcd_driver/lcd.o
 .group         0x0000000000000000        0xc ./stm32f103c6_ drivers/inc/lcd_driver/lcd.o
 .group         0x0000000000000000        0xc ./stm32f103c6_ drivers/inc/lcd_driver/lcd.o
 .group         0x0000000000000000        0xc ./stm32f103c6_ drivers/inc/lcd_driver/lcd.o
 .group         0x0000000000000000        0xc ./stm32f103c6_ drivers/inc/lcd_driver/lcd.o
 .group         0x0000000000000000        0xc ./stm32f103c6_ drivers/inc/lcd_driver/lcd.o
 .group         0x0000000000000000        0xc ./stm32f103c6_ drivers/inc/lcd_driver/lcd.o
 .group         0x0000000000000000        0xc ./stm32f103c6_ drivers/inc/lcd_driver/lcd.o
 .group         0x0000000000000000        0xc ./stm32f103c6_ drivers/inc/lcd_driver/lcd.o
 .group         0x0000000000000000        0xc ./stm32f103c6_ drivers/inc/lcd_driver/lcd.o
 .group         0x0000000000000000        0xc ./stm32f103c6_ drivers/inc/lcd_driver/lcd.o
 .group         0x0000000000000000        0xc ./stm32f103c6_ drivers/inc/lcd_driver/lcd.o
 .group         0x0000000000000000        0xc ./stm32f103c6_ drivers/inc/lcd_driver/lcd.o
 .group         0x0000000000000000        0xc ./stm32f103c6_ drivers/inc/lcd_driver/lcd.o
 .group         0x0000000000000000        0xc ./stm32f103c6_ drivers/inc/lcd_driver/lcd.o
 .group         0x0000000000000000        0xc ./stm32f103c6_ drivers/inc/lcd_driver/lcd.o
 .group         0x0000000000000000        0xc ./stm32f103c6_ drivers/inc/lcd_driver/lcd.o
 .group         0x0000000000000000        0xc ./stm32f103c6_ drivers/inc/lcd_driver/lcd.o
 .group         0x0000000000000000        0xc ./stm32f103c6_ drivers/inc/lcd_driver/lcd.o
 .group         0x0000000000000000        0xc ./stm32f103c6_ drivers/inc/lcd_driver/lcd.o
 .text          0x0000000000000000        0x0 ./stm32f103c6_ drivers/inc/lcd_driver/lcd.o
 .data          0x0000000000000000        0x0 ./stm32f103c6_ drivers/inc/lcd_driver/lcd.o
 .bss           0x0000000000000000        0x0 ./stm32f103c6_ drivers/inc/lcd_driver/lcd.o
 .text.LCD_check_lcd_isbusy
                0x0000000000000000       0xcc ./stm32f103c6_ drivers/inc/lcd_driver/lcd.o
 .debug_macro   0x0000000000000000      0xaa2 ./stm32f103c6_ drivers/inc/lcd_driver/lcd.o
 .debug_macro   0x0000000000000000       0x9a ./stm32f103c6_ drivers/inc/lcd_driver/lcd.o
 .debug_macro   0x0000000000000000       0x18 ./stm32f103c6_ drivers/inc/lcd_driver/lcd.o
 .debug_macro   0x0000000000000000       0x22 ./stm32f103c6_ drivers/inc/lcd_driver/lcd.o
 .debug_macro   0x0000000000000000       0x4c ./stm32f103c6_ drivers/inc/lcd_driver/lcd.o
 .debug_macro   0x0000000000000000       0x94 ./stm32f103c6_ drivers/inc/lcd_driver/lcd.o
 .debug_macro   0x0000000000000000       0x3c ./stm32f103c6_ drivers/inc/lcd_driver/lcd.o
 .debug_macro   0x0000000000000000       0x34 ./stm32f103c6_ drivers/inc/lcd_driver/lcd.o
 .debug_macro   0x0000000000000000       0x16 ./stm32f103c6_ drivers/inc/lcd_driver/lcd.o
 .debug_macro   0x0000000000000000      0x10e ./stm32f103c6_ drivers/inc/lcd_driver/lcd.o
 .debug_macro   0x0000000000000000       0x8d ./stm32f103c6_ drivers/inc/lcd_driver/lcd.o
 .debug_macro   0x0000000000000000       0x16 ./stm32f103c6_ drivers/inc/lcd_driver/lcd.o
 .debug_macro   0x0000000000000000       0x43 ./stm32f103c6_ drivers/inc/lcd_driver/lcd.o
 .debug_macro   0x0000000000000000       0x57 ./stm32f103c6_ drivers/inc/lcd_driver/lcd.o
 .debug_macro   0x0000000000000000       0x34 ./stm32f103c6_ drivers/inc/lcd_driver/lcd.o
 .debug_macro   0x0000000000000000       0x10 ./stm32f103c6_ drivers/inc/lcd_driver/lcd.o
 .debug_macro   0x0000000000000000       0x58 ./stm32f103c6_ drivers/inc/lcd_driver/lcd.o
 .debug_macro   0x0000000000000000       0x71 ./stm32f103c6_ drivers/inc/lcd_driver/lcd.o
 .debug_macro   0x0000000000000000       0x1c ./stm32f103c6_ drivers/inc/lcd_driver/lcd.o
 .debug_macro   0x0000000000000000      0x12a ./stm32f103c6_ drivers/inc/lcd_driver/lcd.o
 .debug_macro   0x0000000000000000      0x339 ./stm32f103c6_ drivers/inc/lcd_driver/lcd.o
 .debug_macro   0x0000000000000000       0x16 ./stm32f103c6_ drivers/inc/lcd_driver/lcd.o
 .debug_macro   0x0000000000000000       0x29 ./stm32f103c6_ drivers/inc/lcd_driver/lcd.o
 .debug_macro   0x0000000000000000      0x103 ./stm32f103c6_ drivers/inc/lcd_driver/lcd.o
 .debug_macro   0x0000000000000000       0x6a ./stm32f103c6_ drivers/inc/lcd_driver/lcd.o
 .debug_macro   0x0000000000000000      0x1df ./stm32f103c6_ drivers/inc/lcd_driver/lcd.o
 .debug_macro   0x0000000000000000       0xac ./stm32f103c6_ drivers/inc/lcd_driver/lcd.o
 .debug_macro   0x0000000000000000       0xd0 ./stm32f103c6_ drivers/inc/lcd_driver/lcd.o
 .group         0x0000000000000000        0xc ./stm32f103c6_ drivers/inc/seven_segmant_driver/7_segmant.o
 .group         0x0000000000000000        0xc ./stm32f103c6_ drivers/inc/seven_segmant_driver/7_segmant.o
 .group         0x0000000000000000        0xc ./stm32f103c6_ drivers/inc/seven_segmant_driver/7_segmant.o
 .group         0x0000000000000000        0xc ./stm32f103c6_ drivers/inc/seven_segmant_driver/7_segmant.o
 .group         0x0000000000000000        0xc ./stm32f103c6_ drivers/inc/seven_segmant_driver/7_segmant.o
 .group         0x0000000000000000        0xc ./stm32f103c6_ drivers/inc/seven_segmant_driver/7_segmant.o
 .group         0x0000000000000000        0xc ./stm32f103c6_ drivers/inc/seven_segmant_driver/7_segmant.o
 .group         0x0000000000000000        0xc ./stm32f103c6_ drivers/inc/seven_segmant_driver/7_segmant.o
 .group         0x0000000000000000        0xc ./stm32f103c6_ drivers/inc/seven_segmant_driver/7_segmant.o
 .group         0x0000000000000000        0xc ./stm32f103c6_ drivers/inc/seven_segmant_driver/7_segmant.o
 .group         0x0000000000000000        0xc ./stm32f103c6_ drivers/inc/seven_segmant_driver/7_segmant.o
 .group         0x0000000000000000        0xc ./stm32f103c6_ drivers/inc/seven_segmant_driver/7_segmant.o
 .group         0x0000000000000000        0xc ./stm32f103c6_ drivers/inc/seven_segmant_driver/7_segmant.o
 .group         0x0000000000000000        0xc ./stm32f103c6_ drivers/inc/seven_segmant_driver/7_segmant.o
 .group         0x0000000000000000        0xc ./stm32f103c6_ drivers/inc/seven_segmant_driver/7_segmant.o
 .group         0x0000000000000000        0xc ./stm32f103c6_ drivers/inc/seven_segmant_driver/7_segmant.o
 .group         0x0000000000000000        0xc ./stm32f103c6_ drivers/inc/seven_segmant_driver/7_segmant.o
 .group         0x0000000000000000        0xc ./stm32f103c6_ drivers/inc/seven_segmant_driver/7_segmant.o
 .group         0x0000000000000000        0xc ./stm32f103c6_ drivers/inc/seven_segmant_driver/7_segmant.o
 .group         0x0000000000000000        0xc ./stm32f103c6_ drivers/inc/seven_segmant_driver/7_segmant.o
 .group         0x0000000000000000        0xc ./stm32f103c6_ drivers/inc/seven_segmant_driver/7_segmant.o
 .group         0x0000000000000000        0xc ./stm32f103c6_ drivers/inc/seven_segmant_driver/7_segmant.o
 .group         0x0000000000000000        0xc ./stm32f103c6_ drivers/inc/seven_segmant_driver/7_segmant.o
 .group         0x0000000000000000        0xc ./stm32f103c6_ drivers/inc/seven_segmant_driver/7_segmant.o
 .group         0x0000000000000000        0xc ./stm32f103c6_ drivers/inc/seven_segmant_driver/7_segmant.o
 .group         0x0000000000000000        0xc ./stm32f103c6_ drivers/inc/seven_segmant_driver/7_segmant.o
 .group         0x0000000000000000        0xc ./stm32f103c6_ drivers/inc/seven_segmant_driver/7_segmant.o
 .group         0x0000000000000000        0xc ./stm32f103c6_ drivers/inc/seven_segmant_driver/7_segmant.o
 .text          0x0000000000000000        0x0 ./stm32f103c6_ drivers/inc/seven_segmant_driver/7_segmant.o
 .data          0x0000000000000000        0x0 ./stm32f103c6_ drivers/inc/seven_segmant_driver/7_segmant.o
 .bss           0x0000000000000000        0x0 ./stm32f103c6_ drivers/inc/seven_segmant_driver/7_segmant.o
 .text.two_segmant_number_display
                0x0000000000000000       0x3c ./stm32f103c6_ drivers/inc/seven_segmant_driver/7_segmant.o
 .data.segment_number.4897
                0x0000000000000000        0xa ./stm32f103c6_ drivers/inc/seven_segmant_driver/7_segmant.o
 .debug_macro   0x0000000000000000      0xaa2 ./stm32f103c6_ drivers/inc/seven_segmant_driver/7_segmant.o
 .debug_macro   0x0000000000000000       0x76 ./stm32f103c6_ drivers/inc/seven_segmant_driver/7_segmant.o
 .debug_macro   0x0000000000000000       0x18 ./stm32f103c6_ drivers/inc/seven_segmant_driver/7_segmant.o
 .debug_macro   0x0000000000000000       0x22 ./stm32f103c6_ drivers/inc/seven_segmant_driver/7_segmant.o
 .debug_macro   0x0000000000000000       0x4c ./stm32f103c6_ drivers/inc/seven_segmant_driver/7_segmant.o
 .debug_macro   0x0000000000000000       0x94 ./stm32f103c6_ drivers/inc/seven_segmant_driver/7_segmant.o
 .debug_macro   0x0000000000000000       0x3c ./stm32f103c6_ drivers/inc/seven_segmant_driver/7_segmant.o
 .debug_macro   0x0000000000000000       0x34 ./stm32f103c6_ drivers/inc/seven_segmant_driver/7_segmant.o
 .debug_macro   0x0000000000000000       0x16 ./stm32f103c6_ drivers/inc/seven_segmant_driver/7_segmant.o
 .debug_macro   0x0000000000000000      0x10e ./stm32f103c6_ drivers/inc/seven_segmant_driver/7_segmant.o
 .debug_macro   0x0000000000000000       0x8d ./stm32f103c6_ drivers/inc/seven_segmant_driver/7_segmant.o
 .debug_macro   0x0000000000000000       0x16 ./stm32f103c6_ drivers/inc/seven_segmant_driver/7_segmant.o
 .debug_macro   0x0000000000000000       0x43 ./stm32f103c6_ drivers/inc/seven_segmant_driver/7_segmant.o
 .debug_macro   0x0000000000000000       0x57 ./stm32f103c6_ drivers/inc/seven_segmant_driver/7_segmant.o
 .debug_macro   0x0000000000000000       0x34 ./stm32f103c6_ drivers/inc/seven_segmant_driver/7_segmant.o
 .debug_macro   0x0000000000000000       0x10 ./stm32f103c6_ drivers/inc/seven_segmant_driver/7_segmant.o
 .debug_macro   0x0000000000000000       0x58 ./stm32f103c6_ drivers/inc/seven_segmant_driver/7_segmant.o
 .debug_macro   0x0000000000000000       0x71 ./stm32f103c6_ drivers/inc/seven_segmant_driver/7_segmant.o
 .debug_macro   0x0000000000000000       0x1c ./stm32f103c6_ drivers/inc/seven_segmant_driver/7_segmant.o
 .debug_macro   0x0000000000000000      0x12a ./stm32f103c6_ drivers/inc/seven_segmant_driver/7_segmant.o
 .debug_macro   0x0000000000000000      0x339 ./stm32f103c6_ drivers/inc/seven_segmant_driver/7_segmant.o
 .debug_macro   0x0000000000000000       0x16 ./stm32f103c6_ drivers/inc/seven_segmant_driver/7_segmant.o
 .debug_macro   0x0000000000000000       0x29 ./stm32f103c6_ drivers/inc/seven_segmant_driver/7_segmant.o
 .debug_macro   0x0000000000000000      0x103 ./stm32f103c6_ drivers/inc/seven_segmant_driver/7_segmant.o
 .debug_macro   0x0000000000000000       0x6a ./stm32f103c6_ drivers/inc/seven_segmant_driver/7_segmant.o
 .debug_macro   0x0000000000000000      0x1df ./stm32f103c6_ drivers/inc/seven_segmant_driver/7_segmant.o
 .debug_macro   0x0000000000000000       0xac ./stm32f103c6_ drivers/inc/seven_segmant_driver/7_segmant.o
 .debug_macro   0x0000000000000000       0xd0 ./stm32f103c6_ drivers/inc/seven_segmant_driver/7_segmant.o
 .group         0x0000000000000000        0xc ./stm32f103c6_ drivers/stm32f103c6_ gpio_drivers.o
 .group         0x0000000000000000        0xc ./stm32f103c6_ drivers/stm32f103c6_ gpio_drivers.o
 .group         0x0000000000000000        0xc ./stm32f103c6_ drivers/stm32f103c6_ gpio_drivers.o
 .group         0x0000000000000000        0xc ./stm32f103c6_ drivers/stm32f103c6_ gpio_drivers.o
 .group         0x0000000000000000        0xc ./stm32f103c6_ drivers/stm32f103c6_ gpio_drivers.o
 .group         0x0000000000000000        0xc ./stm32f103c6_ drivers/stm32f103c6_ gpio_drivers.o
 .group         0x0000000000000000        0xc ./stm32f103c6_ drivers/stm32f103c6_ gpio_drivers.o
 .group         0x0000000000000000        0xc ./stm32f103c6_ drivers/stm32f103c6_ gpio_drivers.o
 .group         0x0000000000000000        0xc ./stm32f103c6_ drivers/stm32f103c6_ gpio_drivers.o
 .group         0x0000000000000000        0xc ./stm32f103c6_ drivers/stm32f103c6_ gpio_drivers.o
 .group         0x0000000000000000        0xc ./stm32f103c6_ drivers/stm32f103c6_ gpio_drivers.o
 .group         0x0000000000000000        0xc ./stm32f103c6_ drivers/stm32f103c6_ gpio_drivers.o
 .group         0x0000000000000000        0xc ./stm32f103c6_ drivers/stm32f103c6_ gpio_drivers.o
 .group         0x0000000000000000        0xc ./stm32f103c6_ drivers/stm32f103c6_ gpio_drivers.o
 .group         0x0000000000000000        0xc ./stm32f103c6_ drivers/stm32f103c6_ gpio_drivers.o
 .group         0x0000000000000000        0xc ./stm32f103c6_ drivers/stm32f103c6_ gpio_drivers.o
 .group         0x0000000000000000        0xc ./stm32f103c6_ drivers/stm32f103c6_ gpio_drivers.o
 .group         0x0000000000000000        0xc ./stm32f103c6_ drivers/stm32f103c6_ gpio_drivers.o
 .group         0x0000000000000000        0xc ./stm32f103c6_ drivers/stm32f103c6_ gpio_drivers.o
 .group         0x0000000000000000        0xc ./stm32f103c6_ drivers/stm32f103c6_ gpio_drivers.o
 .group         0x0000000000000000        0xc ./stm32f103c6_ drivers/stm32f103c6_ gpio_drivers.o
 .group         0x0000000000000000        0xc ./stm32f103c6_ drivers/stm32f103c6_ gpio_drivers.o
 .group         0x0000000000000000        0xc ./stm32f103c6_ drivers/stm32f103c6_ gpio_drivers.o
 .group         0x0000000000000000        0xc ./stm32f103c6_ drivers/stm32f103c6_ gpio_drivers.o
 .group         0x0000000000000000        0xc ./stm32f103c6_ drivers/stm32f103c6_ gpio_drivers.o
 .group         0x0000000000000000        0xc ./stm32f103c6_ drivers/stm32f103c6_ gpio_drivers.o
 .group         0x0000000000000000        0xc ./stm32f103c6_ drivers/stm32f103c6_ gpio_drivers.o
 .text          0x0000000000000000        0x0 ./stm32f103c6_ drivers/stm32f103c6_ gpio_drivers.o
 .data          0x0000000000000000        0x0 ./stm32f103c6_ drivers/stm32f103c6_ gpio_drivers.o
 .bss           0x0000000000000000        0x0 ./stm32f103c6_ drivers/stm32f103c6_ gpio_drivers.o
 .text.MCAL_GPIO_DEINIT
                0x0000000000000000       0xd4 ./stm32f103c6_ drivers/stm32f103c6_ gpio_drivers.o
 .text.MCAL_GPIO_look_pin
                0x0000000000000000       0x48 ./stm32f103c6_ drivers/stm32f103c6_ gpio_drivers.o
 .text.MCAL_GPIO_Read_port
                0x0000000000000000       0x1a ./stm32f103c6_ drivers/stm32f103c6_ gpio_drivers.o
 .text.MCAL_GPIO_toggle_pin
                0x0000000000000000       0x22 ./stm32f103c6_ drivers/stm32f103c6_ gpio_drivers.o
 .debug_macro   0x0000000000000000      0xaa2 ./stm32f103c6_ drivers/stm32f103c6_ gpio_drivers.o
 .debug_macro   0x0000000000000000       0x18 ./stm32f103c6_ drivers/stm32f103c6_ gpio_drivers.o
 .debug_macro   0x0000000000000000       0x22 ./stm32f103c6_ drivers/stm32f103c6_ gpio_drivers.o
 .debug_macro   0x0000000000000000       0x4c ./stm32f103c6_ drivers/stm32f103c6_ gpio_drivers.o
 .debug_macro   0x0000000000000000       0x94 ./stm32f103c6_ drivers/stm32f103c6_ gpio_drivers.o
 .debug_macro   0x0000000000000000       0x3c ./stm32f103c6_ drivers/stm32f103c6_ gpio_drivers.o
 .debug_macro   0x0000000000000000       0x34 ./stm32f103c6_ drivers/stm32f103c6_ gpio_drivers.o
 .debug_macro   0x0000000000000000       0x16 ./stm32f103c6_ drivers/stm32f103c6_ gpio_drivers.o
 .debug_macro   0x0000000000000000      0x10e ./stm32f103c6_ drivers/stm32f103c6_ gpio_drivers.o
 .debug_macro   0x0000000000000000       0x8d ./stm32f103c6_ drivers/stm32f103c6_ gpio_drivers.o
 .debug_macro   0x0000000000000000       0x16 ./stm32f103c6_ drivers/stm32f103c6_ gpio_drivers.o
 .debug_macro   0x0000000000000000       0x43 ./stm32f103c6_ drivers/stm32f103c6_ gpio_drivers.o
 .debug_macro   0x0000000000000000       0x57 ./stm32f103c6_ drivers/stm32f103c6_ gpio_drivers.o
 .debug_macro   0x0000000000000000       0x34 ./stm32f103c6_ drivers/stm32f103c6_ gpio_drivers.o
 .debug_macro   0x0000000000000000       0x10 ./stm32f103c6_ drivers/stm32f103c6_ gpio_drivers.o
 .debug_macro   0x0000000000000000       0x58 ./stm32f103c6_ drivers/stm32f103c6_ gpio_drivers.o
 .debug_macro   0x0000000000000000       0x71 ./stm32f103c6_ drivers/stm32f103c6_ gpio_drivers.o
 .debug_macro   0x0000000000000000       0x1c ./stm32f103c6_ drivers/stm32f103c6_ gpio_drivers.o
 .debug_macro   0x0000000000000000      0x12a ./stm32f103c6_ drivers/stm32f103c6_ gpio_drivers.o
 .debug_macro   0x0000000000000000      0x339 ./stm32f103c6_ drivers/stm32f103c6_ gpio_drivers.o
 .debug_macro   0x0000000000000000       0x16 ./stm32f103c6_ drivers/stm32f103c6_ gpio_drivers.o
 .debug_macro   0x0000000000000000       0x29 ./stm32f103c6_ drivers/stm32f103c6_ gpio_drivers.o
 .debug_macro   0x0000000000000000      0x103 ./stm32f103c6_ drivers/stm32f103c6_ gpio_drivers.o
 .debug_macro   0x0000000000000000       0x6a ./stm32f103c6_ drivers/stm32f103c6_ gpio_drivers.o
 .debug_macro   0x0000000000000000      0x1df ./stm32f103c6_ drivers/stm32f103c6_ gpio_drivers.o
 .debug_macro   0x0000000000000000       0xac ./stm32f103c6_ drivers/stm32f103c6_ gpio_drivers.o
 .debug_macro   0x0000000000000000       0xd0 ./stm32f103c6_ drivers/stm32f103c6_ gpio_drivers.o
 .text          0x0000000000000000        0x0 d:/program files/st/stm32cubeide_1.7.0/stm32cubeide/plugins/com.st.stm32cube.ide.mcu.externaltools.gnu-tools-for-stm32.9-2020-q2-update.win32_2.0.0.202105311346/tools/bin/../lib/gcc/arm-none-eabi/9.3.1/../../../../arm-none-eabi/lib/thumb/v7-m/nofp\libc_nano.a(lib_a-errno.o)
 .data          0x0000000000000000        0x0 d:/program files/st/stm32cubeide_1.7.0/stm32cubeide/plugins/com.st.stm32cube.ide.mcu.externaltools.gnu-tools-for-stm32.9-2020-q2-update.win32_2.0.0.202105311346/tools/bin/../lib/gcc/arm-none-eabi/9.3.1/../../../../arm-none-eabi/lib/thumb/v7-m/nofp\libc_nano.a(lib_a-errno.o)
 .bss           0x0000000000000000        0x0 d:/program files/st/stm32cubeide_1.7.0/stm32cubeide/plugins/com.st.stm32cube.ide.mcu.externaltools.gnu-tools-for-stm32.9-2020-q2-update.win32_2.0.0.202105311346/tools/bin/../lib/gcc/arm-none-eabi/9.3.1/../../../../arm-none-eabi/lib/thumb/v7-m/nofp\libc_nano.a(lib_a-errno.o)
 .text.__errno  0x0000000000000000        0xc d:/program files/st/stm32cubeide_1.7.0/stm32cubeide/plugins/com.st.stm32cube.ide.mcu.externaltools.gnu-tools-for-stm32.9-2020-q2-update.win32_2.0.0.202105311346/tools/bin/../lib/gcc/arm-none-eabi/9.3.1/../../../../arm-none-eabi/lib/thumb/v7-m/nofp\libc_nano.a(lib_a-errno.o)
 .debug_frame   0x0000000000000000       0x20 d:/program files/st/stm32cubeide_1.7.0/stm32cubeide/plugins/com.st.stm32cube.ide.mcu.externaltools.gnu-tools-for-stm32.9-2020-q2-update.win32_2.0.0.202105311346/tools/bin/../lib/gcc/arm-none-eabi/9.3.1/../../../../arm-none-eabi/lib/thumb/v7-m/nofp\libc_nano.a(lib_a-errno.o)
 .ARM.attributes
                0x0000000000000000       0x2d d:/program files/st/stm32cubeide_1.7.0/stm32cubeide/plugins/com.st.stm32cube.ide.mcu.externaltools.gnu-tools-for-stm32.9-2020-q2-update.win32_2.0.0.202105311346/tools/bin/../lib/gcc/arm-none-eabi/9.3.1/../../../../arm-none-eabi/lib/thumb/v7-m/nofp\libc_nano.a(lib_a-errno.o)
 .text          0x0000000000000000        0x0 d:/program files/st/stm32cubeide_1.7.0/stm32cubeide/plugins/com.st.stm32cube.ide.mcu.externaltools.gnu-tools-for-stm32.9-2020-q2-update.win32_2.0.0.202105311346/tools/bin/../lib/gcc/arm-none-eabi/9.3.1/../../../../arm-none-eabi/lib/thumb/v7-m/nofp\libc_nano.a(lib_a-exit.o)
 .data          0x0000000000000000        0x0 d:/program files/st/stm32cubeide_1.7.0/stm32cubeide/plugins/com.st.stm32cube.ide.mcu.externaltools.gnu-tools-for-stm32.9-2020-q2-update.win32_2.0.0.202105311346/tools/bin/../lib/gcc/arm-none-eabi/9.3.1/../../../../arm-none-eabi/lib/thumb/v7-m/nofp\libc_nano.a(lib_a-exit.o)
 .bss           0x0000000000000000        0x0 d:/program files/st/stm32cubeide_1.7.0/stm32cubeide/plugins/com.st.stm32cube.ide.mcu.externaltools.gnu-tools-for-stm32.9-2020-q2-update.win32_2.0.0.202105311346/tools/bin/../lib/gcc/arm-none-eabi/9.3.1/../../../../arm-none-eabi/lib/thumb/v7-m/nofp\libc_nano.a(lib_a-exit.o)
 .text.exit     0x0000000000000000       0x28 d:/program files/st/stm32cubeide_1.7.0/stm32cubeide/plugins/com.st.stm32cube.ide.mcu.externaltools.gnu-tools-for-stm32.9-2020-q2-update.win32_2.0.0.202105311346/tools/bin/../lib/gcc/arm-none-eabi/9.3.1/../../../../arm-none-eabi/lib/thumb/v7-m/nofp\libc_nano.a(lib_a-exit.o)
 .debug_frame   0x0000000000000000       0x28 d:/program files/st/stm32cubeide_1.7.0/stm32cubeide/plugins/com.st.stm32cube.ide.mcu.externaltools.gnu-tools-for-stm32.9-2020-q2-update.win32_2.0.0.202105311346/tools/bin/../lib/gcc/arm-none-eabi/9.3.1/../../../../arm-none-eabi/lib/thumb/v7-m/nofp\libc_nano.a(lib_a-exit.o)
 .ARM.attributes
                0x0000000000000000       0x2d d:/program files/st/stm32cubeide_1.7.0/stm32cubeide/plugins/com.st.stm32cube.ide.mcu.externaltools.gnu-tools-for-stm32.9-2020-q2-update.win32_2.0.0.202105311346/tools/bin/../lib/gcc/arm-none-eabi/9.3.1/../../../../arm-none-eabi/lib/thumb/v7-m/nofp\libc_nano.a(lib_a-exit.o)
 .text          0x0000000000000000        0x0 d:/program files/st/stm32cubeide_1.7.0/stm32cubeide/plugins/com.st.stm32cube.ide.mcu.externaltools.gnu-tools-for-stm32.9-2020-q2-update.win32_2.0.0.202105311346/tools/bin/../lib/gcc/arm-none-eabi/9.3.1/../../../../arm-none-eabi/lib/thumb/v7-m/nofp\libc_nano.a(lib_a-impure.o)
 .data          0x0000000000000000        0x0 d:/program files/st/stm32cubeide_1.7.0/stm32cubeide/plugins/com.st.stm32cube.ide.mcu.externaltools.gnu-tools-for-stm32.9-2020-q2-update.win32_2.0.0.202105311346/tools/bin/../lib/gcc/arm-none-eabi/9.3.1/../../../../arm-none-eabi/lib/thumb/v7-m/nofp\libc_nano.a(lib_a-impure.o)
 .bss           0x0000000000000000        0x0 d:/program files/st/stm32cubeide_1.7.0/stm32cubeide/plugins/com.st.stm32cube.ide.mcu.externaltools.gnu-tools-for-stm32.9-2020-q2-update.win32_2.0.0.202105311346/tools/bin/../lib/gcc/arm-none-eabi/9.3.1/../../../../arm-none-eabi/lib/thumb/v7-m/nofp\libc_nano.a(lib_a-impure.o)
 .data._impure_ptr
                0x0000000000000000        0x4 d:/program files/st/stm32cubeide_1.7.0/stm32cubeide/plugins/com.st.stm32cube.ide.mcu.externaltools.gnu-tools-for-stm32.9-2020-q2-update.win32_2.0.0.202105311346/tools/bin/../lib/gcc/arm-none-eabi/9.3.1/../../../../arm-none-eabi/lib/thumb/v7-m/nofp\libc_nano.a(lib_a-impure.o)
 .data.impure_data
                0x0000000000000000       0x60 d:/program files/st/stm32cubeide_1.7.0/stm32cubeide/plugins/com.st.stm32cube.ide.mcu.externaltools.gnu-tools-for-stm32.9-2020-q2-update.win32_2.0.0.202105311346/tools/bin/../lib/gcc/arm-none-eabi/9.3.1/../../../../arm-none-eabi/lib/thumb/v7-m/nofp\libc_nano.a(lib_a-impure.o)
 .rodata._global_impure_ptr
                0x0000000000000000        0x4 d:/program files/st/stm32cubeide_1.7.0/stm32cubeide/plugins/com.st.stm32cube.ide.mcu.externaltools.gnu-tools-for-stm32.9-2020-q2-update.win32_2.0.0.202105311346/tools/bin/../lib/gcc/arm-none-eabi/9.3.1/../../../../arm-none-eabi/lib/thumb/v7-m/nofp\libc_nano.a(lib_a-impure.o)
 .ARM.attributes
                0x0000000000000000       0x2d d:/program files/st/stm32cubeide_1.7.0/stm32cubeide/plugins/com.st.stm32cube.ide.mcu.externaltools.gnu-tools-for-stm32.9-2020-q2-update.win32_2.0.0.202105311346/tools/bin/../lib/gcc/arm-none-eabi/9.3.1/../../../../arm-none-eabi/lib/thumb/v7-m/nofp\libc_nano.a(lib_a-impure.o)
 .text          0x0000000000000000        0x0 d:/program files/st/stm32cubeide_1.7.0/stm32cubeide/plugins/com.st.stm32cube.ide.mcu.externaltools.gnu-tools-for-stm32.9-2020-q2-update.win32_2.0.0.202105311346/tools/bin/../lib/gcc/arm-none-eabi/9.3.1/../../../../arm-none-eabi/lib/thumb/v7-m/nofp\libc_nano.a(lib_a-init.o)
 .data          0x0000000000000000        0x0 d:/program files/st/stm32cubeide_1.7.0/stm32cubeide/plugins/com.st.stm32cube.ide.mcu.externaltools.gnu-tools-for-stm32.9-2020-q2-update.win32_2.0.0.202105311346/tools/bin/../lib/gcc/arm-none-eabi/9.3.1/../../../../arm-none-eabi/lib/thumb/v7-m/nofp\libc_nano.a(lib_a-init.o)
 .bss           0x0000000000000000        0x0 d:/program files/st/stm32cubeide_1.7.0/stm32cubeide/plugins/com.st.stm32cube.ide.mcu.externaltools.gnu-tools-for-stm32.9-2020-q2-update.win32_2.0.0.202105311346/tools/bin/../lib/gcc/arm-none-eabi/9.3.1/../../../../arm-none-eabi/lib/thumb/v7-m/nofp\libc_nano.a(lib_a-init.o)
 .text          0x0000000000000000        0x0 d:/program files/st/stm32cubeide_1.7.0/stm32cubeide/plugins/com.st.stm32cube.ide.mcu.externaltools.gnu-tools-for-stm32.9-2020-q2-update.win32_2.0.0.202105311346/tools/bin/../lib/gcc/arm-none-eabi/9.3.1/../../../../arm-none-eabi/lib/thumb/v7-m/nofp\libc_nano.a(lib_a-memset.o)
 .data          0x0000000000000000        0x0 d:/program files/st/stm32cubeide_1.7.0/stm32cubeide/plugins/com.st.stm32cube.ide.mcu.externaltools.gnu-tools-for-stm32.9-2020-q2-update.win32_2.0.0.202105311346/tools/bin/../lib/gcc/arm-none-eabi/9.3.1/../../../../arm-none-eabi/lib/thumb/v7-m/nofp\libc_nano.a(lib_a-memset.o)
 .bss           0x0000000000000000        0x0 d:/program files/st/stm32cubeide_1.7.0/stm32cubeide/plugins/com.st.stm32cube.ide.mcu.externaltools.gnu-tools-for-stm32.9-2020-q2-update.win32_2.0.0.202105311346/tools/bin/../lib/gcc/arm-none-eabi/9.3.1/../../../../arm-none-eabi/lib/thumb/v7-m/nofp\libc_nano.a(lib_a-memset.o)
 .text.memset   0x0000000000000000       0x10 d:/program files/st/stm32cubeide_1.7.0/stm32cubeide/plugins/com.st.stm32cube.ide.mcu.externaltools.gnu-tools-for-stm32.9-2020-q2-update.win32_2.0.0.202105311346/tools/bin/../lib/gcc/arm-none-eabi/9.3.1/../../../../arm-none-eabi/lib/thumb/v7-m/nofp\libc_nano.a(lib_a-memset.o)
 .debug_frame   0x0000000000000000       0x20 d:/program files/st/stm32cubeide_1.7.0/stm32cubeide/plugins/com.st.stm32cube.ide.mcu.externaltools.gnu-tools-for-stm32.9-2020-q2-update.win32_2.0.0.202105311346/tools/bin/../lib/gcc/arm-none-eabi/9.3.1/../../../../arm-none-eabi/lib/thumb/v7-m/nofp\libc_nano.a(lib_a-memset.o)
 .ARM.attributes
                0x0000000000000000       0x2d d:/program files/st/stm32cubeide_1.7.0/stm32cubeide/plugins/com.st.stm32cube.ide.mcu.externaltools.gnu-tools-for-stm32.9-2020-q2-update.win32_2.0.0.202105311346/tools/bin/../lib/gcc/arm-none-eabi/9.3.1/../../../../arm-none-eabi/lib/thumb/v7-m/nofp\libc_nano.a(lib_a-memset.o)
 .text          0x0000000000000000        0x0 d:/program files/st/stm32cubeide_1.7.0/stm32cubeide/plugins/com.st.stm32cube.ide.mcu.externaltools.gnu-tools-for-stm32.9-2020-q2-update.win32_2.0.0.202105311346/tools/bin/../lib/gcc/arm-none-eabi/9.3.1/thumb/v7-m/nofp/crtend.o
 .data          0x0000000000000000        0x0 d:/program files/st/stm32cubeide_1.7.0/stm32cubeide/plugins/com.st.stm32cube.ide.mcu.externaltools.gnu-tools-for-stm32.9-2020-q2-update.win32_2.0.0.202105311346/tools/bin/../lib/gcc/arm-none-eabi/9.3.1/thumb/v7-m/nofp/crtend.o
 .bss           0x0000000000000000        0x0 d:/program files/st/stm32cubeide_1.7.0/stm32cubeide/plugins/com.st.stm32cube.ide.mcu.externaltools.gnu-tools-for-stm32.9-2020-q2-update.win32_2.0.0.202105311346/tools/bin/../lib/gcc/arm-none-eabi/9.3.1/thumb/v7-m/nofp/crtend.o
 .eh_frame      0x0000000000000000        0x4 d:/program files/st/stm32cubeide_1.7.0/stm32cubeide/plugins/com.st.stm32cube.ide.mcu.externaltools.gnu-tools-for-stm32.9-2020-q2-update.win32_2.0.0.202105311346/tools/bin/../lib/gcc/arm-none-eabi/9.3.1/thumb/v7-m/nofp/crtend.o
 .ARM.attributes
                0x0000000000000000       0x2d d:/program files/st/stm32cubeide_1.7.0/stm32cubeide/plugins/com.st.stm32cube.ide.mcu.externaltools.gnu-tools-for-stm32.9-2020-q2-update.win32_2.0.0.202105311346/tools/bin/../lib/gcc/arm-none-eabi/9.3.1/thumb/v7-m/nofp/crtend.o
 .text          0x0000000000000000        0x0 d:/program files/st/stm32cubeide_1.7.0/stm32cubeide/plugins/com.st.stm32cube.ide.mcu.externaltools.gnu-tools-for-stm32.9-2020-q2-update.win32_2.0.0.202105311346/tools/bin/../lib/gcc/arm-none-eabi/9.3.1/thumb/v7-m/nofp/crtn.o
 .data          0x0000000000000000        0x0 d:/program files/st/stm32cubeide_1.7.0/stm32cubeide/plugins/com.st.stm32cube.ide.mcu.externaltools.gnu-tools-for-stm32.9-2020-q2-update.win32_2.0.0.202105311346/tools/bin/../lib/gcc/arm-none-eabi/9.3.1/thumb/v7-m/nofp/crtn.o
 .bss           0x0000000000000000        0x0 d:/program files/st/stm32cubeide_1.7.0/stm32cubeide/plugins/com.st.stm32cube.ide.mcu.externaltools.gnu-tools-for-stm32.9-2020-q2-update.win32_2.0.0.202105311346/tools/bin/../lib/gcc/arm-none-eabi/9.3.1/thumb/v7-m/nofp/crtn.o

Memory Configuration

Name             Origin             Length             Attributes
RAM              0x0000000020000000 0x0000000000002800 xrw
FLASH            0x0000000008000000 0x0000000000008000 xr
*default*        0x0000000000000000 0xffffffffffffffff

Linker script and memory map

LOAD d:/program files/st/stm32cubeide_1.7.0/stm32cubeide/plugins/com.st.stm32cube.ide.mcu.externaltools.gnu-tools-for-stm32.9-2020-q2-update.win32_2.0.0.202105311346/tools/bin/../lib/gcc/arm-none-eabi/9.3.1/thumb/v7-m/nofp/crti.o
LOAD d:/program files/st/stm32cubeide_1.7.0/stm32cubeide/plugins/com.st.stm32cube.ide.mcu.externaltools.gnu-tools-for-stm32.9-2020-q2-update.win32_2.0.0.202105311346/tools/bin/../lib/gcc/arm-none-eabi/9.3.1/thumb/v7-m/nofp/crtbegin.o
LOAD d:/program files/st/stm32cubeide_1.7.0/stm32cubeide/plugins/com.st.stm32cube.ide.mcu.externaltools.gnu-tools-for-stm32.9-2020-q2-update.win32_2.0.0.202105311346/tools/bin/../lib/gcc/arm-none-eabi/9.3.1/../../../../arm-none-eabi/lib/thumb/v7-m/nofp/crt0.o
LOAD ./Src/main.o
LOAD ./Src/syscalls.o
LOAD ./Src/sysmem.o
LOAD ./Startup/startup_stm32f103c6tx.o
LOAD ./stm32f103c6_ drivers/inc/keypad_driver/keypad.o
LOAD ./stm32f103c6_ drivers/inc/lcd_driver/lcd.o
LOAD ./stm32f103c6_ drivers/inc/seven_segmant_driver/7_segmant.o
LOAD ./stm32f103c6_ drivers/stm32f103c6_ gpio_drivers.o
START GROUP
LOAD d:/program files/st/stm32cubeide_1.7.0/stm32cubeide/plugins/com.st.stm32cube.ide.mcu.externaltools.gnu-tools-for-stm32.9-2020-q2-update.win32_2.0.0.202105311346/tools/bin/../lib/gcc/arm-none-eabi/9.3.1/../../../../arm-none-eabi/lib/thumb/v7-m/nofp\libc_nano.a
LOAD d:/program files/st/stm32cubeide_1.7.0/stm32cubeide/plugins/com.st.stm32cube.ide.mcu.externaltools.gnu-tools-for-stm32.9-2020-q2-update.win32_2.0.0.202105311346/tools/bin/../lib/gcc/arm-none-eabi/9.3.1/../../../../arm-none-eabi/lib/thumb/v7-m/nofp\libm.a
END GROUP
START GROUP
LOAD d:/program files/st/stm32cubeide_1.7.0/stm32cubeide/plugins/com.st.stm32cube.ide.mcu.externaltools.gnu-tools-for-stm32.9-2020-q2-update.win32_2.0.0.202105311346/tools/bin/../lib/gcc/arm-none-eabi/9.3.1/thumb/v7-m/nofp\libgcc.a
LOAD d:/program files/st/stm32cubeide_1.7.0/stm32cubeide/plugins/com.st.stm32cube.ide.mcu.externaltools.gnu-tools-for-stm32.9-2020-q2-update.win32_2.0.0.202105311346/tools/bin/../lib/gcc/arm-none-eabi/9.3.1/../../../../arm-none-eabi/lib/thumb/v7-m/nofp\libg_nano.a
LOAD d:/program files/st/stm32cubeide_1.7.0/stm32cubeide/plugins/com.st.stm32cube.ide.mcu.externaltools.gnu-tools-for-stm32.9-2020-q2-update.win32_2.0.0.202105311346/tools/bin/../lib/gcc/arm-none-eabi/9.3.1/../../../../arm-none-eabi/lib/thumb/v7-m/nofp\libc_nano.a
END GROUP
START GROUP
LOAD d:/program files/st/stm32cubeide_1.7.0/stm32cubeide/plugins/com.st.stm32cube.ide.mcu.externaltools.gnu-tools-for-stm32.9-2020-q2-update.win32_2.0.0.202105311346/tools/bin/../lib/gcc/arm-none-eabi/9.3.1/thumb/v7-m/nofp\libgcc.a
LOAD d:/program files/st/stm32cubeide_1.7.0/stm32cubeide/plugins/com.st.stm32cube.ide.mcu.externaltools.gnu-tools-for-stm32.9-2020-q2-update.win32_2.0.0.202105311346/tools/bin/../lib/gcc/arm-none-eabi/9.3.1/../../../../arm-none-eabi/lib/thumb/v7-m/nofp\libc_nano.a
LOAD d:/program files/st/stm32cubeide_1.7.0/stm32cubeide/plugins/com.st.stm32cube.ide.mcu.externaltools.gnu-tools-for-stm32.9-2020-q2-update.win32_2.0.0.202105311346/tools/bin/../lib/gcc/arm-none-eabi/9.3.1/../../../../arm-none-eabi/lib/thumb/v7-m/nofp\libnosys.a
END GROUP
START GROUP
LOAD d:/program files/st/stm32cubeide_1.7.0/stm32cubeide/plugins/com.st.stm32cube.ide.mcu.externaltools.gnu-tools-for-stm32.9-2020-q2-update.win32_2.0.0.202105311346/tools/bin/../lib/gcc/arm-none-eabi/9.3.1/thumb/v7-m/nofp\libgcc.a
LOAD d:/program files/st/stm32cubeide_1.7.0/stm32cubeide/plugins/com.st.stm32cube.ide.mcu.externaltools.gnu-tools-for-stm32.9-2020-q2-update.win32_2.0.0.202105311346/tools/bin/../lib/gcc/arm-none-eabi/9.3.1/../../../../arm-none-eabi/lib/thumb/v7-m/nofp\libc_nano.a
LOAD d:/program files/st/stm32cubeide_1.7.0/stm32cubeide/plugins/com.st.stm32cube.ide.mcu.externaltools.gnu-tools-for-stm32.9-2020-q2-update.win32_2.0.0.202105311346/tools/bin/../lib/gcc/arm-none-eabi/9.3.1/../../../../arm-none-eabi/lib/thumb/v7-m/nofp\libnosys.a
END GROUP
LOAD d:/program files/st/stm32cubeide_1.7.0/stm32cubeide/plugins/com.st.stm32cube.ide.mcu.externaltools.gnu-tools-for-stm32.9-2020-q2-update.win32_2.0.0.202105311346/tools/bin/../lib/gcc/arm-none-eabi/9.3.1/thumb/v7-m/nofp/crtend.o
LOAD d:/program files/st/stm32cubeide_1.7.0/stm32cubeide/plugins/com.st.stm32cube.ide.mcu.externaltools.gnu-tools-for-stm32.9-2020-q2-update.win32_2.0.0.202105311346/tools/bin/../lib/gcc/arm-none-eabi/9.3.1/thumb/v7-m/nofp/crtn.o
                0x0000000020002800                _estack = (ORIGIN (RAM) + LENGTH (RAM))
                0x0000000000000200                _Min_Heap_Size = 0x200
                0x0000000000000400                _Min_Stack_Size = 0x400

.isr_vector     0x0000000008000000      0x130
                0x0000000008000000                . = ALIGN (0x4)
 *(.isr_vector)
 .isr_vector    0x0000000008000000      0x130 ./Startup/startup_stm32f103c6tx.o
                0x0000000008000000                g_pfnVectors
                0x0000000008000130                . = ALIGN (0x4)

.text           0x0000000008000130      0xb94
                0x0000000008000130                . = ALIGN (0x4)
 *(.text)
 .text          0x0000000008000130       0x40 d:/program files/st/stm32cubeide_1.7.0/stm32cubeide/plugins/com.st.stm32cube.ide.mcu.externaltools.gnu-tools-for-stm32.9-2020-q2-update.win32_2.0.0.202105311346/tools/bin/../lib/gcc/arm-none-eabi/9.3.1/thumb/v7-m/nofp/crtbegin.o
 *(.text*)
 .text.clock_init
                0x0000000008000170       0x28 ./Src/main.o
                0x0000000008000170                clock_init
 .text.delay_main
                0x0000000008000198       0x3c ./Src/main.o
                0x0000000008000198                delay_main
 .text.main     0x00000000080001d4      0x138 ./Src/main.o
                0x00000000080001d4                main
 .text.Reset_Handler
                0x000000000800030c       0x50 ./Startup/startup_stm32f103c6tx.o
                0x000000000800030c                Reset_Handler
 .text.Default_Handler
                0x000000000800035c        0x2 ./Startup/startup_stm32f103c6tx.o
                0x000000000800035c                EXTI2_IRQHandler
                0x000000000800035c                TIM8_TRG_COM_IRQHandler
                0x000000000800035c                TIM8_CC_IRQHandler
                0x000000000800035c                DebugMon_Handler
                0x000000000800035c                TIM1_CC_IRQHandler
                0x000000000800035c                HardFault_Handler
                0x000000000800035c                TIM6_IRQHandler
                0x000000000800035c                SysTick_Handler
                0x000000000800035c                PVD_IRQHandler
                0x000000000800035c                SDIO_IRQHandler
                0x000000000800035c                PendSV_Handler
                0x000000000800035c                NMI_Handler
                0x000000000800035c                EXTI3_IRQHandler
                0x000000000800035c                USB_HP_CAN_TX_IRQHandler
                0x000000000800035c                EXTI0_IRQHandler
                0x000000000800035c                I2C2_EV_IRQHandler
                0x000000000800035c                UsageFault_Handler
                0x000000000800035c                ADC1_2_IRQHandler
                0x000000000800035c                SPI1_IRQHandler
                0x000000000800035c                CAN_SCE_IRQHandler
                0x000000000800035c                TAMPER_IRQHandler
                0x000000000800035c                TIM8_UP_IRQHandler
                0x000000000800035c                DMA2_Channel2_IRQHandler
                0x000000000800035c                DMA1_Channel4_IRQHandler
                0x000000000800035c                USART3_IRQHandler
                0x000000000800035c                RTC_IRQHandler
                0x000000000800035c                DMA1_Channel7_IRQHandler
                0x000000000800035c                UART5_IRQHandler
                0x000000000800035c                ADC3_IRQHandler
                0x000000000800035c                TIM4_IRQHandler
                0x000000000800035c                CAN_RX1_IRQHandler
                0x000000000800035c                DMA2_Channel1_IRQHandler
                0x000000000800035c                I2C1_EV_IRQHandler
                0x000000000800035c                DMA1_Channel6_IRQHandler
                0x000000000800035c                UART4_IRQHandler
                0x000000000800035c                TIM3_IRQHandler
                0x000000000800035c                RCC_IRQHandler
                0x000000000800035c                TIM1_TRG_COM_IRQHandler
                0x000000000800035c                DMA1_Channel1_IRQHandler
                0x000000000800035c                Default_Handler
                0x000000000800035c                EXTI15_10_IRQHandler
                0x000000000800035c                TIM7_IRQHandler
                0x000000000800035c                TIM5_IRQHandler
                0x000000000800035c                EXTI9_5_IRQHandler
                0x000000000800035c                SPI2_IRQHandler
                0x000000000800035c                USB_LP_CAN_RX0_IRQHandler
                0x000000000800035c                MemManage_Handler
                0x000000000800035c                SVC_Handler
                0x000000000800035c                DMA1_Channel5_IRQHandler
                0x000000000800035c                EXTI4_IRQHandler
                0x000000000800035c                DMA1_Channel3_IRQHandler
                0x000000000800035c                FSMC_IRQHandler
                0x000000000800035c                TIM1_UP_IRQHandler
                0x000000000800035c                WWDG_IRQHandler
                0x000000000800035c                TIM2_IRQHandler
                0x000000000800035c                TIM1_BRK_IRQHandler
                0x000000000800035c                EXTI1_IRQHandler
                0x000000000800035c                RTCAlarm_IRQHandler
                0x000000000800035c                DMA2_Channel4_5_IRQHandler
                0x000000000800035c                USART2_IRQHandler
                0x000000000800035c                I2C2_ER_IRQHandler
                0x000000000800035c                DMA1_Channel2_IRQHandler
                0x000000000800035c                TIM8_BRK_IRQHandler
                0x000000000800035c                FLASH_IRQHandler
                0x000000000800035c                BusFault_Handler
                0x000000000800035c                USART1_IRQHandler
                0x000000000800035c                SPI3_IRQHandler
                0x000000000800035c                I2C1_ER_IRQHandler
                0x000000000800035c                DMA2_Channel3_IRQHandler
 *fill*         0x000000000800035e        0x2 
 .text.keypad_init
                0x0000000008000360       0xcc ./stm32f103c6_ drivers/inc/keypad_driver/keypad.o
                0x0000000008000360                keypad_init
 .text.git_char
                0x000000000800042c      0x198 ./stm32f103c6_ drivers/inc/keypad_driver/keypad.o
                0x000000000800042c                git_char
 .text.delay_LCD
                0x00000000080005c4       0x3c ./stm32f103c6_ drivers/inc/lcd_driver/lcd.o
                0x00000000080005c4                delay_LCD
 .text.LCD_GOTO_XY
                0x0000000008000600       0x48 ./stm32f103c6_ drivers/inc/lcd_driver/lcd.o
                0x0000000008000600                LCD_GOTO_XY
 .text.LCD_INIT
                0x0000000008000648      0x158 ./stm32f103c6_ drivers/inc/lcd_driver/lcd.o
                0x0000000008000648                LCD_INIT
 .text.LCD_clear_screen
                0x00000000080007a0        0xe ./stm32f103c6_ drivers/inc/lcd_driver/lcd.o
                0x00000000080007a0                LCD_clear_screen
 *fill*         0x00000000080007ae        0x2 
 .text.LCD_lcd_kick
                0x00000000080007b0       0x2c ./stm32f103c6_ drivers/inc/lcd_driver/lcd.o
                0x00000000080007b0                LCD_lcd_kick
 .text.LCD_WRITE_COMMAND
                0x00000000080007dc       0x44 ./stm32f103c6_ drivers/inc/lcd_driver/lcd.o
                0x00000000080007dc                LCD_WRITE_COMMAND
 .text.LCD_WRITE_CHAR
                0x0000000008000820       0x44 ./stm32f103c6_ drivers/inc/lcd_driver/lcd.o
                0x0000000008000820                LCD_WRITE_CHAR
 .text.LCD_WRITE_STRING
                0x0000000008000864       0x5a ./stm32f103c6_ drivers/inc/lcd_driver/lcd.o
                0x0000000008000864                LCD_WRITE_STRING
 *fill*         0x00000000080008be        0x2 
 .text.sev_segmant_init
                0x00000000080008c0       0xbc ./stm32f103c6_ drivers/inc/seven_segmant_driver/7_segmant.o
                0x00000000080008c0                sev_segmant_init
 .text.git_pin_posation
                0x000000000800097c      0x170 ./stm32f103c6_ drivers/stm32f103c6_ gpio_drivers.o
                0x000000000800097c                git_pin_posation
 .text.MCAL_GPIO_INIT
                0x0000000008000aec       0xfe ./stm32f103c6_ drivers/stm32f103c6_ gpio_drivers.o
                0x0000000008000aec                MCAL_GPIO_INIT
 .text.MCAL_GPIO_write_pin
                0x0000000008000bea       0x2e ./stm32f103c6_ drivers/stm32f103c6_ gpio_drivers.o
                0x0000000008000bea                MCAL_GPIO_write_pin
 .text.MCAL_GPIO_write_port
                0x0000000008000c18       0x1c ./stm32f103c6_ drivers/stm32f103c6_ gpio_drivers.o
                0x0000000008000c18                MCAL_GPIO_write_port
 .text.MCAL_GPIO_Read_pin
                0x0000000008000c34       0x2e ./stm32f103c6_ drivers/stm32f103c6_ gpio_drivers.o
                0x0000000008000c34                MCAL_GPIO_Read_pin
 *fill*         0x0000000008000c62        0x2 
 .text.__libc_init_array
                0x0000000008000c64       0x48 d:/program files/st/stm32cubeide_1.7.0/stm32cubeide/plugins/com.st.stm32cube.ide.mcu.externaltools.gnu-tools-for-stm32.9-2020-q2-update.win32_2.0.0.202105311346/tools/bin/../lib/gcc/arm-none-eabi/9.3.1/../../../../arm-none-eabi/lib/thumb/v7-m/nofp\libc_nano.a(lib_a-init.o)
                0x0000000008000c64                __libc_init_array
 *(.glue_7)
 .glue_7        0x0000000008000cac        0x0 linker stubs
 *(.glue_7t)
 .glue_7t       0x0000000008000cac        0x0 linker stubs
 *(.eh_frame)
 .eh_frame      0x0000000008000cac        0x0 d:/program files/st/stm32cubeide_1.7.0/stm32cubeide/plugins/com.st.stm32cube.ide.mcu.externaltools.gnu-tools-for-stm32.9-2020-q2-update.win32_2.0.0.202105311346/tools/bin/../lib/gcc/arm-none-eabi/9.3.1/thumb/v7-m/nofp/crtbegin.o
 *(.init)
 .init          0x0000000008000cac        0x4 d:/program files/st/stm32cubeide_1.7.0/stm32cubeide/plugins/com.st.stm32cube.ide.mcu.externaltools.gnu-tools-for-stm32.9-2020-q2-update.win32_2.0.0.202105311346/tools/bin/../lib/gcc/arm-none-eabi/9.3.1/thumb/v7-m/nofp/crti.o
                0x0000000008000cac                _init
 .init          0x0000000008000cb0        0x8 d:/program files/st/stm32cubeide_1.7.0/stm32cubeide/plugins/com.st.stm32cube.ide.mcu.externaltools.gnu-tools-for-stm32.9-2020-q2-update.win32_2.0.0.202105311346/tools/bin/../lib/gcc/arm-none-eabi/9.3.1/thumb/v7-m/nofp/crtn.o
 *(.fini)
 .fini          0x0000000008000cb8        0x4 d:/program files/st/stm32cubeide_1.7.0/stm32cubeide/plugins/com.st.stm32cube.ide.mcu.externaltools.gnu-tools-for-stm32.9-2020-q2-update.win32_2.0.0.202105311346/tools/bin/../lib/gcc/arm-none-eabi/9.3.1/thumb/v7-m/nofp/crti.o
                0x0000000008000cb8                _fini
 .fini          0x0000000008000cbc        0x8 d:/program files/st/stm32cubeide_1.7.0/stm32cubeide/plugins/com.st.stm32cube.ide.mcu.externaltools.gnu-tools-for-stm32.9-2020-q2-update.win32_2.0.0.202105311346/tools/bin/../lib/gcc/arm-none-eabi/9.3.1/thumb/v7-m/nofp/crtn.o
                0x0000000008000cc4                . = ALIGN (0x4)
                0x0000000008000cc4                _etext = .

.vfp11_veneer   0x0000000008000cc4        0x0
 .vfp11_veneer  0x0000000008000cc4        0x0 linker stubs

.v4_bx          0x0000000008000cc4        0x0
 .v4_bx         0x0000000008000cc4        0x0 linker stubs

.iplt           0x0000000008000cc4        0x0
 .iplt          0x0000000008000cc4        0x0 d:/program files/st/stm32cubeide_1.7.0/stm32cubeide/plugins/com.st.stm32cube.ide.mcu.externaltools.gnu-tools-for-stm32.9-2020-q2-update.win32_2.0.0.202105311346/tools/bin/../lib/gcc/arm-none-eabi/9.3.1/thumb/v7-m/nofp/crtbegin.o

.rodata         0x0000000008000cc4       0x7c
                0x0000000008000cc4                . = ALIGN (0x4)
 *(.rodata)
 .rodata        0x0000000008000cc4       0x7c ./Src/main.o
 *(.rodata*)
                0x0000000008000d40                . = ALIGN (0x4)

.rel.dyn        0x0000000008000d40        0x0
 .rel.iplt      0x0000000008000d40        0x0 d:/program files/st/stm32cubeide_1.7.0/stm32cubeide/plugins/com.st.stm32cube.ide.mcu.externaltools.gnu-tools-for-stm32.9-2020-q2-update.win32_2.0.0.202105311346/tools/bin/../lib/gcc/arm-none-eabi/9.3.1/thumb/v7-m/nofp/crtbegin.o

.ARM.extab      0x0000000008000d40        0x0
                0x0000000008000d40                . = ALIGN (0x4)
 *(.ARM.extab* .gnu.linkonce.armextab.*)
                0x0000000008000d40                . = ALIGN (0x4)

.ARM            0x0000000008000d40        0x0
                0x0000000008000d40                . = ALIGN (0x4)
                0x0000000008000d40                __exidx_start = .
 *(.ARM.exidx*)
                0x0000000008000d40                __exidx_end = .
                0x0000000008000d40                . = ALIGN (0x4)

.preinit_array  0x0000000008000d40        0x0
                0x0000000008000d40                . = ALIGN (0x4)
                0x0000000008000d40                PROVIDE (__preinit_array_start = .)
 *(.preinit_array*)
                0x0000000008000d40                PROVIDE (__preinit_array_end = .)
                0x0000000008000d40                . = ALIGN (0x4)

.init_array     0x0000000008000d40        0x4
                0x0000000008000d40                . = ALIGN (0x4)
                0x0000000008000d40                PROVIDE (__init_array_start = .)
 *(SORT_BY_NAME(.init_array.*))
 *(.init_array*)
 .init_array    0x0000000008000d40        0x4 d:/program files/st/stm32cubeide_1.7.0/stm32cubeide/plugins/com.st.stm32cube.ide.mcu.externaltools.gnu-tools-for-stm32.9-2020-q2-update.win32_2.0.0.202105311346/tools/bin/../lib/gcc/arm-none-eabi/9.3.1/thumb/v7-m/nofp/crtbegin.o
                0x0000000008000d44                PROVIDE (__init_array_end = .)
                0x0000000008000d44                . = ALIGN (0x4)

.fini_array     0x0000000008000d44        0x4
                0x0000000008000d44                . = ALIGN (0x4)
                [!provide]                        PROVIDE (__fini_array_start = .)
 *(SORT_BY_NAME(.fini_array.*))
 *(.fini_array*)
 .fini_array    0x0000000008000d44        0x4 d:/program files/st/stm32cubeide_1.7.0/stm32cubeide/plugins/com.st.stm32cube.ide.mcu.externaltools.gnu-tools-for-stm32.9-2020-q2-update.win32_2.0.0.202105311346/tools/bin/../lib/gcc/arm-none-eabi/9.3.1/thumb/v7-m/nofp/crtbegin.o
                [!provide]                        PROVIDE (__fini_array_end = .)
                0x0000000008000d48                . = ALIGN (0x4)
                0x0000000008000d48                _sidata = LOADADDR (.data)

.data           0x0000000020000000       0x20 load address 0x0000000008000d48
                0x0000000020000000                . = ALIGN (0x4)
                0x0000000020000000                _sdata = .
 *(.data)
 *(.data*)
 .data.keypad_row
                0x0000000020000000       0x10 ./stm32f103c6_ drivers/inc/keypad_driver/keypad.o
                0x0000000020000000                keypad_row
 .data.keypad_colom
                0x0000000020000010       0x10 ./stm32f103c6_ drivers/inc/keypad_driver/keypad.o
                0x0000000020000010                keypad_colom
 *(.RamFunc)
 *(.RamFunc*)
                0x0000000020000020                . = ALIGN (0x4)
                0x0000000020000020                _edata = .

.igot.plt       0x0000000020000020        0x0 load address 0x0000000008000d68
 .igot.plt      0x0000000020000020        0x0 d:/program files/st/stm32cubeide_1.7.0/stm32cubeide/plugins/com.st.stm32cube.ide.mcu.externaltools.gnu-tools-for-stm32.9-2020-q2-update.win32_2.0.0.202105311346/tools/bin/../lib/gcc/arm-none-eabi/9.3.1/thumb/v7-m/nofp/crtbegin.o
                0x0000000020000020                . = ALIGN (0x4)

.bss            0x0000000020000020       0x1c load address 0x0000000008000d68
                0x0000000020000020                _sbss = .
                0x0000000020000020                __bss_start__ = _sbss
 *(.bss)
 .bss           0x0000000020000020       0x1c d:/program files/st/stm32cubeide_1.7.0/stm32cubeide/plugins/com.st.stm32cube.ide.mcu.externaltools.gnu-tools-for-stm32.9-2020-q2-update.win32_2.0.0.202105311346/tools/bin/../lib/gcc/arm-none-eabi/9.3.1/thumb/v7-m/nofp/crtbegin.o
 *(.bss*)
 *(COMMON)
                0x000000002000003c                . = ALIGN (0x4)
                0x000000002000003c                _ebss = .
                0x000000002000003c                __bss_end__ = _ebss

._user_heap_stack
                0x000000002000003c      0x604 load address 0x0000000008000d68
                0x0000000020000040                . = ALIGN (0x8)
 *fill*         0x000000002000003c        0x4 
                [!provide]                        PROVIDE (end = .)
                0x0000000020000040                PROVIDE (_end = .)
                0x0000000020000240                . = (. + _Min_Heap_Size)
 *fill*         0x0000000020000040      0x200 
                0x0000000020000640                . = (. + _Min_Stack_Size)
 *fill*         0x0000000020000240      0x400 
                0x0000000020000640                . = ALIGN (0x8)

/DISCARD/
 libc.a(*)
 libm.a(*)
 libgcc.a(*)

.ARM.attributes
                0x0000000000000000       0x29
 *(.ARM.attributes)
 .ARM.attributes
                0x0000000000000000       0x1d d:/program files/st/stm32cubeide_1.7.0/stm32cubeide/plugins/com.st.stm32cube.ide.mcu.externaltools.gnu-tools-for-stm32.9-2020-q2-update.win32_2.0.0.202105311346/tools/bin/../lib/gcc/arm-none-eabi/9.3.1/thumb/v7-m/nofp/crti.o
 .ARM.attributes
                0x000000000000001d       0x2d d:/program files/st/stm32cubeide_1.7.0/stm32cubeide/plugins/com.st.stm32cube.ide.mcu.externaltools.gnu-tools-for-stm32.9-2020-q2-update.win32_2.0.0.202105311346/tools/bin/../lib/gcc/arm-none-eabi/9.3.1/thumb/v7-m/nofp/crtbegin.o
 .ARM.attributes
                0x000000000000004a       0x2d ./Src/main.o
 .ARM.attributes
                0x0000000000000077       0x21 ./Startup/startup_stm32f103c6tx.o
 .ARM.attributes
                0x0000000000000098       0x2d ./stm32f103c6_ drivers/inc/keypad_driver/keypad.o
 .ARM.attributes
                0x00000000000000c5       0x2d ./stm32f103c6_ drivers/inc/lcd_driver/lcd.o
 .ARM.attributes
                0x00000000000000f2       0x2d ./stm32f103c6_ drivers/inc/seven_segmant_driver/7_segmant.o
 .ARM.attributes
                0x000000000000011f       0x2d ./stm32f103c6_ drivers/stm32f103c6_ gpio_drivers.o
 .ARM.attributes
                0x000000000000014c       0x2d d:/program files/st/stm32cubeide_1.7.0/stm32cubeide/plugins/com.st.stm32cube.ide.mcu.externaltools.gnu-tools-for-stm32.9-2020-q2-update.win32_2.0.0.202105311346/tools/bin/../lib/gcc/arm-none-eabi/9.3.1/../../../../arm-none-eabi/lib/thumb/v7-m/nofp\libc_nano.a(lib_a-init.o)
 .ARM.attributes
                0x0000000000000179       0x1d d:/program files/st/stm32cubeide_1.7.0/stm32cubeide/plugins/com.st.stm32cube.ide.mcu.externaltools.gnu-tools-for-stm32.9-2020-q2-update.win32_2.0.0.202105311346/tools/bin/../lib/gcc/arm-none-eabi/9.3.1/thumb/v7-m/nofp/crtn.o
OUTPUT(Driver.axf elf32-littlearm)
LOAD linker stubs
LOAD d:/program files/st/stm32cubeide_1.7.0/stm32cubeide/plugins/com.st.stm32cube.ide.mcu.externaltools.gnu-tools-for-stm32.9-2020-q2-update.win32_2.0.0.202105311346/tools/bin/../lib/gcc/arm-none-eabi/9.3.1/../../../../arm-none-eabi/lib/thumb/v7-m/nofp\libc.a
LOAD d:/program files/st/stm32cubeide_1.7.0/stm32cubeide/plugins/com.st.stm32cube.ide.mcu.externaltools.gnu-tools-for-stm32.9-2020-q2-update.win32_2.0.0.202105311346/tools/bin/../lib/gcc/arm-none-eabi/9.3.1/../../../../arm-none-eabi/lib/thumb/v7-m/nofp\libm.a
LOAD d:/program files/st/stm32cubeide_1.7.0/stm32cubeide/plugins/com.st.stm32cube.ide.mcu.externaltools.gnu-tools-for-stm32.9-2020-q2-update.win32_2.0.0.202105311346/tools/bin/../lib/gcc/arm-none-eabi/9.3.1/thumb/v7-m/nofp\libgcc.a

.debug_info     0x0000000000000000     0x3e8d
 .debug_info    0x0000000000000000      0xc3a ./Src/main.o
 .debug_info    0x0000000000000c3a       0x22 ./Startup/startup_stm32f103c6tx.o
 .debug_info    0x0000000000000c5c      0xbc8 ./stm32f103c6_ drivers/inc/keypad_driver/keypad.o
 .debug_info    0x0000000000001824      0xcb6 ./stm32f103c6_ drivers/inc/lcd_driver/lcd.o
 .debug_info    0x00000000000024da      0xb99 ./stm32f103c6_ drivers/inc/seven_segmant_driver/7_segmant.o
 .debug_info    0x0000000000003073      0xe1a ./stm32f103c6_ drivers/stm32f103c6_ gpio_drivers.o

.debug_abbrev   0x0000000000000000      0xa8c
 .debug_abbrev  0x0000000000000000      0x200 ./Src/main.o
 .debug_abbrev  0x0000000000000200       0x12 ./Startup/startup_stm32f103c6tx.o
 .debug_abbrev  0x0000000000000212      0x1e4 ./stm32f103c6_ drivers/inc/keypad_driver/keypad.o
 .debug_abbrev  0x00000000000003f6      0x265 ./stm32f103c6_ drivers/inc/lcd_driver/lcd.o
 .debug_abbrev  0x000000000000065b      0x1cf ./stm32f103c6_ drivers/inc/seven_segmant_driver/7_segmant.o
 .debug_abbrev  0x000000000000082a      0x262 ./stm32f103c6_ drivers/stm32f103c6_ gpio_drivers.o

.debug_loc      0x0000000000000000      0x7de
 .debug_loc     0x0000000000000000       0xda ./Src/main.o
 .debug_loc     0x00000000000000da       0xa0 ./stm32f103c6_ drivers/inc/keypad_driver/keypad.o
 .debug_loc     0x000000000000017a      0x294 ./stm32f103c6_ drivers/inc/lcd_driver/lcd.o
 .debug_loc     0x000000000000040e       0xa0 ./stm32f103c6_ drivers/inc/seven_segmant_driver/7_segmant.o
 .debug_loc     0x00000000000004ae      0x330 ./stm32f103c6_ drivers/stm32f103c6_ gpio_drivers.o

.debug_aranges  0x0000000000000000      0x168
 .debug_aranges
                0x0000000000000000       0x30 ./Src/main.o
 .debug_aranges
                0x0000000000000030       0x28 ./Startup/startup_stm32f103c6tx.o
 .debug_aranges
                0x0000000000000058       0x28 ./stm32f103c6_ drivers/inc/keypad_driver/keypad.o
 .debug_aranges
                0x0000000000000080       0x60 ./stm32f103c6_ drivers/inc/lcd_driver/lcd.o
 .debug_aranges
                0x00000000000000e0       0x28 ./stm32f103c6_ drivers/inc/seven_segmant_driver/7_segmant.o
 .debug_aranges
                0x0000000000000108       0x60 ./stm32f103c6_ drivers/stm32f103c6_ gpio_drivers.o

.debug_ranges   0x0000000000000000      0x110
 .debug_ranges  0x0000000000000000       0x20 ./Src/main.o
 .debug_ranges  0x0000000000000020       0x20 ./Startup/startup_stm32f103c6tx.o
 .debug_ranges  0x0000000000000040       0x18 ./stm32f103c6_ drivers/inc/keypad_driver/keypad.o
 .debug_ranges  0x0000000000000058       0x50 ./stm32f103c6_ drivers/inc/lcd_driver/lcd.o
 .debug_ranges  0x00000000000000a8       0x18 ./stm32f103c6_ drivers/inc/seven_segmant_driver/7_segmant.o
 .debug_ranges  0x00000000000000c0       0x50 ./stm32f103c6_ drivers/stm32f103c6_ gpio_drivers.o

.debug_macro    0x0000000000000000     0x2132
 .debug_macro   0x0000000000000000      0x16b ./Src/main.o
 .debug_macro   0x000000000000016b      0xaa2 ./Src/main.o
 .debug_macro   0x0000000000000c0d       0x18 ./Src/main.o
 .debug_macro   0x0000000000000c25       0x22 ./Src/main.o
 .debug_macro   0x0000000000000c47       0x4c ./Src/main.o
 .debug_macro   0x0000000000000c93       0x94 ./Src/main.o
 .debug_macro   0x0000000000000d27       0x3c ./Src/main.o
 .debug_macro   0x0000000000000d63       0x34 ./Src/main.o
 .debug_macro   0x0000000000000d97       0x16 ./Src/main.o
 .debug_macro   0x0000000000000dad      0x10e ./Src/main.o
 .debug_macro   0x0000000000000ebb       0x8d ./Src/main.o
 .debug_macro   0x0000000000000f48       0x16 ./Src/main.o
 .debug_macro   0x0000000000000f5e       0x43 ./Src/main.o
 .debug_macro   0x0000000000000fa1       0x57 ./Src/main.o
 .debug_macro   0x0000000000000ff8       0x34 ./Src/main.o
 .debug_macro   0x000000000000102c       0x10 ./Src/main.o
 .debug_macro   0x000000000000103c       0x58 ./Src/main.o
 .debug_macro   0x0000000000001094       0x71 ./Src/main.o
 .debug_macro   0x0000000000001105       0x1c ./Src/main.o
 .debug_macro   0x0000000000001121      0x12a ./Src/main.o
 .debug_macro   0x000000000000124b      0x339 ./Src/main.o
 .debug_macro   0x0000000000001584       0x16 ./Src/main.o
 .debug_macro   0x000000000000159a       0x29 ./Src/main.o
 .debug_macro   0x00000000000015c3      0x103 ./Src/main.o
 .debug_macro   0x00000000000016c6       0x6a ./Src/main.o
 .debug_macro   0x0000000000001730      0x1df ./Src/main.o
 .debug_macro   0x000000000000190f       0xac ./Src/main.o
 .debug_macro   0x00000000000019bb       0xd0 ./Src/main.o
 .debug_macro   0x0000000000001a8b       0x9a ./Src/main.o
 .debug_macro   0x0000000000001b25       0x40 ./Src/main.o
 .debug_macro   0x0000000000001b65       0x76 ./Src/main.o
 .debug_macro   0x0000000000001bdb      0x159 ./stm32f103c6_ drivers/inc/keypad_driver/keypad.o
 .debug_macro   0x0000000000001d34      0x159 ./stm32f103c6_ drivers/inc/lcd_driver/lcd.o
 .debug_macro   0x0000000000001e8d      0x159 ./stm32f103c6_ drivers/inc/seven_segmant_driver/7_segmant.o
 .debug_macro   0x0000000000001fe6      0x14c ./stm32f103c6_ drivers/stm32f103c6_ gpio_drivers.o

.debug_line     0x0000000000000000     0x2a75
 .debug_line    0x0000000000000000      0x88c ./Src/main.o
 .debug_line    0x000000000000088c       0x84 ./Startup/startup_stm32f103c6tx.o
 .debug_line    0x0000000000000910      0x854 ./stm32f103c6_ drivers/inc/keypad_driver/keypad.o
 .debug_line    0x0000000000001164      0x8c5 ./stm32f103c6_ drivers/inc/lcd_driver/lcd.o
 .debug_line    0x0000000000001a29      0x757 ./stm32f103c6_ drivers/inc/seven_segmant_driver/7_segmant.o
 .debug_line    0x0000000000002180      0x8f5 ./stm32f103c6_ drivers/stm32f103c6_ gpio_drivers.o

.debug_str      0x0000000000000000     0x8032
 .debug_str     0x0000000000000000     0x7cd1 ./Src/main.o
                                       0x7f49 (size before relaxing)
 .debug_str     0x0000000000007cd1       0x31 ./Startup/startup_stm32f103c6tx.o
                                         0x67 (size before relaxing)
 .debug_str     0x0000000000007d02       0xbc ./stm32f103c6_ drivers/inc/keypad_driver/keypad.o
                                       0x7c00 (size before relaxing)
 .debug_str     0x0000000000007dbe       0xe5 ./stm32f103c6_ drivers/inc/lcd_driver/lcd.o
                                       0x7e52 (size before relaxing)
 .debug_str     0x0000000000007ea3       0x82 ./stm32f103c6_ drivers/inc/seven_segmant_driver/7_segmant.o
                                       0x7cb7 (size before relaxing)
 .debug_str     0x0000000000007f25      0x10d ./stm32f103c6_ drivers/stm32f103c6_ gpio_drivers.o
                                       0x7c6c (size before relaxing)

.comment        0x0000000000000000       0x53
 .comment       0x0000000000000000       0x53 ./Src/main.o
                                         0x54 (size before relaxing)
 .comment       0x0000000000000053       0x54 ./stm32f103c6_ drivers/inc/keypad_driver/keypad.o
 .comment       0x0000000000000053       0x54 ./stm32f103c6_ drivers/inc/lcd_driver/lcd.o
 .comment       0x0000000000000053       0x54 ./stm32f103c6_ drivers/inc/seven_segmant_driver/7_segmant.o
 .comment       0x0000000000000053       0x54 ./stm32f103c6_ drivers/stm32f103c6_ gpio_drivers.o

.debug_frame    0x0000000000000000      0x418
 .debug_frame   0x0000000000000000       0x7c ./Src/main.o
 .debug_frame   0x000000000000007c       0x58 ./stm32f103c6_ drivers/inc/keypad_driver/keypad.o
 .debug_frame   0x00000000000000d4      0x148 ./stm32f103c6_ drivers/inc/lcd_driver/lcd.o
 .debug_frame   0x000000000000021c       0x58 ./stm32f103c6_ drivers/inc/seven_segmant_driver/7_segmant.o
 .debug_frame   0x0000000000000274      0x178 ./stm32f103c6_ drivers/stm32f103c6_ gpio_drivers.o
 .debug_frame   0x00000000000003ec       0x2c d:/program files/st/stm32cubeide_1.7.0/stm32cubeide/plugins/com.st.stm32cube.ide.mcu.externaltools.gnu-tools-for-stm32.9-2020-q2-update.win32_2.0.0.202105311346/tools/bin/../lib/gcc/arm-none-eabi/9.3.1/../../../../arm-none-eabi/lib/thumb/v7-m/nofp\libc_nano.a(lib_a-init.o)
