main.c:32:6:swich_CPU_access_user_level	16	static,ignoring_inline_asm
main.c:68:6:main_OS	8	static,ignoring_inline_asm
main.c:117:5:Task_A	24	static
main.c:122:5:Task_B	24	static
main.c:127:6:EXTI9B_Callback	4	static
main.c:140:6:clock_init	4	static
main.c:147:6:HardFault_Handler	4	static
main.c:150:6:MemManage_Handler	4	static
main.c:154:6:BusFault_Handler	4	static
main.c:158:6:UsageFault_Handler	4	static
main.c:162:6:SVC_Handler	4	static,ignoring_inline_asm
main.c:167:5:main	40	static
