Archive member included to satisfy reference by file (symbol)

d:/program files/st/stm32cubeide_1.7.0/stm32cubeide/plugins/com.st.stm32cube.ide.mcu.externaltools.gnu-tools-for-stm32.9-2020-q2-update.win32_2.0.0.202105311346/tools/bin/../lib/gcc/arm-none-eabi/9.3.1/../../../../arm-none-eabi/lib/thumb/v7-m/nofp\libc_nano.a(lib_a-errno.o)
                              ./Src/syscalls.o (__errno)
d:/program files/st/stm32cubeide_1.7.0/stm32cubeide/plugins/com.st.stm32cube.ide.mcu.externaltools.gnu-tools-for-stm32.9-2020-q2-update.win32_2.0.0.202105311346/tools/bin/../lib/gcc/arm-none-eabi/9.3.1/../../../../arm-none-eabi/lib/thumb/v7-m/nofp\libc_nano.a(lib_a-exit.o)
                              d:/program files/st/stm32cubeide_1.7.0/stm32cubeide/plugins/com.st.stm32cube.ide.mcu.externaltools.gnu-tools-for-stm32.9-2020-q2-update.win32_2.0.0.202105311346/tools/bin/../lib/gcc/arm-none-eabi/9.3.1/../../../../arm-none-eabi/lib/thumb/v7-m/nofp/crt0.o (exit)
d:/program files/st/stm32cubeide_1.7.0/stm32cubeide/plugins/com.st.stm32cube.ide.mcu.externaltools.gnu-tools-for-stm32.9-2020-q2-update.win32_2.0.0.202105311346/tools/bin/../lib/gcc/arm-none-eabi/9.3.1/../../../../arm-none-eabi/lib/thumb/v7-m/nofp\libc_nano.a(lib_a-impure.o)
                              d:/program files/st/stm32cubeide_1.7.0/stm32cubeide/plugins/com.st.stm32cube.ide.mcu.externaltools.gnu-tools-for-stm32.9-2020-q2-update.win32_2.0.0.202105311346/tools/bin/../lib/gcc/arm-none-eabi/9.3.1/../../../../arm-none-eabi/lib/thumb/v7-m/nofp\libc_nano.a(lib_a-exit.o) (_global_impure_ptr)
d:/program files/st/stm32cubeide_1.7.0/stm32cubeide/plugins/com.st.stm32cube.ide.mcu.externaltools.gnu-tools-for-stm32.9-2020-q2-update.win32_2.0.0.202105311346/tools/bin/../lib/gcc/arm-none-eabi/9.3.1/../../../../arm-none-eabi/lib/thumb/v7-m/nofp\libc_nano.a(lib_a-init.o)
                              d:/program files/st/stm32cubeide_1.7.0/stm32cubeide/plugins/com.st.stm32cube.ide.mcu.externaltools.gnu-tools-for-stm32.9-2020-q2-update.win32_2.0.0.202105311346/tools/bin/../lib/gcc/arm-none-eabi/9.3.1/../../../../arm-none-eabi/lib/thumb/v7-m/nofp/crt0.o (__libc_init_array)
d:/program files/st/stm32cubeide_1.7.0/stm32cubeide/plugins/com.st.stm32cube.ide.mcu.externaltools.gnu-tools-for-stm32.9-2020-q2-update.win32_2.0.0.202105311346/tools/bin/../lib/gcc/arm-none-eabi/9.3.1/../../../../arm-none-eabi/lib/thumb/v7-m/nofp\libc_nano.a(lib_a-memset.o)
                              d:/program files/st/stm32cubeide_1.7.0/stm32cubeide/plugins/com.st.stm32cube.ide.mcu.externaltools.gnu-tools-for-stm32.9-2020-q2-update.win32_2.0.0.202105311346/tools/bin/../lib/gcc/arm-none-eabi/9.3.1/../../../../arm-none-eabi/lib/thumb/v7-m/nofp/crt0.o (memset)

Allocating common symbols
Common symbol       size              file

__S_PSP_Task_B      0x4               ./Src/main.o
flag                0x4               ./Src/main.o
__E_PSP_Task_A      0x4               ./Src/main.o
__E_PSP_Task_B      0x4               ./Src/main.o
__E_MSP             0x4               ./Src/main.o
taskA_flag          0x4               ./Src/main.o
taskB_flag          0x4               ./Src/main.o
Gp_IRQ_Callback     0x3c              ./stm32f103c6_ drivers/EXTI/stm32f103c6_ EXTI_drivers.o
__S_PSP_Task_A      0x4               ./Src/main.o

Discarded input sections

 .text          0x0000000000000000        0x0 d:/program files/st/stm32cubeide_1.7.0/stm32cubeide/plugins/com.st.stm32cube.ide.mcu.externaltools.gnu-tools-for-stm32.9-2020-q2-update.win32_2.0.0.202105311346/tools/bin/../lib/gcc/arm-none-eabi/9.3.1/thumb/v7-m/nofp/crti.o
 .data          0x0000000000000000        0x0 d:/program files/st/stm32cubeide_1.7.0/stm32cubeide/plugins/com.st.stm32cube.ide.mcu.externaltools.gnu-tools-for-stm32.9-2020-q2-update.win32_2.0.0.202105311346/tools/bin/../lib/gcc/arm-none-eabi/9.3.1/thumb/v7-m/nofp/crti.o
 .bss           0x0000000000000000        0x0 d:/program files/st/stm32cubeide_1.7.0/stm32cubeide/plugins/com.st.stm32cube.ide.mcu.externaltools.gnu-tools-for-stm32.9-2020-q2-update.win32_2.0.0.202105311346/tools/bin/../lib/gcc/arm-none-eabi/9.3.1/thumb/v7-m/nofp/crti.o
 .data          0x0000000000000000        0x4 d:/program files/st/stm32cubeide_1.7.0/stm32cubeide/plugins/com.st.stm32cube.ide.mcu.externaltools.gnu-tools-for-stm32.9-2020-q2-update.win32_2.0.0.202105311346/tools/bin/../lib/gcc/arm-none-eabi/9.3.1/thumb/v7-m/nofp/crtbegin.o
 .text          0x0000000000000000       0x7c d:/program files/st/stm32cubeide_1.7.0/stm32cubeide/plugins/com.st.stm32cube.ide.mcu.externaltools.gnu-tools-for-stm32.9-2020-q2-update.win32_2.0.0.202105311346/tools/bin/../lib/gcc/arm-none-eabi/9.3.1/../../../../arm-none-eabi/lib/thumb/v7-m/nofp/crt0.o
[...]
Memory Configuration

Name             Origin             Length             Attributes
RAM              0x0000000020000000 0x0000000000005000 xrw
FLASH            0x0000000008000000 0x0000000000010000 xr
*default*        0x0000000000000000 0xffffffffffffffff

Linker script and memory map

LOAD d:/program files/st/stm32cubeide_1.7.0/stm32cubeide/plugins/com.st.stm32cube.ide.mcu.externaltools.gnu-tools-for-stm32.9-2020-q2-update.win32_2.0.0.202105311346/tools/bin/../lib/gcc/arm-none-eabi/9.3.1/thumb/v7-m/nofp/crti.o
LOAD d:/program files/st/stm32cubeide_1.7.0/stm32cubeide/plugins/com.st.stm32cube.ide.mcu.externaltools.gnu-tools-for-stm32.9-2020-q2-update.win32_2.0.0.202105311346/tools/bin/../lib/gcc/arm-none-eabi/9.3.1/thumb/v7-m/nofp/crtbegin.o
LOAD d:/program files/st/stm32cubeide_1.7.0/stm32cubeide/plugins/com.st.stm32cube.ide.mcu.externaltools.gnu-tools-for-stm32.9-2020-q2-update.win32_2.0.0.202105311346/tools/bin/../lib/gcc/arm-none-eabi/9.3.1/../../../../arm-none-eabi/lib/thumb/v7-m/nofp/crt0.o
LOAD ./Src/main.o
LOAD ./Src/syscalls.o
LOAD ./Src/sysmem.o
LOAD ./Startup/startup_stm32f103c6tx.o
LOAD ./stm32f103c6_ drivers/EXTI/stm32f103c6_ EXTI_drivers.o
LOAD ./stm32f103c6_ drivers/GPIO/stm32f103c6_GPIO_drivers.o
LOAD ./stm32f103c6_ drivers/Hall/EEPROM/EEPROM.o
LOAD ./stm32f103c6_ drivers/I2C/stm32f103c6_I2C_drivers.o
LOAD ./stm32f103c6_ drivers/RCC/stm32f103c6_ RCC_drivers.o
LOAD ./stm32f103c6_ drivers/SPI/stm32f103c6_SPI_drivers.o
LOAD ./stm32f103c6_ drivers/USART/stm32f103c6_ USART_drivers.o
LOAD ./stm32f103c6_ drivers/inc/keypad_driver/keypad.o
LOAD ./stm32f103c6_ drivers/inc/lcd_driver/lcd.o
LOAD ./stm32f103c6_ drivers/inc/seven_segmant_driver/7_segmant.o
START GROUP
LOAD d:/program files/st/stm32cubeide_1.7.0/stm32cubeide/plugins/com.st.stm32cube.ide.mcu.externaltools.gnu-tools-for-stm32.9-2020-q2-update.win32_2.0.0.202105311346/tools/bin/../lib/gcc/arm-none-eabi/9.3.1/../../../../arm-none-eabi/lib/thumb/v7-m/nofp\libc_nano.a
LOAD d:/program files/st/stm32cubeide_1.7.0/stm32cubeide/plugins/com.st.stm32cube.ide.mcu.externaltools.gnu-tools-for-stm32.9-2020-q2-update.win32_2.0.0.202105311346/tools/bin/../lib/gcc/arm-none-eabi/9.3.1/../../../../arm-none-eabi/lib/thumb/v7-m/nofp\libm.a
END GROUP
START GROUP
LOAD d:/program files/st/stm32cubeide_1.7.0/stm32cubeide/plugins/com.st.stm32cube.ide.mcu.externaltools.gnu-tools-for-stm32.9-2020-q2-update.win32_2.0.0.202105311346/tools/bin/../lib/gcc/arm-none-eabi/9.3.1/thumb/v7-m/nofp\libgcc.a
LOAD d:/program files/st/stm32cubeide_1.7.0/stm32cubeide/plugins/com.st.stm32cube.ide.mcu.externaltools.gnu-tools-for-stm32.9-2020-q2-update.win32_2.0.0.202105311346/tools/bin/../lib/gcc/arm-none-eabi/9.3.1/../../../../arm-none-eabi/lib/thumb/v7-m/nofp\libg_nano.a
LOAD d:/program files/st/stm32cubeide_1.7.0/stm32cubeide/plugins/com.st.stm32cube.ide.mcu.externaltools.gnu-tools-for-stm32.9-2020-q2-update.win32_2.0.0.202105311346/tools/bin/../lib/gcc/arm-none-eabi/9.3.1/../../../../arm-none-eabi/lib/thumb/v7-m/nofp\libc_nano.a
END GROUP
START GROUP
LOAD d:/program files/st/stm32cubeide_1.7.0/stm32cubeide/plugins/com.st.stm32cube.ide.mcu.externaltools.gnu-tools-for-stm32.9-2020-q2-update.win32_2.0.0.202105311346/tools/bin/../lib/gcc/arm-none-eabi/9.3.1/thumb/v7-m/nofp\libgcc.a
LOAD d:/program files/st/stm32cubeide_1.7.0/stm32cubeide/plugins/com.st.stm32cube.ide.mcu.externaltools.gnu-tools-for-stm32.9-2020-q2-update.win32_2.0.0.202105311346/tools/bin/../lib/gcc/arm-none-eabi/9.3.1/../../../../arm-none-eabi/lib/thumb/v7-m/nofp\libc_nano.a
LOAD d:/program files/st/stm32cubeide_1.7.0/stm32cubeide/plugins/com.st.stm32cube.ide.mcu.externaltools.gnu-tools-for-stm32.9-2020-q2-update.win32_2.0.0.202105311346/tools/bin/../lib/gcc/arm-none-eabi/9.3.1/../../../../arm-none-eabi/lib/thumb/v7-m/nofp\libnosys.a
END GROUP
START GROUP
LOAD d:/program files/st/stm32cubeide_1.7.0/stm32cubeide/plugins/com.st.stm32cube.ide.mcu.externaltools.gnu-tools-for-stm32.9-2020-q2-update.win32_2.0.0.202105311346/tools/bin/../lib/gcc/arm-none-eabi/9.3.1/thumb/v7-m/nofp\libgcc.a
LOAD d:/program files/st/stm32cubeide_1.7.0/stm32cubeide/plugins/com.st.stm32cube.ide.mcu.externaltools.gnu-tools-for-stm32.9-2020-q2-update.win32_2.0.0.202105311346/tools/bin/../lib/gcc/arm-none-eabi/9.3.1/../../../../arm-none-eabi/lib/thumb/v7-m/nofp\libc_nano.a
LOAD d:/program files/st/stm32cubeide_1.7.0/stm32cubeide/plugins/com.st.stm32cube.ide.mcu.externaltools.gnu-tools-for-stm32.9-2020-q2-update.win32_2.0.0.202105311346/tools/bin/../lib/gcc/arm-none-eabi/9.3.1/../../../../arm-none-eabi/lib/thumb/v7-m/nofp\libnosys.a
END GROUP
LOAD d:/program files/st/stm32cubeide_1.7.0/stm32cubeide/plugins/com.st.stm32cube.ide.mcu.externaltools.gnu-tools-for-stm32.9-2020-q2-update.win32_2.0.0.202105311346/tools/bin/../lib/gcc/arm-none-eabi/9.3.1/thumb/v7-m/nofp/crtend.o
LOAD d:/program files/st/stm32cubeide_1.7.0/stm32cubeide/plugins/com.st.stm32cube.ide.mcu.externaltools.gnu-tools-for-stm32.9-2020-q2-update.win32_2.0.0.202105311346/tools/bin/../lib/gcc/arm-none-eabi/9.3.1/thumb/v7-m/nofp/crtn.o
                0x0000000020005000                _estack = (ORIGIN (RAM) + LENGTH (RAM))
                0x0000000000000200                _Min_Heap_Size = 0x200
                0x0000000000000400                _Min_Stack_Size = 0x400

.isr_vector     0x0000000008000000      0x130
                0x0000000008000000                . = ALIGN (0x4)
 *(.isr_vector)
 .isr_vector    0x0000000008000000      0x130 ./Startup/startup_stm32f103c6tx.o
                0x0000000008000000                g_pfnVectors
                0x0000000008000130                . = ALIGN (0x4)

.text           0x0000000008000130      0xd90
                0x0000000008000130                . = ALIGN (0x4)
 *(.text)
 .text          0x0000000008000130       0x40 d:/program files/st/stm32cubeide_1.7.0/stm32cubeide/plugins/com.st.stm32cube.ide.mcu.externaltools.gnu-tools-for-stm32.9-2020-q2-update.win32_2.0.0.202105311346/tools/bin/../lib/gcc/arm-none-eabi/9.3.1/thumb/v7-m/nofp/crtbegin.o
 *(.text*)
 .text.main_OS  0x0000000008000170      0x104 ./Src/main.o
                0x0000000008000170                main_OS
 .text.Task_A   0x0000000008000274       0x20 ./Src/main.o
                0x0000000008000274                Task_A
 .text.Task_B   0x0000000008000294       0x20 ./Src/main.o
                0x0000000008000294                Task_B
 .text.EXTI9B_Callback
                0x00000000080002b4       0x44 ./Src/main.o
                0x00000000080002b4                EXTI9B_Callback
 .text.clock_init
                0x00000000080002f8       0x34 ./Src/main.o
                0x00000000080002f8                clock_init
 .text.HardFault_Handler
                0x000000000800032c        0xc ./Src/main.o
                0x000000000800032c                HardFault_Handler
 .text.MemManage_Handler
                0x0000000008000338        0xc ./Src/main.o
                0x0000000008000338                MemManage_Handler
 .text.BusFault_Handler
                0x0000000008000344        0xc ./Src/main.o
                0x0000000008000344                BusFault_Handler
 .text.UsageFault_Handler
                0x0000000008000350        0xc ./Src/main.o
                0x0000000008000350                UsageFault_Handler
 .text.SVC_Handler
                0x000000000800035c       0x18 ./Src/main.o
                0x000000000800035c                SVC_Handler
 .text.main     0x0000000008000374       0x54 ./Src/main.o
                0x0000000008000374                main
 .text.Reset_Handler
                0x00000000080003c8       0x50 ./Startup/startup_stm32f103c6tx.o
                0x00000000080003c8                Reset_Handler
 .text.Default_Handler
                0x0000000008000418        0x2 ./Startup/startup_stm32f103c6tx.o
                0x0000000008000418                TIM8_TRG_COM_IRQHandler
                0x0000000008000418                TIM8_CC_IRQHandler
                0x0000000008000418                DebugMon_Handler
                0x0000000008000418                TIM1_CC_IRQHandler
                0x0000000008000418                TIM6_IRQHandler
                0x0000000008000418                SysTick_Handler
                0x0000000008000418                PVD_IRQHandler
                0x0000000008000418                SDIO_IRQHandler
                0x0000000008000418                PendSV_Handler
                0x0000000008000418                NMI_Handler
                0x0000000008000418                USB_HP_CAN_TX_IRQHandler
                0x0000000008000418                I2C2_EV_IRQHandler
                0x0000000008000418                ADC1_2_IRQHandler
                0x0000000008000418                CAN_SCE_IRQHandler
                0x0000000008000418                TAMPER_IRQHandler
                0x0000000008000418                TIM8_UP_IRQHandler
                0x0000000008000418                DMA2_Channel2_IRQHandler
                0x0000000008000418                DMA1_Channel4_IRQHandler
                0x0000000008000418                RTC_IRQHandler
                0x0000000008000418                DMA1_Channel7_IRQHandler
                0x0000000008000418                UART5_IRQHandler
                0x0000000008000418                ADC3_IRQHandler
                0x0000000008000418                TIM4_IRQHandler
                0x0000000008000418                CAN_RX1_IRQHandler
                0x0000000008000418                DMA2_Channel1_IRQHandler
                0x0000000008000418                I2C1_EV_IRQHandler
                0x0000000008000418                DMA1_Channel6_IRQHandler
                0x0000000008000418                UART4_IRQHandler
                0x0000000008000418                TIM3_IRQHandler
                0x0000000008000418                RCC_IRQHandler
                0x0000000008000418                TIM1_TRG_COM_IRQHandler
                0x0000000008000418                DMA1_Channel1_IRQHandler
                0x0000000008000418                Default_Handler
                0x0000000008000418                TIM7_IRQHandler
                0x0000000008000418                TIM5_IRQHandler
                0x0000000008000418                USB_LP_CAN_RX0_IRQHandler
                0x0000000008000418                DMA1_Channel5_IRQHandler
                0x0000000008000418                DMA1_Channel3_IRQHandler
                0x0000000008000418                FSMC_IRQHandler
                0x0000000008000418                TIM1_UP_IRQHandler
                0x0000000008000418                WWDG_IRQHandler
                0x0000000008000418                TIM2_IRQHandler
                0x0000000008000418                TIM1_BRK_IRQHandler
                0x0000000008000418                RTCAlarm_IRQHandler
                0x0000000008000418                DMA2_Channel4_5_IRQHandler
                0x0000000008000418                I2C2_ER_IRQHandler
                0x0000000008000418                DMA1_Channel2_IRQHandler
                0x0000000008000418                TIM8_BRK_IRQHandler
                0x0000000008000418                FLASH_IRQHandler
                0x0000000008000418                SPI3_IRQHandler
                0x0000000008000418                I2C1_ER_IRQHandler
                0x0000000008000418                DMA2_Channel3_IRQHandler
 *fill*         0x000000000800041a        0x2 
 .text.enable_NVIC
                0x000000000800041c       0xcc ./stm32f103c6_ drivers/EXTI/stm32f103c6_ EXTI_drivers.o
                0x000000000800041c                enable_NVIC
 .text.disable_NVIC
                0x00000000080004e8       0xcc ./stm32f103c6_ drivers/EXTI/stm32f103c6_ EXTI_drivers.o
                0x00000000080004e8                disable_NVIC
 .text.EXTI_UPDATE
                0x00000000080005b4      0x1d8 ./stm32f103c6_ drivers/EXTI/stm32f103c6_ EXTI_drivers.o
                0x00000000080005b4                EXTI_UPDATE
 .text.MCAL_EXTI_GPIO_INIT
                0x000000000800078c       0x16 ./stm32f103c6_ drivers/EXTI/stm32f103c6_ EXTI_drivers.o
                0x000000000800078c                MCAL_EXTI_GPIO_INIT
 *fill*         0x00000000080007a2        0x2 
 .text.EXTI0_IRQHandler
                0x00000000080007a4       0x24 ./stm32f103c6_ drivers/EXTI/stm32f103c6_ EXTI_drivers.o
                0x00000000080007a4                EXTI0_IRQHandler
 .text.EXTI1_IRQHandler
                0x00000000080007c8       0x24 ./stm32f103c6_ drivers/EXTI/stm32f103c6_ EXTI_drivers.o
                0x00000000080007c8                EXTI1_IRQHandler
 .text.EXTI2_IRQHandler
                0x00000000080007ec       0x24 ./stm32f103c6_ drivers/EXTI/stm32f103c6_ EXTI_drivers.o
                0x00000000080007ec                EXTI2_IRQHandler
 .text.EXTI3_IRQHandler
                0x0000000008000810       0x24 ./stm32f103c6_ drivers/EXTI/stm32f103c6_ EXTI_drivers.o
                0x0000000008000810                EXTI3_IRQHandler
 .text.EXTI4_IRQHandler
                0x0000000008000834       0x24 ./stm32f103c6_ drivers/EXTI/stm32f103c6_ EXTI_drivers.o
                0x0000000008000834                EXTI4_IRQHandler
 .text.EXTI9_5_IRQHandler
                0x0000000008000858       0xa8 ./stm32f103c6_ drivers/EXTI/stm32f103c6_ EXTI_drivers.o
                0x0000000008000858                EXTI9_5_IRQHandler
 .text.EXTI15_10_IRQHandler
                0x0000000008000900       0xc4 ./stm32f103c6_ drivers/EXTI/stm32f103c6_ EXTI_drivers.o
                0x0000000008000900                EXTI15_10_IRQHandler
 .text.git_pin_posation
                0x00000000080009c4      0x170 ./stm32f103c6_ drivers/GPIO/stm32f103c6_GPIO_drivers.o
                0x00000000080009c4                git_pin_posation
 .text.MCAL_GPIO_INIT
                0x0000000008000b34      0x16e ./stm32f103c6_ drivers/GPIO/stm32f103c6_GPIO_drivers.o
                0x0000000008000b34                MCAL_GPIO_INIT
 *fill*         0x0000000008000ca2        0x2 
 .text.SPI1_IRQHandler
                0x0000000008000ca4       0xc0 ./stm32f103c6_ drivers/SPI/stm32f103c6_SPI_drivers.o
                0x0000000008000ca4                SPI1_IRQHandler
 .text.SPI2_IRQHandler
                0x0000000008000d64       0xc0 ./stm32f103c6_ drivers/SPI/stm32f103c6_SPI_drivers.o
                0x0000000008000d64                SPI2_IRQHandler
 .text.USART1_IRQHandler
                0x0000000008000e24       0x14 ./stm32f103c6_ drivers/USART/stm32f103c6_ USART_drivers.o
                0x0000000008000e24                USART1_IRQHandler
 .text.USART2_IRQHandler
                0x0000000008000e38       0x14 ./stm32f103c6_ drivers/USART/stm32f103c6_ USART_drivers.o
                0x0000000008000e38                USART2_IRQHandler
 .text.USART3_IRQHandler
                0x0000000008000e4c       0x14 ./stm32f103c6_ drivers/USART/stm32f103c6_ USART_drivers.o
                0x0000000008000e4c                USART3_IRQHandler
 .text.__libc_init_array
                0x0000000008000e60       0x48 d:/program files/st/stm32cubeide_1.7.0/stm32cubeide/plugins/com.st.stm32cube.ide.mcu.externaltools.gnu-tools-for-stm32.9-2020-q2-update.win32_2.0.0.202105311346/tools/bin/../lib/gcc/arm-none-eabi/9.3.1/../../../../arm-none-eabi/lib/thumb/v7-m/nofp\libc_nano.a(lib_a-init.o)
                0x0000000008000e60                __libc_init_array
 *(.glue_7)
 .glue_7        0x0000000008000ea8        0x0 linker stubs
 *(.glue_7t)
 .glue_7t       0x0000000008000ea8        0x0 linker stubs
 *(.eh_frame)
 .eh_frame      0x0000000008000ea8        0x0 d:/program files/st/stm32cubeide_1.7.0/stm32cubeide/plugins/com.st.stm32cube.ide.mcu.externaltools.gnu-tools-for-stm32.9-2020-q2-update.win32_2.0.0.202105311346/tools/bin/../lib/gcc/arm-none-eabi/9.3.1/thumb/v7-m/nofp/crtbegin.o
 *(.init)
 .init          0x0000000008000ea8        0x4 d:/program files/st/stm32cubeide_1.7.0/stm32cubeide/plugins/com.st.stm32cube.ide.mcu.externaltools.gnu-tools-for-stm32.9-2020-q2-update.win32_2.0.0.202105311346/tools/bin/../lib/gcc/arm-none-eabi/9.3.1/thumb/v7-m/nofp/crti.o
                0x0000000008000ea8                _init
 .init          0x0000000008000eac        0x8 d:/program files/st/stm32cubeide_1.7.0/stm32cubeide/plugins/com.st.stm32cube.ide.mcu.externaltools.gnu-tools-for-stm32.9-2020-q2-update.win32_2.0.0.202105311346/tools/bin/../lib/gcc/arm-none-eabi/9.3.1/thumb/v7-m/nofp/crtn.o
 *(.fini)
 .fini          0x0000000008000eb4        0x4 d:/program files/st/stm32cubeide_1.7.0/stm32cubeide/plugins/com.st.stm32cube.ide.mcu.externaltools.gnu-tools-for-stm32.9-2020-q2-update.win32_2.0.0.202105311346/tools/bin/../lib/gcc/arm-none-eabi/9.3.1/thumb/v7-m/nofp/crti.o
                0x0000000008000eb4                _fini
 .fini          0x0000000008000eb8        0x8 d:/program files/st/stm32cubeide_1.7.0/stm32cubeide/plugins/com.st.stm32cube.ide.mcu.externaltools.gnu-tools-for-stm32.9-2020-q2-update.win32_2.0.0.202105311346/tools/bin/../lib/gcc/arm-none-eabi/9.3.1/thumb/v7-m/nofp/crtn.o
                0x0000000008000ec0                . = ALIGN (0x4)
                0x0000000008000ec0                _etext = .

.vfp11_veneer   0x0000000008000ec0        0x0
 .vfp11_veneer  0x0000000008000ec0        0x0 linker stubs

.v4_bx          0x0000000008000ec0        0x0
 .v4_bx         0x0000000008000ec0        0x0 linker stubs

.iplt           0x0000000008000ec0        0x0
 .iplt          0x0000000008000ec0        0x0 d:/program files/st/stm32cubeide_1.7.0/stm32cubeide/plugins/com.st.stm32cube.ide.mcu.externaltools.gnu-tools-for-stm32.9-2020-q2-update.win32_2.0.0.202105311346/tools/bin/../lib/gcc/arm-none-eabi/9.3.1/thumb/v7-m/nofp/crtbegin.o

.rodata         0x0000000008000ec0        0xc
                0x0000000008000ec0                . = ALIGN (0x4)
 *(.rodata)
 .rodata        0x0000000008000ec0        0xc ./Src/main.o
 *(.rodata*)
                0x0000000008000ecc                . = ALIGN (0x4)

.rel.dyn        0x0000000008000ecc        0x0
 .rel.iplt      0x0000000008000ecc        0x0 d:/program files/st/stm32cubeide_1.7.0/stm32cubeide/plugins/com.st.stm32cube.ide.mcu.externaltools.gnu-tools-for-stm32.9-2020-q2-update.win32_2.0.0.202105311346/tools/bin/../lib/gcc/arm-none-eabi/9.3.1/thumb/v7-m/nofp/crtbegin.o

.ARM.extab      0x0000000008000ecc        0x0
                0x0000000008000ecc                . = ALIGN (0x4)
 *(.ARM.extab* .gnu.linkonce.armextab.*)
                0x0000000008000ecc                . = ALIGN (0x4)

.ARM            0x0000000008000ecc        0x0
                0x0000000008000ecc                . = ALIGN (0x4)
                0x0000000008000ecc                __exidx_start = .
 *(.ARM.exidx*)
                0x0000000008000ecc                __exidx_end = .
                0x0000000008000ecc                . = ALIGN (0x4)

.preinit_array  0x0000000008000ecc        0x0
                0x0000000008000ecc                . = ALIGN (0x4)
                0x0000000008000ecc                PROVIDE (__preinit_array_start = .)
 *(.preinit_array*)
                0x0000000008000ecc                PROVIDE (__preinit_array_end = .)
                0x0000000008000ecc                . = ALIGN (0x4)

.init_array     0x0000000008000ecc        0x4
                0x0000000008000ecc                . = ALIGN (0x4)
                0x0000000008000ecc                PROVIDE (__init_array_start = .)
 *(SORT_BY_NAME(.init_array.*))
 *(.init_array*)
 .init_array    0x0000000008000ecc        0x4 d:/program files/st/stm32cubeide_1.7.0/stm32cubeide/plugins/com.st.stm32cube.ide.mcu.externaltools.gnu-tools-for-stm32.9-2020-q2-update.win32_2.0.0.202105311346/tools/bin/../lib/gcc/arm-none-eabi/9.3.1/thumb/v7-m/nofp/crtbegin.o
                0x0000000008000ed0                PROVIDE (__init_array_end = .)
                0x0000000008000ed0                . = ALIGN (0x4)

.fini_array     0x0000000008000ed0        0x4
                0x0000000008000ed0                . = ALIGN (0x4)
                [!provide]                        PROVIDE (__fini_array_start = .)
 *(SORT_BY_NAME(.fini_array.*))
 *(.fini_array*)
 .fini_array    0x0000000008000ed0        0x4 d:/program files/st/stm32cubeide_1.7.0/stm32cubeide/plugins/com.st.stm32cube.ide.mcu.externaltools.gnu-tools-for-stm32.9-2020-q2-update.win32_2.0.0.202105311346/tools/bin/../lib/gcc/arm-none-eabi/9.3.1/thumb/v7-m/nofp/crtbegin.o
                [!provide]                        PROVIDE (__fini_array_end = .)
                0x0000000008000ed4                . = ALIGN (0x4)
                0x0000000008000ed4                _sidata = LOADADDR (.data)

.data           0x0000000020000000        0x4 load address 0x0000000008000ed4
                0x0000000020000000                . = ALIGN (0x4)
                0x0000000020000000                _sdata = .
 *(.data)
 *(.data*)
 .data.__S_MSP  0x0000000020000000        0x4 ./Src/main.o
                0x0000000020000000                __S_MSP
 *(.RamFunc)
 *(.RamFunc*)
                0x0000000020000004                . = ALIGN (0x4)
                0x0000000020000004                _edata = .

.igot.plt       0x0000000020000004        0x0 load address 0x0000000008000ed8
 .igot.plt      0x0000000020000004        0x0 d:/program files/st/stm32cubeide_1.7.0/stm32cubeide/plugins/com.st.stm32cube.ide.mcu.externaltools.gnu-tools-for-stm32.9-2020-q2-update.win32_2.0.0.202105311346/tools/bin/../lib/gcc/arm-none-eabi/9.3.1/thumb/v7-m/nofp/crtbegin.o
                0x0000000020000004                . = ALIGN (0x4)

.bss            0x0000000020000004       0x8c load address 0x0000000008000ed8
                0x0000000020000004                _sbss = .
                0x0000000020000004                __bss_start__ = _sbss
 *(.bss)
 .bss           0x0000000020000004       0x1c d:/program files/st/stm32cubeide_1.7.0/stm32cubeide/plugins/com.st.stm32cube.ide.mcu.externaltools.gnu-tools-for-stm32.9-2020-q2-update.win32_2.0.0.202105311346/tools/bin/../lib/gcc/arm-none-eabi/9.3.1/thumb/v7-m/nofp/crtbegin.o
 *(.bss*)
 .bss.GP_SPI    0x0000000020000020        0x8 ./stm32f103c6_ drivers/SPI/stm32f103c6_SPI_drivers.o
                0x0000000020000020                GP_SPI
 .bss.GL_USART_configs
                0x0000000020000028        0xc ./stm32f103c6_ drivers/USART/stm32f103c6_ USART_drivers.o
                0x0000000020000028                GL_USART_configs
 *(COMMON)
 COMMON         0x0000000020000034       0x20 ./Src/main.o
                0x0000000020000034                __S_PSP_Task_B
                0x0000000020000038                flag
                0x000000002000003c                __E_PSP_Task_A
                0x0000000020000040                __E_PSP_Task_B
                0x0000000020000044                __E_MSP
                0x0000000020000048                taskA_flag
                0x000000002000004c                taskB_flag
                0x0000000020000050                __S_PSP_Task_A
 COMMON         0x0000000020000054       0x3c ./stm32f103c6_ drivers/EXTI/stm32f103c6_ EXTI_drivers.o
                0x0000000020000054                Gp_IRQ_Callback
                0x0000000020000090                . = ALIGN (0x4)
                0x0000000020000090                _ebss = .
                0x0000000020000090                __bss_end__ = _ebss

._user_heap_stack
                0x0000000020000090      0x600 load address 0x0000000008000ed8
                0x0000000020000090                . = ALIGN (0x8)
                [!provide]                        PROVIDE (end = .)
                0x0000000020000090                PROVIDE (_end = .)
                0x0000000020000290                . = (. + _Min_Heap_Size)
 *fill*         0x0000000020000090      0x200 
                0x0000000020000690                . = (. + _Min_Stack_Size)
 *fill*         0x0000000020000290      0x400 
                0x0000000020000690                . = ALIGN (0x8)

/DISCARD/
 libc.a(*)
 libm.a(*)
 libgcc.a(*)

.ARM.attributes
                0x0000000000000000       0x29
 *(.ARM.attributes)
 .ARM.attributes
                0x0000000000000000       0x1d d:/program files/st/stm32cubeide_1.7.0/stm32cubeide/plugins/com.st.stm32cube.ide.mcu.externaltools.gnu-tools-for-stm32.9-2020-q2-update.win32_2.0.0.202105311346/tools/bin/../lib/gcc/arm-none-eabi/9.3.1/thumb/v7-m/nofp/crti.o
 .ARM.attributes
                0x000000000000001d       0x2d d:/program files/st/stm32cubeide_1.7.0/stm32cubeide/plugins/com.st.stm32cube.ide.mcu.externaltools.gnu-tools-for-stm32.9-2020-q2-update.win32_2.0.0.202105311346/tools/bin/../lib/gcc/arm-none-eabi/9.3.1/thumb/v7-m/nofp/crtbegin.o
 .ARM.attributes
                0x000000000000004a       0x2d ./Src/main.o
 .ARM.attributes
                0x0000000000000077       0x21 ./Startup/startup_stm32f103c6tx.o
 .ARM.attributes
                0x0000000000000098       0x2d ./stm32f103c6_ drivers/EXTI/stm32f103c6_ EXTI_drivers.o
 .ARM.attributes
                0x00000000000000c5       0x2d ./stm32f103c6_ drivers/GPIO/stm32f103c6_GPIO_drivers.o
 .ARM.attributes
                0x00000000000000f2       0x2d ./stm32f103c6_ drivers/SPI/stm32f103c6_SPI_drivers.o
 .ARM.attributes
                0x000000000000011f       0x2d ./stm32f103c6_ drivers/USART/stm32f103c6_ USART_drivers.o
 .ARM.attributes
                0x000000000000014c       0x2d d:/program files/st/stm32cubeide_1.7.0/stm32cubeide/plugins/com.st.stm32cube.ide.mcu.externaltools.gnu-tools-for-stm32.9-2020-q2-update.win32_2.0.0.202105311346/tools/bin/../lib/gcc/arm-none-eabi/9.3.1/../../../../arm-none-eabi/lib/thumb/v7-m/nofp\libc_nano.a(lib_a-init.o)
 .ARM.attributes
                0x0000000000000179       0x1d d:/program files/st/stm32cubeide_1.7.0/stm32cubeide/plugins/com.st.stm32cube.ide.mcu.externaltools.gnu-tools-for-stm32.9-2020-q2-update.win32_2.0.0.202105311346/tools/bin/../lib/gcc/arm-none-eabi/9.3.1/thumb/v7-m/nofp/crtn.o
OUTPUT(Driver.axf elf32-littlearm)
LOAD linker stubs
LOAD d:/program files/st/stm32cubeide_1.7.0/stm32cubeide/plugins/com.st.stm32cube.ide.mcu.externaltools.gnu-tools-for-stm32.9-2020-q2-update.win32_2.0.0.202105311346/tools/bin/../lib/gcc/arm-none-eabi/9.3.1/../../../../arm-none-eabi/lib/thumb/v7-m/nofp\libc.a
LOAD d:/program files/st/stm32cubeide_1.7.0/stm32cubeide/plugins/com.st.stm32cube.ide.mcu.externaltools.gnu-tools-for-stm32.9-2020-q2-update.win32_2.0.0.202105311346/tools/bin/../lib/gcc/arm-none-eabi/9.3.1/../../../../arm-none-eabi/lib/thumb/v7-m/nofp\libm.a
LOAD d:/program files/st/stm32cubeide_1.7.0/stm32cubeide/plugins/com.st.stm32cube.ide.mcu.externaltools.gnu-tools-for-stm32.9-2020-q2-update.win32_2.0.0.202105311346/tools/bin/../lib/gcc/arm-none-eabi/9.3.1/thumb/v7-m/nofp\libgcc.a

.debug_info     0x0000000000000000     0x4d14
 .debug_info    0x0000000000000000      0xf10 ./Src/main.o
 .debug_info    0x0000000000000f10       0x22 ./Startup/startup_stm32f103c6tx.o
 .debug_info    0x0000000000000f32     0x10d2 ./stm32f103c6_ drivers/EXTI/stm32f103c6_ EXTI_drivers.o
 .debug_info    0x0000000000002004      0xe1b ./stm32f103c6_ drivers/GPIO/stm32f103c6_GPIO_drivers.o
 .debug_info    0x0000000000002e1f     0x1002 ./stm32f103c6_ drivers/SPI/stm32f103c6_SPI_drivers.o
 .debug_info    0x0000000000003e21      0xef3 ./stm32f103c6_ drivers/USART/stm32f103c6_ USART_drivers.o

.debug_abbrev   0x0000000000000000      0xc66
 .debug_abbrev  0x0000000000000000      0x2a6 ./Src/main.o
 .debug_abbrev  0x00000000000002a6       0x12 ./Startup/startup_stm32f103c6tx.o
 .debug_abbrev  0x00000000000002b8      0x26d ./stm32f103c6_ drivers/EXTI/stm32f103c6_ EXTI_drivers.o
 .debug_abbrev  0x0000000000000525      0x262 ./stm32f103c6_ drivers/GPIO/stm32f103c6_GPIO_drivers.o
 .debug_abbrev  0x0000000000000787      0x29f ./stm32f103c6_ drivers/SPI/stm32f103c6_SPI_drivers.o
 .debug_abbrev  0x0000000000000a26      0x240 ./stm32f103c6_ drivers/USART/stm32f103c6_ USART_drivers.o

.debug_loc      0x0000000000000000      0xef4
 .debug_loc     0x0000000000000000      0x354 ./Src/main.o
 .debug_loc     0x0000000000000354      0x320 ./stm32f103c6_ drivers/EXTI/stm32f103c6_ EXTI_drivers.o
 .debug_loc     0x0000000000000674      0x330 ./stm32f103c6_ drivers/GPIO/stm32f103c6_GPIO_drivers.o
 .debug_loc     0x00000000000009a4      0x2bc ./stm32f103c6_ drivers/SPI/stm32f103c6_SPI_drivers.o
 .debug_loc     0x0000000000000c60      0x294 ./stm32f103c6_ drivers/USART/stm32f103c6_ USART_drivers.o

.debug_aranges  0x0000000000000000      0x238
 .debug_aranges
                0x0000000000000000       0x78 ./Src/main.o
 .debug_aranges
                0x0000000000000078       0x28 ./Startup/startup_stm32f103c6tx.o
 .debug_aranges
                0x00000000000000a0       0x80 ./stm32f103c6_ drivers/EXTI/stm32f103c6_ EXTI_drivers.o
 .debug_aranges
                0x0000000000000120       0x60 ./stm32f103c6_ drivers/GPIO/stm32f103c6_GPIO_drivers.o
 .debug_aranges
                0x0000000000000180       0x58 ./stm32f103c6_ drivers/SPI/stm32f103c6_SPI_drivers.o
 .debug_aranges
                0x00000000000001d8       0x60 ./stm32f103c6_ drivers/USART/stm32f103c6_ USART_drivers.o

.debug_ranges   0x0000000000000000      0x1e0
 .debug_ranges  0x0000000000000000       0x68 ./Src/main.o
 .debug_ranges  0x0000000000000068       0x20 ./Startup/startup_stm32f103c6tx.o
 .debug_ranges  0x0000000000000088       0x70 ./stm32f103c6_ drivers/EXTI/stm32f103c6_ EXTI_drivers.o
 .debug_ranges  0x00000000000000f8       0x50 ./stm32f103c6_ drivers/GPIO/stm32f103c6_GPIO_drivers.o
 .debug_ranges  0x0000000000000148       0x48 ./stm32f103c6_ drivers/SPI/stm32f103c6_SPI_drivers.o
 .debug_ranges  0x0000000000000190       0x50 ./stm32f103c6_ drivers/USART/stm32f103c6_ USART_drivers.o

.debug_macro    0x0000000000000000     0x2b2e
 .debug_macro   0x0000000000000000      0x193 ./Src/main.o
 .debug_macro   0x0000000000000193      0xaa2 ./Src/main.o
 .debug_macro   0x0000000000000c35       0x18 ./Src/main.o
 .debug_macro   0x0000000000000c4d       0x22 ./Src/main.o
 .debug_macro   0x0000000000000c6f       0x4c ./Src/main.o
 .debug_macro   0x0000000000000cbb       0x94 ./Src/main.o
 .debug_macro   0x0000000000000d4f       0x3c ./Src/main.o
 .debug_macro   0x0000000000000d8b       0x34 ./Src/main.o
 .debug_macro   0x0000000000000dbf       0x16 ./Src/main.o
 .debug_macro   0x0000000000000dd5      0x10e ./Src/main.o
 .debug_macro   0x0000000000000ee3       0x8d ./Src/main.o
 .debug_macro   0x0000000000000f70       0x16 ./Src/main.o
 .debug_macro   0x0000000000000f86       0x43 ./Src/main.o
 .debug_macro   0x0000000000000fc9       0x57 ./Src/main.o
 .debug_macro   0x0000000000001020       0x34 ./Src/main.o
 .debug_macro   0x0000000000001054       0x10 ./Src/main.o
 .debug_macro   0x0000000000001064       0x58 ./Src/main.o
 .debug_macro   0x00000000000010bc       0x71 ./Src/main.o
 .debug_macro   0x000000000000112d       0x1c ./Src/main.o
 .debug_macro   0x0000000000001149      0x12a ./Src/main.o
 .debug_macro   0x0000000000001273      0x339 ./Src/main.o
 .debug_macro   0x00000000000015ac       0x16 ./Src/main.o
 .debug_macro   0x00000000000015c2       0x29 ./Src/main.o
 .debug_macro   0x00000000000015eb      0x103 ./Src/main.o
 .debug_macro   0x00000000000016ee       0x6a ./Src/main.o
 .debug_macro   0x0000000000001758      0x1df ./Src/main.o
 .debug_macro   0x0000000000001937      0x6da ./Src/main.o
 .debug_macro   0x0000000000002011       0xd0 ./Src/main.o
 .debug_macro   0x00000000000020e1      0x241 ./Src/main.o
 .debug_macro   0x0000000000002322      0x15f ./stm32f103c6_ drivers/EXTI/stm32f103c6_ EXTI_drivers.o
 .debug_macro   0x0000000000002481       0xd6 ./stm32f103c6_ drivers/EXTI/stm32f103c6_ EXTI_drivers.o
 .debug_macro   0x0000000000002557      0x14c ./stm32f103c6_ drivers/GPIO/stm32f103c6_GPIO_drivers.o
 .debug_macro   0x00000000000026a3      0x16d ./stm32f103c6_ drivers/SPI/stm32f103c6_SPI_drivers.o
 .debug_macro   0x0000000000002810       0xca ./stm32f103c6_ drivers/SPI/stm32f103c6_SPI_drivers.o
 .debug_macro   0x00000000000028da      0x16c ./stm32f103c6_ drivers/USART/stm32f103c6_ USART_drivers.o
 .debug_macro   0x0000000000002a46       0xe8 ./stm32f103c6_ drivers/USART/stm32f103c6_ USART_drivers.o

.debug_line     0x0000000000000000     0x30bb
 .debug_line    0x0000000000000000      0x835 ./Src/main.o
 .debug_line    0x0000000000000835       0x84 ./Startup/startup_stm32f103c6tx.o
 .debug_line    0x00000000000008b9      0xb15 ./stm32f103c6_ drivers/EXTI/stm32f103c6_ EXTI_drivers.o
 .debug_line    0x00000000000013ce      0x930 ./stm32f103c6_ drivers/GPIO/stm32f103c6_GPIO_drivers.o
 .debug_line    0x0000000000001cfe      0xa44 ./stm32f103c6_ drivers/SPI/stm32f103c6_SPI_drivers.o
 .debug_line    0x0000000000002742      0x979 ./stm32f103c6_ drivers/USART/stm32f103c6_ USART_drivers.o

.debug_str      0x0000000000000000     0xc5f9
 .debug_str     0x0000000000000000     0xb15a ./Src/main.o
                                       0xb419 (size before relaxing)
 .debug_str     0x000000000000b15a       0x31 ./Startup/startup_stm32f103c6tx.o
                                         0x67 (size before relaxing)
 .debug_str     0x000000000000b18b      0x31c ./stm32f103c6_ drivers/EXTI/stm32f103c6_ EXTI_drivers.o
                                       0xb33a (size before relaxing)
 .debug_str     0x000000000000b4a7      0x111 ./stm32f103c6_ drivers/GPIO/stm32f103c6_GPIO_drivers.o
                                       0x9b70 (size before relaxing)
 .debug_str     0x000000000000b5b8      0x7cd ./stm32f103c6_ drivers/SPI/stm32f103c6_SPI_drivers.o
                                       0xa21f (size before relaxing)
 .debug_str     0x000000000000bd85      0x874 ./stm32f103c6_ drivers/USART/stm32f103c6_ USART_drivers.o
                                       0xa2d8 (size before relaxing)

.comment        0x0000000000000000       0x53
 .comment       0x0000000000000000       0x53 ./Src/main.o
                                         0x54 (size before relaxing)
 .comment       0x0000000000000053       0x54 ./stm32f103c6_ drivers/EXTI/stm32f103c6_ EXTI_drivers.o
 .comment       0x0000000000000053       0x54 ./stm32f103c6_ drivers/GPIO/stm32f103c6_GPIO_drivers.o
 .comment       0x0000000000000053       0x54 ./stm32f103c6_ drivers/SPI/stm32f103c6_SPI_drivers.o
 .comment       0x0000000000000053       0x54 ./stm32f103c6_ drivers/USART/stm32f103c6_ USART_drivers.o

.debug_frame    0x0000000000000000      0x78c
 .debug_frame   0x0000000000000000      0x1a4 ./Src/main.o
 .debug_frame   0x00000000000001a4      0x1b0 ./stm32f103c6_ drivers/EXTI/stm32f103c6_ EXTI_drivers.o
 .debug_frame   0x0000000000000354      0x178 ./stm32f103c6_ drivers/GPIO/stm32f103c6_GPIO_drivers.o
 .debug_frame   0x00000000000004cc      0x148 ./stm32f103c6_ drivers/SPI/stm32f103c6_SPI_drivers.o
 .debug_frame   0x0000000000000614      0x14c ./stm32f103c6_ drivers/USART/stm32f103c6_ USART_drivers.o
 .debug_frame   0x0000000000000760       0x2c d:/program files/st/stm32cubeide_1.7.0/stm32cubeide/plugins/com.st.stm32cube.ide.mcu.externaltools.gnu-tools-for-stm32.9-2020-q2-update.win32_2.0.0.202105311346/tools/bin/../lib/gcc/arm-none-eabi/9.3.1/../../../../arm-none-eabi/lib/thumb/v7-m/nofp\libc_nano.a(lib_a-init.o)
