Archive member included to satisfy reference by file (symbol)

d:/program files/st/stm32cubeide_1.7.0/stm32cubeide/plugins/com.st.stm32cube.ide.mcu.externaltools.gnu-tools-for-stm32.9-2020-q2-update.win32_2.0.0.202105311346/tools/bin/../lib/gcc/arm-none-eabi/9.3.1/../../../../arm-none-eabi/lib/thumb/v7-m/nofp\libc_nano.a(lib_a-errno.o)
                              ./Src/syscalls.o (__errno)
d:/program files/st/stm32cubeide_1.7.0/stm32cubeide/plugins/com.st.stm32cube.ide.mcu.externaltools.gnu-tools-for-stm32.9-2020-q2-update.win32_2.0.0.202105311346/tools/bin/../lib/gcc/arm-none-eabi/9.3.1/../../../../arm-none-eabi/lib/thumb/v7-m/nofp\libc_nano.a(lib_a-exit.o)
                              d:/program files/st/stm32cubeide_1.7.0/stm32cubeide/plugins/com.st.stm32cube.ide.mcu.externaltools.gnu-tools-for-stm32.9-2020-q2-update.win32_2.0.0.202105311346/tools/bin/../lib/gcc/arm-none-eabi/9.3.1/../../../../arm-none-eabi/lib/thumb/v7-m/nofp/crt0.o (exit)
d:/program files/st/stm32cubeide_1.7.0/stm32cubeide/plugins/com.st.stm32cube.ide.mcu.externaltools.gnu-tools-for-stm32.9-2020-q2-update.win32_2.0.0.202105311346/tools/bin/../lib/gcc/arm-none-eabi/9.3.1/../../../../arm-none-eabi/lib/thumb/v7-m/nofp\libc_nano.a(lib_a-impure.o)
                              d:/program files/st/stm32cubeide_1.7.0/stm32cubeide/plugins/com.st.stm32cube.ide.mcu.externaltools.gnu-tools-for-stm32.9-2020-q2-update.win32_2.0.0.202105311346/tools/bin/../lib/gcc/arm-none-eabi/9.3.1/../../../../arm-none-eabi/lib/thumb/v7-m/nofp\libc_nano.a(lib_a-exit.o) (_global_impure_ptr)
d:/program files/st/stm32cubeide_1.7.0/stm32cubeide/plugins/com.st.stm32cube.ide.mcu.externaltools.gnu-tools-for-stm32.9-2020-q2-update.win32_2.0.0.202105311346/tools/bin/../lib/gcc/arm-none-eabi/9.3.1/../../../../arm-none-eabi/lib/thumb/v7-m/nofp\libc_nano.a(lib_a-init.o)
                              d:/program files/st/stm32cubeide_1.7.0/stm32cubeide/plugins/com.st.stm32cube.ide.mcu.externaltools.gnu-tools-for-stm32.9-2020-q2-update.win32_2.0.0.202105311346/tools/bin/../lib/gcc/arm-none-eabi/9.3.1/../../../../arm-none-eabi/lib/thumb/v7-m/nofp/crt0.o (__libc_init_array)
d:/program files/st/stm32cubeide_1.7.0/stm32cubeide/plugins/com.st.stm32cube.ide.mcu.externaltools.gnu-tools-for-stm32.9-2020-q2-update.win32_2.0.0.202105311346/tools/bin/../lib/gcc/arm-none-eabi/9.3.1/../../../../arm-none-eabi/lib/thumb/v7-m/nofp\libc_nano.a(lib_a-memset.o)
                              d:/program files/st/stm32cubeide_1.7.0/stm32cubeide/plugins/com.st.stm32cube.ide.mcu.externaltools.gnu-tools-for-stm32.9-2020-q2-update.win32_2.0.0.202105311346/tools/bin/../lib/gcc/arm-none-eabi/9.3.1/../../../../arm-none-eabi/lib/thumb/v7-m/nofp/crt0.o (memset)

Allocating common symbols
Common symbol       size              file

C_IPSR              0x4               ./Src/main.o
Gp_IRQ_Callback     0x3c              ./stm32f103c6_ drivers/EXTI/stm32f103c6_ EXTI_drivers.o

Discarded input sections

 .text          0x0000000000000000        0x0 d:/program files/st/stm32cubeide_1.7.0/stm32cubeide/plugins/com.st.stm32cube.ide.mcu.externaltools.gnu-tools-for-stm32.9-2020-q2-update.win32_2.0.0.202105311346/tools/bin/../lib/gcc/arm-none-eabi/9.3.1/thumb/v7-m/nofp/crti.o
 .data          0x0000000000000000        0x0 d:/program files/st/stm32cubeide_1.7.0/stm32cubeide/plugins/com.st.stm32cube.ide.mcu.externaltools.gnu-tools-for-stm32.9-2020-q2-update.win32_2.0.0.202105311346/tools/bin/../lib/gcc/arm-none-eabi/9.3.1/thumb/v7-m/nofp/crti.o
 .bss           0x0000000000000000        0x0 d:/program files/st/stm32cubeide_1.7.0/stm32cubeide/plugins/com.st.stm32cube.ide.mcu.externaltools.gnu-tools-for-stm32.9-2020-q2-update.win32_2.0.0.202105311346/tools/bin/../lib/gcc/arm-none-eabi/9.3.1/thumb/v7-m/nofp/crti.o
 .data          0x0000000000000000        0x4 d:/program files/st/stm32cubeide_1.7.0/stm32cubeide/plugins/com.st.stm32cube.ide.mcu.externaltools.gnu-tools-for-stm32.9-2020-q2-update.win32_2.0.0.202105311346/tools/bin/../lib/gcc/arm-none-eabi/9.3.1/thumb/v7-m/nofp/crtbegin.o
 .text          0x0000000000000000       0x7c d:/program files/st/stm32cubeide_1.7.0/stm32cubeide/plugins/com.st.stm32cube.ide.mcu.externaltools.gnu-tools-for-stm32.9-2020-q2-update.win32_2.0.0.202105311346/tools/bin/../lib/gcc/arm-none-eabi/9.3.1/../../../../arm-none-eabi/lib/thumb/v7-m/nofp/crt0.o
 .data          0x0000000000000000        0x0 d:/program files/st/stm32cubeide_1.7.0/stm32cubeide/plugins/com.st.stm32cube.ide.mcu.externaltools.gnu-tools-for-stm32.9-2020-q2-update.win32_2.0.0.202105311346/tools/bin/../lib/gcc/arm-none-eabi/9.3.1/../../../../arm-none-eabi/lib/thumb/v7-m/nofp/crt0.o
 .bss           0x0000000000000000        0x0 d:/program files/st/stm32cubeide_1.7.0/stm32cubeide/plugins/com.st.stm32cube.ide.mcu.externaltools.gnu-tools-for-stm32.9-2020-q2-update.win32_2.0.0.202105311346/tools/bin/../lib/gcc/arm-none-eabi/9.3.1/../../../../arm-none-eabi/lib/thumb/v7-m/nofp/crt0.o
[...]
Memory Configuration

Name             Origin             Length             Attributes
RAM              0x0000000020000000 0x0000000000002800 xrw
FLASH            0x0000000008000000 0x0000000000008000 xr
*default*        0x0000000000000000 0xffffffffffffffff

Linker script and memory map

LOAD d:/program files/st/stm32cubeide_1.7.0/stm32cubeide/plugins/com.st.stm32cube.ide.mcu.externaltools.gnu-tools-for-stm32.9-2020-q2-update.win32_2.0.0.202105311346/tools/bin/../lib/gcc/arm-none-eabi/9.3.1/thumb/v7-m/nofp/crti.o
LOAD d:/program files/st/stm32cubeide_1.7.0/stm32cubeide/plugins/com.st.stm32cube.ide.mcu.externaltools.gnu-tools-for-stm32.9-2020-q2-update.win32_2.0.0.202105311346/tools/bin/../lib/gcc/arm-none-eabi/9.3.1/thumb/v7-m/nofp/crtbegin.o
LOAD d:/program files/st/stm32cubeide_1.7.0/stm32cubeide/plugins/com.st.stm32cube.ide.mcu.externaltools.gnu-tools-for-stm32.9-2020-q2-update.win32_2.0.0.202105311346/tools/bin/../lib/gcc/arm-none-eabi/9.3.1/../../../../arm-none-eabi/lib/thumb/v7-m/nofp/crt0.o
LOAD ./Src/main.o
LOAD ./Src/syscalls.o
LOAD ./Src/sysmem.o
LOAD ./Startup/startup_stm32f103c6tx.o
LOAD ./stm32f103c6_ drivers/EXTI/stm32f103c6_ EXTI_drivers.o
LOAD ./stm32f103c6_ drivers/GPIO/stm32f103c6_GPIO_drivers.o
LOAD ./stm32f103c6_ drivers/Hall/EEPROM/EEPROM.o
LOAD ./stm32f103c6_ drivers/I2C/stm32f103c6_I2C_drivers.o
LOAD ./stm32f103c6_ drivers/RCC/stm32f103c6_ RCC_drivers.o
LOAD ./stm32f103c6_ drivers/SPI/stm32f103c6_SPI_drivers.o
LOAD ./stm32f103c6_ drivers/USART/stm32f103c6_ USART_drivers.o
LOAD ./stm32f103c6_ drivers/inc/keypad_driver/keypad.o
LOAD ./stm32f103c6_ drivers/inc/lcd_driver/lcd.o
LOAD ./stm32f103c6_ drivers/inc/seven_segmant_driver/7_segmant.o
START GROUP
LOAD d:/program files/st/stm32cubeide_1.7.0/stm32cubeide/plugins/com.st.stm32cube.ide.mcu.externaltools.gnu-tools-for-stm32.9-2020-q2-update.win32_2.0.0.202105311346/tools/bin/../lib/gcc/arm-none-eabi/9.3.1/../../../../arm-none-eabi/lib/thumb/v7-m/nofp\libc_nano.a
LOAD d:/program files/st/stm32cubeide_1.7.0/stm32cubeide/plugins/com.st.stm32cube.ide.mcu.externaltools.gnu-tools-for-stm32.9-2020-q2-update.win32_2.0.0.202105311346/tools/bin/../lib/gcc/arm-none-eabi/9.3.1/../../../../arm-none-eabi/lib/thumb/v7-m/nofp\libm.a
END GROUP
START GROUP
LOAD d:/program files/st/stm32cubeide_1.7.0/stm32cubeide/plugins/com.st.stm32cube.ide.mcu.externaltools.gnu-tools-for-stm32.9-2020-q2-update.win32_2.0.0.202105311346/tools/bin/../lib/gcc/arm-none-eabi/9.3.1/thumb/v7-m/nofp\libgcc.a
LOAD d:/program files/st/stm32cubeide_1.7.0/stm32cubeide/plugins/com.st.stm32cube.ide.mcu.externaltools.gnu-tools-for-stm32.9-2020-q2-update.win32_2.0.0.202105311346/tools/bin/../lib/gcc/arm-none-eabi/9.3.1/../../../../arm-none-eabi/lib/thumb/v7-m/nofp\libg_nano.a
LOAD d:/program files/st/stm32cubeide_1.7.0/stm32cubeide/plugins/com.st.stm32cube.ide.mcu.externaltools.gnu-tools-for-stm32.9-2020-q2-update.win32_2.0.0.202105311346/tools/bin/../lib/gcc/arm-none-eabi/9.3.1/../../../../arm-none-eabi/lib/thumb/v7-m/nofp\libc_nano.a
END GROUP
START GROUP
LOAD d:/program files/st/stm32cubeide_1.7.0/stm32cubeide/plugins/com.st.stm32cube.ide.mcu.externaltools.gnu-tools-for-stm32.9-2020-q2-update.win32_2.0.0.202105311346/tools/bin/../lib/gcc/arm-none-eabi/9.3.1/thumb/v7-m/nofp\libgcc.a
LOAD d:/program files/st/stm32cubeide_1.7.0/stm32cubeide/plugins/com.st.stm32cube.ide.mcu.externaltools.gnu-tools-for-stm32.9-2020-q2-update.win32_2.0.0.202105311346/tools/bin/../lib/gcc/arm-none-eabi/9.3.1/../../../../arm-none-eabi/lib/thumb/v7-m/nofp\libc_nano.a
LOAD d:/program files/st/stm32cubeide_1.7.0/stm32cubeide/plugins/com.st.stm32cube.ide.mcu.externaltools.gnu-tools-for-stm32.9-2020-q2-update.win32_2.0.0.202105311346/tools/bin/../lib/gcc/arm-none-eabi/9.3.1/../../../../arm-none-eabi/lib/thumb/v7-m/nofp\libnosys.a
END GROUP
START GROUP
LOAD d:/program files/st/stm32cubeide_1.7.0/stm32cubeide/plugins/com.st.stm32cube.ide.mcu.externaltools.gnu-tools-for-stm32.9-2020-q2-update.win32_2.0.0.202105311346/tools/bin/../lib/gcc/arm-none-eabi/9.3.1/thumb/v7-m/nofp\libgcc.a
LOAD d:/program files/st/stm32cubeide_1.7.0/stm32cubeide/plugins/com.st.stm32cube.ide.mcu.externaltools.gnu-tools-for-stm32.9-2020-q2-update.win32_2.0.0.202105311346/tools/bin/../lib/gcc/arm-none-eabi/9.3.1/../../../../arm-none-eabi/lib/thumb/v7-m/nofp\libc_nano.a
LOAD d:/program files/st/stm32cubeide_1.7.0/stm32cubeide/plugins/com.st.stm32cube.ide.mcu.externaltools.gnu-tools-for-stm32.9-2020-q2-update.win32_2.0.0.202105311346/tools/bin/../lib/gcc/arm-none-eabi/9.3.1/../../../../arm-none-eabi/lib/thumb/v7-m/nofp\libnosys.a
END GROUP
LOAD d:/program files/st/stm32cubeide_1.7.0/stm32cubeide/plugins/com.st.stm32cube.ide.mcu.externaltools.gnu-tools-for-stm32.9-2020-q2-update.win32_2.0.0.202105311346/tools/bin/../lib/gcc/arm-none-eabi/9.3.1/thumb/v7-m/nofp/crtend.o
LOAD d:/program files/st/stm32cubeide_1.7.0/stm32cubeide/plugins/com.st.stm32cube.ide.mcu.externaltools.gnu-tools-for-stm32.9-2020-q2-update.win32_2.0.0.202105311346/tools/bin/../lib/gcc/arm-none-eabi/9.3.1/thumb/v7-m/nofp/crtn.o
                0x0000000020002800                _estack = (ORIGIN (RAM) + LENGTH (RAM))
                0x0000000000000200                _Min_Heap_Size = 0x200
                0x0000000000000400                _Min_Stack_Size = 0x400

.isr_vector     0x0000000008000000      0x130
                0x0000000008000000                . = ALIGN (0x4)
 *(.isr_vector)
 .isr_vector    0x0000000008000000      0x130 ./Startup/startup_stm32f103c6tx.o
                0x0000000008000000                g_pfnVectors
                0x0000000008000130                . = ALIGN (0x4)

.text           0x0000000008000130      0xc44
                0x0000000008000130                . = ALIGN (0x4)
 *(.text)
 .text          0x0000000008000130       0x40 d:/program files/st/stm32cubeide_1.7.0/stm32cubeide/plugins/com.st.stm32cube.ide.mcu.externaltools.gnu-tools-for-stm32.9-2020-q2-update.win32_2.0.0.202105311346/tools/bin/../lib/gcc/arm-none-eabi/9.3.1/thumb/v7-m/nofp/crtbegin.o
 *(.text*)
 .text.swich_CPU_access_user_level
                0x0000000008000170       0x3c ./Src/main.o
                0x0000000008000170                swich_CPU_access_user_level
 .text.EXTI9B_Callback
                0x00000000080001ac       0x18 ./Src/main.o
                0x00000000080001ac                EXTI9B_Callback
 .text.clock_init
                0x00000000080001c4       0x34 ./Src/main.o
                0x00000000080001c4                clock_init
 .text.HardFault_Handler
                0x00000000080001f8        0xc ./Src/main.o
                0x00000000080001f8                HardFault_Handler
 .text.MemManage_Handler
                0x0000000008000204        0xc ./Src/main.o
                0x0000000008000204                MemManage_Handler
 .text.BusFault_Handler
                0x0000000008000210        0xc ./Src/main.o
                0x0000000008000210                BusFault_Handler
 .text.UsageFault_Handler
                0x000000000800021c        0xc ./Src/main.o
                0x000000000800021c                UsageFault_Handler
 .text.main     0x0000000008000228       0x54 ./Src/main.o
                0x0000000008000228                main
 .text.Reset_Handler
                0x000000000800027c       0x50 ./Startup/startup_stm32f103c6tx.o
                0x000000000800027c                Reset_Handler
 .text.Default_Handler
                0x00000000080002cc        0x2 ./Startup/startup_stm32f103c6tx.o
                0x00000000080002cc                TIM8_TRG_COM_IRQHandler
                0x00000000080002cc                TIM8_CC_IRQHandler
                0x00000000080002cc                DebugMon_Handler
                0x00000000080002cc                TIM1_CC_IRQHandler
                0x00000000080002cc                TIM6_IRQHandler
                0x00000000080002cc                SysTick_Handler
                0x00000000080002cc                PVD_IRQHandler
                0x00000000080002cc                SDIO_IRQHandler
                0x00000000080002cc                PendSV_Handler
                0x00000000080002cc                NMI_Handler
                0x00000000080002cc                USB_HP_CAN_TX_IRQHandler
                0x00000000080002cc                I2C2_EV_IRQHandler
                0x00000000080002cc                ADC1_2_IRQHandler
                0x00000000080002cc                CAN_SCE_IRQHandler
                0x00000000080002cc                TAMPER_IRQHandler
                0x00000000080002cc                TIM8_UP_IRQHandler
                0x00000000080002cc                DMA2_Channel2_IRQHandler
                0x00000000080002cc                DMA1_Channel4_IRQHandler
                0x00000000080002cc                RTC_IRQHandler
                0x00000000080002cc                DMA1_Channel7_IRQHandler
                0x00000000080002cc                UART5_IRQHandler
                0x00000000080002cc                ADC3_IRQHandler
                0x00000000080002cc                TIM4_IRQHandler
                0x00000000080002cc                CAN_RX1_IRQHandler
                0x00000000080002cc                DMA2_Channel1_IRQHandler
                0x00000000080002cc                I2C1_EV_IRQHandler
                0x00000000080002cc                DMA1_Channel6_IRQHandler
                0x00000000080002cc                UART4_IRQHandler
                0x00000000080002cc                TIM3_IRQHandler
                0x00000000080002cc                RCC_IRQHandler
                0x00000000080002cc                TIM1_TRG_COM_IRQHandler
                0x00000000080002cc                DMA1_Channel1_IRQHandler
                0x00000000080002cc                Default_Handler
                0x00000000080002cc                TIM7_IRQHandler
                0x00000000080002cc                TIM5_IRQHandler
                0x00000000080002cc                USB_LP_CAN_RX0_IRQHandler
                0x00000000080002cc                SVC_Handler
                0x00000000080002cc                DMA1_Channel5_IRQHandler
                0x00000000080002cc                DMA1_Channel3_IRQHandler
                0x00000000080002cc                FSMC_IRQHandler
                0x00000000080002cc                TIM1_UP_IRQHandler
                0x00000000080002cc                WWDG_IRQHandler
                0x00000000080002cc                TIM2_IRQHandler
                0x00000000080002cc                TIM1_BRK_IRQHandler
                0x00000000080002cc                RTCAlarm_IRQHandler
                0x00000000080002cc                DMA2_Channel4_5_IRQHandler
                0x00000000080002cc                I2C2_ER_IRQHandler
                0x00000000080002cc                DMA1_Channel2_IRQHandler
                0x00000000080002cc                TIM8_BRK_IRQHandler
                0x00000000080002cc                FLASH_IRQHandler
                0x00000000080002cc                SPI3_IRQHandler
                0x00000000080002cc                I2C1_ER_IRQHandler
                0x00000000080002cc                DMA2_Channel3_IRQHandler
 *fill*         0x00000000080002ce        0x2 
 .text.enable_NVIC
                0x00000000080002d0       0xcc ./stm32f103c6_ drivers/EXTI/stm32f103c6_ EXTI_drivers.o
                0x00000000080002d0                enable_NVIC
 .text.disable_NVIC
                0x000000000800039c       0xcc ./stm32f103c6_ drivers/EXTI/stm32f103c6_ EXTI_drivers.o
                0x000000000800039c                disable_NVIC
 .text.EXTI_UPDATE
                0x0000000008000468      0x1d8 ./stm32f103c6_ drivers/EXTI/stm32f103c6_ EXTI_drivers.o
                0x0000000008000468                EXTI_UPDATE
 .text.MCAL_EXTI_GPIO_INIT
                0x0000000008000640       0x16 ./stm32f103c6_ drivers/EXTI/stm32f103c6_ EXTI_drivers.o
                0x0000000008000640                MCAL_EXTI_GPIO_INIT
 *fill*         0x0000000008000656        0x2 
 .text.EXTI0_IRQHandler
                0x0000000008000658       0x24 ./stm32f103c6_ drivers/EXTI/stm32f103c6_ EXTI_drivers.o
                0x0000000008000658                EXTI0_IRQHandler
 .text.EXTI1_IRQHandler
                0x000000000800067c       0x24 ./stm32f103c6_ drivers/EXTI/stm32f103c6_ EXTI_drivers.o
                0x000000000800067c                EXTI1_IRQHandler
 .text.EXTI2_IRQHandler
                0x00000000080006a0       0x24 ./stm32f103c6_ drivers/EXTI/stm32f103c6_ EXTI_drivers.o
                0x00000000080006a0                EXTI2_IRQHandler
 .text.EXTI3_IRQHandler
                0x00000000080006c4       0x24 ./stm32f103c6_ drivers/EXTI/stm32f103c6_ EXTI_drivers.o
                0x00000000080006c4                EXTI3_IRQHandler
 .text.EXTI4_IRQHandler
                0x00000000080006e8       0x24 ./stm32f103c6_ drivers/EXTI/stm32f103c6_ EXTI_drivers.o
                0x00000000080006e8                EXTI4_IRQHandler
 .text.EXTI9_5_IRQHandler
                0x000000000800070c       0xa8 ./stm32f103c6_ drivers/EXTI/stm32f103c6_ EXTI_drivers.o
                0x000000000800070c                EXTI9_5_IRQHandler
 .text.EXTI15_10_IRQHandler
                0x00000000080007b4       0xc4 ./stm32f103c6_ drivers/EXTI/stm32f103c6_ EXTI_drivers.o
                0x00000000080007b4                EXTI15_10_IRQHandler
 .text.git_pin_posation
                0x0000000008000878      0x170 ./stm32f103c6_ drivers/GPIO/stm32f103c6_GPIO_drivers.o
                0x0000000008000878                git_pin_posation
 .text.MCAL_GPIO_INIT
                0x00000000080009e8      0x16e ./stm32f103c6_ drivers/GPIO/stm32f103c6_GPIO_drivers.o
                0x00000000080009e8                MCAL_GPIO_INIT
 *fill*         0x0000000008000b56        0x2 
 .text.SPI1_IRQHandler
                0x0000000008000b58       0xc0 ./stm32f103c6_ drivers/SPI/stm32f103c6_SPI_drivers.o
                0x0000000008000b58                SPI1_IRQHandler
 .text.SPI2_IRQHandler
                0x0000000008000c18       0xc0 ./stm32f103c6_ drivers/SPI/stm32f103c6_SPI_drivers.o
                0x0000000008000c18                SPI2_IRQHandler
 .text.USART1_IRQHandler
                0x0000000008000cd8       0x14 ./stm32f103c6_ drivers/USART/stm32f103c6_ USART_drivers.o
                0x0000000008000cd8                USART1_IRQHandler
 .text.USART2_IRQHandler
                0x0000000008000cec       0x14 ./stm32f103c6_ drivers/USART/stm32f103c6_ USART_drivers.o
                0x0000000008000cec                USART2_IRQHandler
 .text.USART3_IRQHandler
                0x0000000008000d00       0x14 ./stm32f103c6_ drivers/USART/stm32f103c6_ USART_drivers.o
                0x0000000008000d00                USART3_IRQHandler
 .text.__libc_init_array
                0x0000000008000d14       0x48 d:/program files/st/stm32cubeide_1.7.0/stm32cubeide/plugins/com.st.stm32cube.ide.mcu.externaltools.gnu-tools-for-stm32.9-2020-q2-update.win32_2.0.0.202105311346/tools/bin/../lib/gcc/arm-none-eabi/9.3.1/../../../../arm-none-eabi/lib/thumb/v7-m/nofp\libc_nano.a(lib_a-init.o)
                0x0000000008000d14                __libc_init_array
 *(.glue_7)
 .glue_7        0x0000000008000d5c        0x0 linker stubs
 *(.glue_7t)
 .glue_7t       0x0000000008000d5c        0x0 linker stubs
 *(.eh_frame)
 .eh_frame      0x0000000008000d5c        0x0 d:/program files/st/stm32cubeide_1.7.0/stm32cubeide/plugins/com.st.stm32cube.ide.mcu.externaltools.gnu-tools-for-stm32.9-2020-q2-update.win32_2.0.0.202105311346/tools/bin/../lib/gcc/arm-none-eabi/9.3.1/thumb/v7-m/nofp/crtbegin.o
 *(.init)
 .init          0x0000000008000d5c        0x4 d:/program files/st/stm32cubeide_1.7.0/stm32cubeide/plugins/com.st.stm32cube.ide.mcu.externaltools.gnu-tools-for-stm32.9-2020-q2-update.win32_2.0.0.202105311346/tools/bin/../lib/gcc/arm-none-eabi/9.3.1/thumb/v7-m/nofp/crti.o
                0x0000000008000d5c                _init
 .init          0x0000000008000d60        0x8 d:/program files/st/stm32cubeide_1.7.0/stm32cubeide/plugins/com.st.stm32cube.ide.mcu.externaltools.gnu-tools-for-stm32.9-2020-q2-update.win32_2.0.0.202105311346/tools/bin/../lib/gcc/arm-none-eabi/9.3.1/thumb/v7-m/nofp/crtn.o
 *(.fini)
 .fini          0x0000000008000d68        0x4 d:/program files/st/stm32cubeide_1.7.0/stm32cubeide/plugins/com.st.stm32cube.ide.mcu.externaltools.gnu-tools-for-stm32.9-2020-q2-update.win32_2.0.0.202105311346/tools/bin/../lib/gcc/arm-none-eabi/9.3.1/thumb/v7-m/nofp/crti.o
                0x0000000008000d68                _fini
 .fini          0x0000000008000d6c        0x8 d:/program files/st/stm32cubeide_1.7.0/stm32cubeide/plugins/com.st.stm32cube.ide.mcu.externaltools.gnu-tools-for-stm32.9-2020-q2-update.win32_2.0.0.202105311346/tools/bin/../lib/gcc/arm-none-eabi/9.3.1/thumb/v7-m/nofp/crtn.o
                0x0000000008000d74                . = ALIGN (0x4)
                0x0000000008000d74                _etext = .

.vfp11_veneer   0x0000000008000d74        0x0
 .vfp11_veneer  0x0000000008000d74        0x0 linker stubs

.v4_bx          0x0000000008000d74        0x0
 .v4_bx         0x0000000008000d74        0x0 linker stubs

.iplt           0x0000000008000d74        0x0
 .iplt          0x0000000008000d74        0x0 d:/program files/st/stm32cubeide_1.7.0/stm32cubeide/plugins/com.st.stm32cube.ide.mcu.externaltools.gnu-tools-for-stm32.9-2020-q2-update.win32_2.0.0.202105311346/tools/bin/../lib/gcc/arm-none-eabi/9.3.1/thumb/v7-m/nofp/crtbegin.o

.rodata         0x0000000008000d74        0xc
                0x0000000008000d74                . = ALIGN (0x4)
 *(.rodata)
 .rodata        0x0000000008000d74        0xc ./Src/main.o
 *(.rodata*)
                0x0000000008000d80                . = ALIGN (0x4)

.rel.dyn        0x0000000008000d80        0x0
 .rel.iplt      0x0000000008000d80        0x0 d:/program files/st/stm32cubeide_1.7.0/stm32cubeide/plugins/com.st.stm32cube.ide.mcu.externaltools.gnu-tools-for-stm32.9-2020-q2-update.win32_2.0.0.202105311346/tools/bin/../lib/gcc/arm-none-eabi/9.3.1/thumb/v7-m/nofp/crtbegin.o

.ARM.extab      0x0000000008000d80        0x0
                0x0000000008000d80                . = ALIGN (0x4)
 *(.ARM.extab* .gnu.linkonce.armextab.*)
                0x0000000008000d80                . = ALIGN (0x4)

.ARM            0x0000000008000d80        0x0
                0x0000000008000d80                . = ALIGN (0x4)
                0x0000000008000d80                __exidx_start = .
 *(.ARM.exidx*)
                0x0000000008000d80                __exidx_end = .
                0x0000000008000d80                . = ALIGN (0x4)

.preinit_array  0x0000000008000d80        0x0
                0x0000000008000d80                . = ALIGN (0x4)
                0x0000000008000d80                PROVIDE (__preinit_array_start = .)
 *(.preinit_array*)
                0x0000000008000d80                PROVIDE (__preinit_array_end = .)
                0x0000000008000d80                . = ALIGN (0x4)

.init_array     0x0000000008000d80        0x4
                0x0000000008000d80                . = ALIGN (0x4)
                0x0000000008000d80                PROVIDE (__init_array_start = .)
 *(SORT_BY_NAME(.init_array.*))
 *(.init_array*)
 .init_array    0x0000000008000d80        0x4 d:/program files/st/stm32cubeide_1.7.0/stm32cubeide/plugins/com.st.stm32cube.ide.mcu.externaltools.gnu-tools-for-stm32.9-2020-q2-update.win32_2.0.0.202105311346/tools/bin/../lib/gcc/arm-none-eabi/9.3.1/thumb/v7-m/nofp/crtbegin.o
                0x0000000008000d84                PROVIDE (__init_array_end = .)
                0x0000000008000d84                . = ALIGN (0x4)

.fini_array     0x0000000008000d84        0x4
                0x0000000008000d84                . = ALIGN (0x4)
                [!provide]                        PROVIDE (__fini_array_start = .)
 *(SORT_BY_NAME(.fini_array.*))
 *(.fini_array*)
 .fini_array    0x0000000008000d84        0x4 d:/program files/st/stm32cubeide_1.7.0/stm32cubeide/plugins/com.st.stm32cube.ide.mcu.externaltools.gnu-tools-for-stm32.9-2020-q2-update.win32_2.0.0.202105311346/tools/bin/../lib/gcc/arm-none-eabi/9.3.1/thumb/v7-m/nofp/crtbegin.o
                [!provide]                        PROVIDE (__fini_array_end = .)
                0x0000000008000d88                . = ALIGN (0x4)
                0x0000000008000d88                _sidata = LOADADDR (.data)

.data           0x0000000020000000        0x0 load address 0x0000000008000d88
                0x0000000020000000                . = ALIGN (0x4)
                0x0000000020000000                _sdata = .
 *(.data)
 *(.data*)
 *(.RamFunc)
 *(.RamFunc*)
                0x0000000020000000                . = ALIGN (0x4)
                0x0000000020000000                _edata = .

.igot.plt       0x0000000020000000        0x0 load address 0x0000000008000d88
 .igot.plt      0x0000000020000000        0x0 d:/program files/st/stm32cubeide_1.7.0/stm32cubeide/plugins/com.st.stm32cube.ide.mcu.externaltools.gnu-tools-for-stm32.9-2020-q2-update.win32_2.0.0.202105311346/tools/bin/../lib/gcc/arm-none-eabi/9.3.1/thumb/v7-m/nofp/crtbegin.o
                0x0000000020000000                . = ALIGN (0x4)

.bss            0x0000000020000000       0x70 load address 0x0000000008000d88
                0x0000000020000000                _sbss = .
                0x0000000020000000                __bss_start__ = _sbss
 *(.bss)
 .bss           0x0000000020000000       0x1c d:/program files/st/stm32cubeide_1.7.0/stm32cubeide/plugins/com.st.stm32cube.ide.mcu.externaltools.gnu-tools-for-stm32.9-2020-q2-update.win32_2.0.0.202105311346/tools/bin/../lib/gcc/arm-none-eabi/9.3.1/thumb/v7-m/nofp/crtbegin.o
 *(.bss*)
 .bss.flag      0x000000002000001c        0x4 ./Src/main.o
                0x000000002000001c                flag
 .bss.GP_SPI    0x0000000020000020        0x8 ./stm32f103c6_ drivers/SPI/stm32f103c6_SPI_drivers.o
                0x0000000020000020                GP_SPI
 .bss.GL_USART_configs
                0x0000000020000028        0xc ./stm32f103c6_ drivers/USART/stm32f103c6_ USART_drivers.o
                0x0000000020000028                GL_USART_configs
 *(COMMON)
 COMMON         0x0000000020000034       0x3c ./stm32f103c6_ drivers/EXTI/stm32f103c6_ EXTI_drivers.o
                0x0000000020000034                Gp_IRQ_Callback
                0x0000000020000070                . = ALIGN (0x4)
                0x0000000020000070                _ebss = .
                0x0000000020000070                __bss_end__ = _ebss

._user_heap_stack
                0x0000000020000070      0x600 load address 0x0000000008000d88
                0x0000000020000070                . = ALIGN (0x8)
                [!provide]                        PROVIDE (end = .)
                0x0000000020000070                PROVIDE (_end = .)
                0x0000000020000270                . = (. + _Min_Heap_Size)
 *fill*         0x0000000020000070      0x200 
                0x0000000020000670                . = (. + _Min_Stack_Size)
 *fill*         0x0000000020000270      0x400 
                0x0000000020000670                . = ALIGN (0x8)

/DISCARD/
 libc.a(*)
 libm.a(*)
 libgcc.a(*)

.ARM.attributes
                0x0000000000000000       0x29
 *(.ARM.attributes)
 .ARM.attributes
                0x0000000000000000       0x1d d:/program files/st/stm32cubeide_1.7.0/stm32cubeide/plugins/com.st.stm32cube.ide.mcu.externaltools.gnu-tools-for-stm32.9-2020-q2-update.win32_2.0.0.202105311346/tools/bin/../lib/gcc/arm-none-eabi/9.3.1/thumb/v7-m/nofp/crti.o
 .ARM.attributes
                0x000000000000001d       0x2d d:/program files/st/stm32cubeide_1.7.0/stm32cubeide/plugins/com.st.stm32cube.ide.mcu.externaltools.gnu-tools-for-stm32.9-2020-q2-update.win32_2.0.0.202105311346/tools/bin/../lib/gcc/arm-none-eabi/9.3.1/thumb/v7-m/nofp/crtbegin.o
 .ARM.attributes
                0x000000000000004a       0x2d ./Src/main.o
 .ARM.attributes
                0x0000000000000077       0x21 ./Startup/startup_stm32f103c6tx.o
 .ARM.attributes
                0x0000000000000098       0x2d ./stm32f103c6_ drivers/EXTI/stm32f103c6_ EXTI_drivers.o
 .ARM.attributes
                0x00000000000000c5       0x2d ./stm32f103c6_ drivers/GPIO/stm32f103c6_GPIO_drivers.o
 .ARM.attributes
                0x00000000000000f2       0x2d ./stm32f103c6_ drivers/SPI/stm32f103c6_SPI_drivers.o
 .ARM.attributes
                0x000000000000011f       0x2d ./stm32f103c6_ drivers/USART/stm32f103c6_ USART_drivers.o
 .ARM.attributes
                0x000000000000014c       0x2d d:/program files/st/stm32cubeide_1.7.0/stm32cubeide/plugins/com.st.stm32cube.ide.mcu.externaltools.gnu-tools-for-stm32.9-2020-q2-update.win32_2.0.0.202105311346/tools/bin/../lib/gcc/arm-none-eabi/9.3.1/../../../../arm-none-eabi/lib/thumb/v7-m/nofp\libc_nano.a(lib_a-init.o)
 .ARM.attributes
                0x0000000000000179       0x1d d:/program files/st/stm32cubeide_1.7.0/stm32cubeide/plugins/com.st.stm32cube.ide.mcu.externaltools.gnu-tools-for-stm32.9-2020-q2-update.win32_2.0.0.202105311346/tools/bin/../lib/gcc/arm-none-eabi/9.3.1/thumb/v7-m/nofp/crtn.o
OUTPUT(Driver.axf elf32-littlearm)
LOAD linker stubs
LOAD d:/program files/st/stm32cubeide_1.7.0/stm32cubeide/plugins/com.st.stm32cube.ide.mcu.externaltools.gnu-tools-for-stm32.9-2020-q2-update.win32_2.0.0.202105311346/tools/bin/../lib/gcc/arm-none-eabi/9.3.1/../../../../arm-none-eabi/lib/thumb/v7-m/nofp\libc.a
LOAD d:/program files/st/stm32cubeide_1.7.0/stm32cubeide/plugins/com.st.stm32cube.ide.mcu.externaltools.gnu-tools-for-stm32.9-2020-q2-update.win32_2.0.0.202105311346/tools/bin/../lib/gcc/arm-none-eabi/9.3.1/../../../../arm-none-eabi/lib/thumb/v7-m/nofp\libm.a
LOAD d:/program files/st/stm32cubeide_1.7.0/stm32cubeide/plugins/com.st.stm32cube.ide.mcu.externaltools.gnu-tools-for-stm32.9-2020-q2-update.win32_2.0.0.202105311346/tools/bin/../lib/gcc/arm-none-eabi/9.3.1/thumb/v7-m/nofp\libgcc.a

.debug_info     0x0000000000000000     0x4b89
 .debug_info    0x0000000000000000      0xd85 ./Src/main.o
 .debug_info    0x0000000000000d85       0x22 ./Startup/startup_stm32f103c6tx.o
 .debug_info    0x0000000000000da7     0x10d2 ./stm32f103c6_ drivers/EXTI/stm32f103c6_ EXTI_drivers.o
 .debug_info    0x0000000000001e79      0xe1b ./stm32f103c6_ drivers/GPIO/stm32f103c6_GPIO_drivers.o
 .debug_info    0x0000000000002c94     0x1002 ./stm32f103c6_ drivers/SPI/stm32f103c6_SPI_drivers.o
 .debug_info    0x0000000000003c96      0xef3 ./stm32f103c6_ drivers/USART/stm32f103c6_ USART_drivers.o

.debug_abbrev   0x0000000000000000      0xbef
 .debug_abbrev  0x0000000000000000      0x22f ./Src/main.o
 .debug_abbrev  0x000000000000022f       0x12 ./Startup/startup_stm32f103c6tx.o
 .debug_abbrev  0x0000000000000241      0x26d ./stm32f103c6_ drivers/EXTI/stm32f103c6_ EXTI_drivers.o
 .debug_abbrev  0x00000000000004ae      0x262 ./stm32f103c6_ drivers/GPIO/stm32f103c6_GPIO_drivers.o
 .debug_abbrev  0x0000000000000710      0x29f ./stm32f103c6_ drivers/SPI/stm32f103c6_SPI_drivers.o
 .debug_abbrev  0x00000000000009af      0x240 ./stm32f103c6_ drivers/USART/stm32f103c6_ USART_drivers.o

.debug_loc      0x0000000000000000      0xdb4
 .debug_loc     0x0000000000000000      0x214 ./Src/main.o
 .debug_loc     0x0000000000000214      0x320 ./stm32f103c6_ drivers/EXTI/stm32f103c6_ EXTI_drivers.o
 .debug_loc     0x0000000000000534      0x330 ./stm32f103c6_ drivers/GPIO/stm32f103c6_GPIO_drivers.o
 .debug_loc     0x0000000000000864      0x2bc ./stm32f103c6_ drivers/SPI/stm32f103c6_SPI_drivers.o
 .debug_loc     0x0000000000000b20      0x294 ./stm32f103c6_ drivers/USART/stm32f103c6_ USART_drivers.o

.debug_aranges  0x0000000000000000      0x218
 .debug_aranges
                0x0000000000000000       0x58 ./Src/main.o
 .debug_aranges
                0x0000000000000058       0x28 ./Startup/startup_stm32f103c6tx.o
 .debug_aranges
                0x0000000000000080       0x80 ./stm32f103c6_ drivers/EXTI/stm32f103c6_ EXTI_drivers.o
 .debug_aranges
                0x0000000000000100       0x60 ./stm32f103c6_ drivers/GPIO/stm32f103c6_GPIO_drivers.o
 .debug_aranges
                0x0000000000000160       0x58 ./stm32f103c6_ drivers/SPI/stm32f103c6_SPI_drivers.o
 .debug_aranges
                0x00000000000001b8       0x60 ./stm32f103c6_ drivers/USART/stm32f103c6_ USART_drivers.o

.debug_ranges   0x0000000000000000      0x1c0
 .debug_ranges  0x0000000000000000       0x48 ./Src/main.o
 .debug_ranges  0x0000000000000048       0x20 ./Startup/startup_stm32f103c6tx.o
 .debug_ranges  0x0000000000000068       0x70 ./stm32f103c6_ drivers/EXTI/stm32f103c6_ EXTI_drivers.o
 .debug_ranges  0x00000000000000d8       0x50 ./stm32f103c6_ drivers/GPIO/stm32f103c6_GPIO_drivers.o
 .debug_ranges  0x0000000000000128       0x48 ./stm32f103c6_ drivers/SPI/stm32f103c6_SPI_drivers.o
 .debug_ranges  0x0000000000000170       0x50 ./stm32f103c6_ drivers/USART/stm32f103c6_ USART_drivers.o

.debug_macro    0x0000000000000000     0x2afe
 .debug_macro   0x0000000000000000      0x163 ./Src/main.o
 .debug_macro   0x0000000000000163      0xaa2 ./Src/main.o
 .debug_macro   0x0000000000000c05       0x18 ./Src/main.o
 .debug_macro   0x0000000000000c1d       0x22 ./Src/main.o
 .debug_macro   0x0000000000000c3f       0x4c ./Src/main.o
 .debug_macro   0x0000000000000c8b       0x94 ./Src/main.o
 .debug_macro   0x0000000000000d1f       0x3c ./Src/main.o
 .debug_macro   0x0000000000000d5b       0x34 ./Src/main.o
 .debug_macro   0x0000000000000d8f       0x16 ./Src/main.o
 .debug_macro   0x0000000000000da5      0x10e ./Src/main.o
 .debug_macro   0x0000000000000eb3       0x8d ./Src/main.o
 .debug_macro   0x0000000000000f40       0x16 ./Src/main.o
 .debug_macro   0x0000000000000f56       0x43 ./Src/main.o
 .debug_macro   0x0000000000000f99       0x57 ./Src/main.o
 .debug_macro   0x0000000000000ff0       0x34 ./Src/main.o
 .debug_macro   0x0000000000001024       0x10 ./Src/main.o
 .debug_macro   0x0000000000001034       0x58 ./Src/main.o
 .debug_macro   0x000000000000108c       0x71 ./Src/main.o
 .debug_macro   0x00000000000010fd       0x1c ./Src/main.o
 .debug_macro   0x0000000000001119      0x12a ./Src/main.o
 .debug_macro   0x0000000000001243      0x339 ./Src/main.o
 .debug_macro   0x000000000000157c       0x16 ./Src/main.o
 .debug_macro   0x0000000000001592       0x29 ./Src/main.o
 .debug_macro   0x00000000000015bb      0x103 ./Src/main.o
 .debug_macro   0x00000000000016be       0x6a ./Src/main.o
 .debug_macro   0x0000000000001728      0x1df ./Src/main.o
 .debug_macro   0x0000000000001907      0x6da ./Src/main.o
 .debug_macro   0x0000000000001fe1       0xd0 ./Src/main.o
 .debug_macro   0x00000000000020b1      0x241 ./Src/main.o
 .debug_macro   0x00000000000022f2      0x15f ./stm32f103c6_ drivers/EXTI/stm32f103c6_ EXTI_drivers.o
 .debug_macro   0x0000000000002451       0xd6 ./stm32f103c6_ drivers/EXTI/stm32f103c6_ EXTI_drivers.o
 .debug_macro   0x0000000000002527      0x14c ./stm32f103c6_ drivers/GPIO/stm32f103c6_GPIO_drivers.o
 .debug_macro   0x0000000000002673      0x16d ./stm32f103c6_ drivers/SPI/stm32f103c6_SPI_drivers.o
 .debug_macro   0x00000000000027e0       0xca ./stm32f103c6_ drivers/SPI/stm32f103c6_SPI_drivers.o
 .debug_macro   0x00000000000028aa      0x16c ./stm32f103c6_ drivers/USART/stm32f103c6_ USART_drivers.o
 .debug_macro   0x0000000000002a16       0xe8 ./stm32f103c6_ drivers/USART/stm32f103c6_ USART_drivers.o

.debug_line     0x0000000000000000     0x2ff9
 .debug_line    0x0000000000000000      0x773 ./Src/main.o
 .debug_line    0x0000000000000773       0x84 ./Startup/startup_stm32f103c6tx.o
 .debug_line    0x00000000000007f7      0xb15 ./stm32f103c6_ drivers/EXTI/stm32f103c6_ EXTI_drivers.o
 .debug_line    0x000000000000130c      0x930 ./stm32f103c6_ drivers/GPIO/stm32f103c6_GPIO_drivers.o
 .debug_line    0x0000000000001c3c      0xa44 ./stm32f103c6_ drivers/SPI/stm32f103c6_SPI_drivers.o
 .debug_line    0x0000000000002680      0x979 ./stm32f103c6_ drivers/USART/stm32f103c6_ USART_drivers.o

.debug_str      0x0000000000000000     0xc317
 .debug_str     0x0000000000000000     0xae78 ./Src/main.o
                                       0xb124 (size before relaxing)
 .debug_str     0x000000000000ae78       0x31 ./Startup/startup_stm32f103c6tx.o
                                         0x67 (size before relaxing)
 .debug_str     0x000000000000aea9      0x31c ./stm32f103c6_ drivers/EXTI/stm32f103c6_ EXTI_drivers.o
                                       0xb33a (size before relaxing)
 .debug_str     0x000000000000b1c5      0x111 ./stm32f103c6_ drivers/GPIO/stm32f103c6_GPIO_drivers.o
                                       0x9b70 (size before relaxing)
 .debug_str     0x000000000000b2d6      0x7cd ./stm32f103c6_ drivers/SPI/stm32f103c6_SPI_drivers.o
                                       0xa21f (size before relaxing)
 .debug_str     0x000000000000baa3      0x874 ./stm32f103c6_ drivers/USART/stm32f103c6_ USART_drivers.o
                                       0xa2d8 (size before relaxing)

.comment        0x0000000000000000       0x53
 .comment       0x0000000000000000       0x53 ./Src/main.o
                                         0x54 (size before relaxing)
 .comment       0x0000000000000053       0x54 ./stm32f103c6_ drivers/EXTI/stm32f103c6_ EXTI_drivers.o
 .comment       0x0000000000000053       0x54 ./stm32f103c6_ drivers/GPIO/stm32f103c6_GPIO_drivers.o
 .comment       0x0000000000000053       0x54 ./stm32f103c6_ drivers/SPI/stm32f103c6_SPI_drivers.o
 .comment       0x0000000000000053       0x54 ./stm32f103c6_ drivers/USART/stm32f103c6_ USART_drivers.o

.debug_frame    0x0000000000000000      0x6fc
 .debug_frame   0x0000000000000000      0x114 ./Src/main.o
 .debug_frame   0x0000000000000114      0x1b0 ./stm32f103c6_ drivers/EXTI/stm32f103c6_ EXTI_drivers.o
 .debug_frame   0x00000000000002c4      0x178 ./stm32f103c6_ drivers/GPIO/stm32f103c6_GPIO_drivers.o
 .debug_frame   0x000000000000043c      0x148 ./stm32f103c6_ drivers/SPI/stm32f103c6_SPI_drivers.o
 .debug_frame   0x0000000000000584      0x14c ./stm32f103c6_ drivers/USART/stm32f103c6_ USART_drivers.o
 .debug_frame   0x00000000000006d0       0x2c d:/program files/st/stm32cubeide_1.7.0/stm32cubeide/plugins/com.st.stm32cube.ide.mcu.externaltools.gnu-tools-for-stm32.9-2020-q2-update.win32_2.0.0.202105311346/tools/bin/../lib/gcc/arm-none-eabi/9.3.1/../../../../arm-none-eabi/lib/thumb/v7-m/nofp\libc_nano.a(lib_a-init.o)
